******************************************************************************
                  TI ARM Linker PC v18.12.2                    
******************************************************************************
>> Linked Sun Oct 20 04:42:48 2019

OUTPUT FILE NAME:   <CPE329.out>
ENTRY POINT SYMBOL: "_c_int00_noargs"  address: 000041c1


MEMORY CONFIGURATION

         name            origin    length      used     unused   attr    fill
----------------------  --------  ---------  --------  --------  ----  --------
  MAIN                  00000000   00040000  000045c9  0003ba37  R  X
  INFO                  00200000   00004000  00000000  00004000  R  X
  SRAM_CODE             01000000   00010000  000004c6  0000fb3a  RW X
  SRAM_DATA             20000000   00010000  000004c6  0000fb3a  RW  


SEGMENT ALLOCATION MAP

run origin  load origin   length   init length attrs members
----------  ----------- ---------- ----------- ----- -------
00000000    00000000    000045d0   000045d0    r-x
  00000000    00000000    000000e4   000000e4    r-- .intvecs
  000000e4    000000e4    00004244   00004244    r-x .text
  00004328    00004328    00000261   00000261    r-- .const
  00004590    00004590    00000040   00000040    r-- .cinit
20000000    20000000    000002c8   00000000    rw-
  20000000    20000000    000002b2   00000000    rw- .bss
  200002b4    200002b4    00000014   00000000    rw- .data
2000fe00    2000fe00    00000200   00000000    rw-
  2000fe00    2000fe00    00000200   00000000    rw- .stack


SECTION ALLOCATION MAP

 output                                  attributes/
section   page    origin      length       input sections
--------  ----  ----------  ----------   ----------------
.intvecs   0    00000000    000000e4     
                  00000000    000000e4     startup_msp432p401r_ccs.obj (.intvecs:retain)

.text      0    000000e4    00004244     
                  000000e4    00000a4e     rtsv7M4_T_le_v4SPD16_eabi.lib : _printfi.c.obj (.text:__TI_printfi)
                  00000b32    00000002                                   : div0.asm.obj (.text)
                  00000b34    00000738                                   : k_rem_pio2.c.obj (.text:__kernel_rem_pio2)
                  0000126c    000005c4                                   : s_sin.c.obj (.text:sin)
                  00001830    00000334     system_msp432p401r.obj (.text)
                  00001b64    000002bc     CPE329.obj (.text)
                  00001e20    00000278     Function_Generator.obj (.text)
                  00002098    00000270     rtsv7M4_T_le_v4SPD16_eabi.lib : _printfi.c.obj (.text:_pconv_a)
                  00002308    0000020c     LCD.obj (.text)
                  00002514    000001d0     rtsv7M4_T_le_v4SPD16_eabi.lib : _printfi.c.obj (.text:_pconv_g)
                  000026e4    000001b6                                   : fd_add_t2.asm.obj (.text)
                  0000289a    00000002     --HOLE-- [fill = 0]
                  0000289c    000001ac     ISR.obj (.text)
                  00002a48    000001a0     delay_us.obj (.text)
                  00002be8    00000174     rtsv7M4_T_le_v4SPD16_eabi.lib : k_sin.c.obj (.text:__kernel_sin)
                  00002d5c    0000016c                                   : k_cos.c.obj (.text:__kernel_cos)
                  00002ec8    0000013c                                   : _printfi.c.obj (.text:_pconv_e)
                  00003004    00000138     SPI.obj (.text)
                  0000313c    00000136     rtsv7M4_T_le_v4SPD16_eabi.lib : fd_div_t2.asm.obj (.text)
                  00003272    00000002     --HOLE-- [fill = 0]
                  00003274    00000124                                   : _printfi.c.obj (.text:fcvt)
                  00003398    00000110                                   : s_scalbn.c.obj (.text:scalbn)
                  000034a8    0000010c     millis.obj (.text)
                  000035b4    000000fc     rtsv7M4_T_le_v4SPD16_eabi.lib : fd_mul_t2.asm.obj (.text)
                  000036b0    000000f8                                   : s_floor.c.obj (.text:floor)
                  000037a8    000000f0     Keypad.obj (.text)
                  00003898    000000d0     set_DCO.obj (.text)
                  00003968    000000b1     rtsv7M4_T_le_v4SPD16_eabi.lib : _printfi.c.obj (.text:_ltostr)
                  00003a19    00000001     --HOLE-- [fill = 0]
                  00003a1a    0000009c                                   : memcpy_t2.asm.obj (.text)
                  00003ab6    00000002     --HOLE-- [fill = 0]
                  00003ab8    00000098     Timer_A0.obj (.text)
                  00003b50    00000096     rtsv7M4_T_le_v4SPD16_eabi.lib : ull_div_t2.asm.obj (.text)
                  00003be6    00000086                                   : fd_cmp_t2.asm.obj (.text:__aeabi_cdcmple)
                  00003c6c    00000086                                   : fd_cmp_t2.asm.obj (.text:__aeabi_cdrcmple)
                  00003cf2    0000007a                                   : memset_t2.asm.obj (.text)
                  00003d6c    0000006e                                   : _printfi.c.obj (.text:_mcpy)
                  00003dda    00000068                                   : copy_decompress_lzss.c.obj (.text:decompress:lzss:__TI_decompress_lzss)
                  00003e42    00000002     --HOLE-- [fill = 0]
                  00003e44    00000064                                   : s_frexp.c.obj (.text:frexp)
                  00003ea8    00000056                                   : _printfi.c.obj (.text:_pconv_f)
                  00003efe    00000054                                   : ltoa.c.obj (.text:ltoa)
                  00003f52    00000052                                   : _printfi.c.obj (.text:_ecpy)
                  00003fa4    0000004c                                   : atoi.c.obj (.text:atoi)
                  00003ff0    00000048     LED_blinky.obj (.text)
                  00004038    00000048     rtsv7M4_T_le_v4SPD16_eabi.lib : fd_toi_t2.asm.obj (.text)
                  00004080    00000044                                   : autoinit.c.obj (.text:__TI_auto_init_nobinit_nopinit:__TI_auto_init_nobinit_nopinit)
                  000040c4    00000044                                   : fd_tou_t2.asm.obj (.text)
                  00004108    00000040                                   : sprintf.c.obj (.text:sprintf)
                  00004148    0000003e                                   : _printfi.c.obj (.text:_fcpy)
                  00004186    00000038                                   : fs_tod_t2.asm.obj (.text)
                  000041be    00000002     --HOLE-- [fill = 0]
                  000041c0    00000034                                   : boot_cortex_m.c.obj (.text:_c_int00_noargs:_c_int00_noargs)
                  000041f4    0000002e                                   : i_tofd_t2.asm.obj (.text)
                  00004222    00000020                                   : u_tofd_t2.asm.obj (.text)
                  00004242    0000001c                                   : copy_zero_init.c.obj (.text:decompress:ZI:__TI_zero_init_nomemset:__TI_zero_init_nomemset)
                  0000425e    0000001c                                   : memccpy.c.obj (.text:memccpy)
                  0000427a    0000001a                                   : s_copysign.c.obj (.text:copysign)
                  00004294    00000018                                   : sprintf.c.obj (.text:_outs)
                  000042ac    00000016                                   : strchr.c.obj (.text:strchr)
                  000042c2    00000014                                   : strlen.c.obj (.text:strlen)
                  000042d6    00000012                                   : wcslen.c.obj (.text:wcslen)
                  000042e8    0000000e                                   : copy_decompress_none.c.obj (.text:decompress:none:__TI_decompress_none)
                  000042f6    0000000e     startup_msp432p401r_ccs.obj (.text)
                  00004304    0000000a     rtsv7M4_T_le_v4SPD16_eabi.lib : sprintf.c.obj (.text:_outc)
                  0000430e    00000002     --HOLE-- [fill = 0]
                  00004310    00000008                                   : errno.c.obj (.text:__aeabi_errno_addr)
                  00004318    00000008     main.obj (.text)
                  00004320    00000004     rtsv7M4_T_le_v4SPD16_eabi.lib : pre_init.c.obj (.text:_system_pre_init)
                  00004324    00000004                                   : exit.c.obj (.text:abort:abort)

.const     0    00004328    00000261     
                  00004328    00000158     rtsv7M4_T_le_v4SPD16_eabi.lib : k_rem_pio2.c.obj (.const:$O1$$)
                  00004480    00000101                                   : ctype.c.obj (.const:.string:_ctypes_)
                  00004581    00000005     CPE329.obj (.const:.string:$P$T1$2)
                  00004586    00000003     CPE329.obj (.const:.string:$P$T0$1)

.cinit     0    00004590    00000040     
                  00004590    00000019     (.cinit..data.load) [load image, compression = lzss]
                  000045a9    00000003     --HOLE-- [fill = 0]
                  000045ac    0000000c     (__TI_handler_table)
                  000045b8    00000008     (.cinit..bss.load) [load image, compression = zero_init]
                  000045c0    00000010     (__TI_cinit_table)

.init_array 
*          0    00000000    00000000     UNINITIALIZED

.binit     0    00000000    00000000     

.bss       0    20000000    000002b2     UNINITIALIZED
                  20000000    00000274     (.common:sine_bit)
                  20000274    0000000a     Function_Generator.obj (.bss)
                  2000027e    00000002     (.common:_CCR_bit)
                  20000280    00000008     (.common:_millis)
                  20000288    00000008     (.common:time_diff_str)
                  20000290    00000006     SPI.obj (.bss)
                  20000296    00000002     (.common:_freq)
                  20000298    00000004     Timer_A0.obj (.bss)
                  2000029c    00000004     millis.obj (.bss)
                  200002a0    00000004     (.common:delay_time)
                  200002a4    00000004     (.common:i)
                  200002a8    00000004     (.common:time_P1)
                  200002ac    00000002     (.common:voltage_bit)
                  200002ae    00000001     ISR.obj (.bss)
                  200002af    00000001     Keypad.obj (.bss)
                  200002b0    00000001     (.common:_DutyCycle)
                  200002b1    00000001     (.common:_waveform)

.data      0    200002b4    00000014     UNINITIALIZED
                  200002b4    0000000c     Keypad.obj (.data:keypad_matrix)
                  200002c0    00000004     rtsv7M4_T_le_v4SPD16_eabi.lib : errno.c.obj (.data)
                  200002c4    00000004     system_msp432p401r.obj (.data)

.stack     0    2000fe00    00000200     UNINITIALIZED
                  2000fe00    00000004     rtsv7M4_T_le_v4SPD16_eabi.lib : boot_cortex_m.c.obj (.stack)
                  2000fe04    000001fc     --HOLE--

MODULE SUMMARY

       Module                        code    ro data   rw data
       ------                        ----    -------   -------
    .\
       Function_Generator.obj        632     0         1288   
       system_msp432p401r.obj        820     0         8      
       CPE329.obj                    700     8         12     
       LCD.obj                       524     0         0      
       ISR.obj                       428     0         26     
       delay_us.obj                  416     0         8      
       SPI.obj                       312     0         12     
       millis.obj                    268     0         24     
       Keypad.obj                    240     0         26     
       startup_msp432p401r_ccs.obj   14      228       0      
       set_DCO.obj                   208     0         0      
       Timer_A0.obj                  152     0         8      
       LED_blinky.obj                72      0         0      
       main.obj                      8       0         0      
    +--+-----------------------------+-------+---------+---------+
       Total:                        4794    236       1412   
                                                              
    C:\ti\ccs910\ccs\tools\compiler\ti-cgt-arm_18.12.2.LTS\lib\rtsv7M4_T_le_v4SPD16_eabi.lib
       _printfi.c.obj                4851    0         0      
       k_rem_pio2.c.obj              1848    344       0      
       s_sin.c.obj                   1476    0         0      
       fd_add_t2.asm.obj             438     0         0      
       k_sin.c.obj                   372     0         0      
       k_cos.c.obj                   364     0         0      
       fd_div_t2.asm.obj             310     0         0      
       s_scalbn.c.obj                272     0         0      
       fd_cmp_t2.asm.obj             268     0         0      
       ctype.c.obj                   0       257       0      
       fd_mul_t2.asm.obj             252     0         0      
       s_floor.c.obj                 248     0         0      
       memcpy_t2.asm.obj             156     0         0      
       ull_div_t2.asm.obj            150     0         0      
       memset_t2.asm.obj             122     0         0      
       copy_decompress_lzss.c.obj    104     0         0      
       s_frexp.c.obj                 100     0         0      
       sprintf.c.obj                 98      0         0      
       ltoa.c.obj                    84      0         0      
       atoi.c.obj                    76      0         0      
       fd_toi_t2.asm.obj             72      0         0      
       autoinit.c.obj                68      0         0      
       fd_tou_t2.asm.obj             68      0         0      
       fs_tod_t2.asm.obj             56      0         0      
       boot_cortex_m.c.obj           52      0         0      
       i_tofd_t2.asm.obj             46      0         0      
       u_tofd_t2.asm.obj             32      0         0      
       copy_zero_init.c.obj          28      0         0      
       memccpy.c.obj                 28      0         0      
       s_copysign.c.obj              26      0         0      
       strchr.c.obj                  22      0         0      
       strlen.c.obj                  20      0         0      
       wcslen.c.obj                  18      0         0      
       errno.c.obj                   8       0         8      
       copy_decompress_none.c.obj    14      0         0      
       exit.c.obj                    4       0         0      
       pre_init.c.obj                4       0         0      
       div0.asm.obj                  2       0         0      
    +--+-----------------------------+-------+---------+---------+
       Total:                        12157   601       8      
                                                              
       Stack:                        0       0         1024   
       Linker Generated:             0       61        0      
    +--+-----------------------------+-------+---------+---------+
       Grand Total:                  16951   898       2444   


LINKER GENERATED COPY TABLES

__TI_cinit_table @ 000045c0 records: 2, size/record: 8, table size: 16
	.data: load addr=00004590, load size=00000019 bytes, run addr=200002b4, run size=00000014 bytes, compression=lzss
	.bss: load addr=000045b8, load size=00000008 bytes, run addr=20000000, run size=000002b2 bytes, compression=zero_init


LINKER GENERATED HANDLER TABLE

__TI_handler_table @ 000045ac records: 3, size/record: 4, table size: 12
	index: 0, handler: __TI_decompress_lzss
	index: 1, handler: __TI_decompress_none
	index: 2, handler: __TI_zero_init


GLOBAL SYMBOLS: SORTED ALPHABETICALLY BY Name 

address   name                          
-------   ----                          
00004303  ADC14_IRQHandler              
00004303  AES256_IRQHandler             
00001ce7  Assignment_2                  
00001cc7  Assignment_3                  
00001c93  Assignment_4                  
00001c63  Assignment_5                  
00001c4b  Assignment_7                  
00004303  BusFault_Handler              
00004325  C$$EXIT                       
00004303  COMP_E0_IRQHandler            
00004303  COMP_E1_IRQHandler            
00004303  CS_IRQHandler                 
00002309  Clear_LCD                     
00003005  DAC_output                    
00004303  DMA_ERR_IRQHandler            
00004303  DMA_INT0_IRQHandler           
00004303  DMA_INT1_IRQHandler           
00004303  DMA_INT2_IRQHandler           
00004303  DMA_INT3_IRQHandler           
00004303  DebugMon_Handler              
00004303  Default_Handler               
000030c7  EUSCIA0_IRQHandler            
000030c7  EUSCIA0_IRQHandler            
00004303  EUSCIA1_IRQHandler            
00004303  EUSCIA2_IRQHandler            
00004303  EUSCIA3_IRQHandler            
00004303  EUSCIB0_IRQHandler            
00004303  EUSCIB1_IRQHandler            
00004303  EUSCIB2_IRQHandler            
00004303  EUSCIB3_IRQHandler            
00003093  EUSCI_B0_setup                
00004303  FLCTL_IRQHandler              
00004303  FPU_IRQHandler                
00001e21  FuncGen_setup                 
00004303  HardFault_Handler             
0000231b  Home_LCD                      
000028f7  ISER_SEL                      
00003857  Init_KEYPAD                   
0000240f  Init_LCD                      
00001d59  Japanese_LCD_GIF              
00003ff1  LED_SETUP                     
000038e1  MCLK_out                      
00004303  MemManage_Handler             
00004303  NMI_Handler                   
00004303  PCM_IRQHandler                
0000292d  PORT1_IRQHandler              
0000292d  PORT1_IRQHandler              
00004303  PORT2_IRQHandler              
00004303  PORT3_IRQHandler              
00004303  PORT4_IRQHandler              
00004303  PORT5_IRQHandler              
00004303  PORT6_IRQHandler              
00004303  PSS_IRQHandler                
00004303  PendSV_Handler                
00001b65  Project_2                     
00004303  RTC_C_IRQHandler              
000042f7  Reset_Handler                 
00004303  SVC_Handler                   
00004303  SysTick_Handler               
200002c4  SystemCoreClock               
00001831  SystemCoreClockUpdate         
00001aa9  SystemInit                    
00004303  T32_INT1_IRQHandler           
00004303  T32_INT2_IRQHandler           
00004303  T32_INTC_IRQHandler           
00003ae5  TA0_0_IRQHandler              
00003ae5  TA0_0_IRQHandler              
000029c9  TA0_N_IRQHandler              
000029c9  TA0_N_IRQHandler              
00001f81  TA1_0_IRQHandler              
00001f81  TA1_0_IRQHandler              
00004303  TA1_N_IRQHandler              
00004303  TA2_0_IRQHandler              
00004303  TA2_N_IRQHandler              
00003569  TA3_0_IRQHandler              
00003569  TA3_0_IRQHandler              
00004303  TA3_N_IRQHandler              
00001d1d  Timer_class_example           
00004303  UsageFault_Handler            
4000480c  WDTCTL_SYM                    
00004303  WDT_A_IRQHandler              
00002395  Write_char_LCD                
000023c1  Write_string_LCD              
2000027e  _CCR_bit                      
200002b0  _DutyCycle                    
20010000  __STACK_END                   
00000200  __STACK_SIZE                  
000045c0  __TI_CINIT_Base               
000045d0  __TI_CINIT_Limit              
000045ac  __TI_Handler_Table_Base       
000045b8  __TI_Handler_Table_Limit      
00004081  __TI_auto_init_nobinit_nopinit
00003ddb  __TI_decompress_lzss          
000042e9  __TI_decompress_none          
ffffffff  __TI_pprof_out_hndl           
000000e5  __TI_printfi                  
ffffffff  __TI_prof_data_size           
ffffffff  __TI_prof_data_start          
00000000  __TI_static_base__            
00004243  __TI_zero_init_nomemset       
00003be7  __aeabi_cdcmpeq               
00003be7  __aeabi_cdcmple               
00003c6d  __aeabi_cdrcmple              
00004039  __aeabi_d2iz                  
000040c5  __aeabi_d2uiz                 
000026ef  __aeabi_dadd                  
0000313d  __aeabi_ddiv                  
000035b5  __aeabi_dmul                  
000026e5  __aeabi_dsub                  
00004311  __aeabi_errno_addr            
00004187  __aeabi_f2d                   
000041f5  __aeabi_i2d                   
00000b33  __aeabi_idiv0                 
00000b33  __aeabi_ldiv0                 
00003cf3  __aeabi_memclr                
00003cf3  __aeabi_memclr4               
00003cf3  __aeabi_memclr8               
00003a1b  __aeabi_memcpy                
00003a1b  __aeabi_memcpy4               
00003a1b  __aeabi_memcpy8               
00003cf5  __aeabi_memset                
00003cf5  __aeabi_memset4               
00003cf5  __aeabi_memset8               
00004223  __aeabi_ui2d                  
00003b51  __aeabi_uldivmod              
ffffffff  __binit__                     
ffffffff  __c_args__                    
00002d5d  __kernel_cos                  
00000b35  __kernel_rem_pio2             
00002be9  __kernel_sin                  
UNDEFED   __mpu_init                    
2000fe00  __stack                       
000041c1  _c_int00_noargs               
00004480  _ctypes_                      
20000296  _freq                         
20000280  _millis                       
UNDEFED   _system_post_cinit            
00004321  _system_pre_init              
200002b1  _waveform                     
00004325  abort                         
00003fa5  atoi                          
ffffffff  binit                         
000023df  check_busy                    
000030cd  clear_EUSCI_B0_reg            
0000232d  command                       
0000427b  copysign                      
0000427b  copysignl                     
00002a5d  delay_ms                      
00002a49  delay_s                       
200002a0  delay_time                    
00002a6f  delay_us                      
0000289d  enable_ISR                    
200002c0  errno                         
000036b1  floor                         
000036b1  floorl                        
00003e45  frexp                         
00003e45  frexpl                        
200002a4  i                             
00000000  interruptVectors              
200002b4  keypad_matrix                 
00003399  ldexp                         
00003399  ldexpl                        
00003eff  ltoa                          
00004319  main                          
0000425f  memccpy                       
00003a1b  memcpy                        
00003cfb  memset                        
000034a9  millis                        
00002359  read_trigger                  
00002a85  run_delay_us                  
00003399  scalbn                        
00003399  scalbnl                       
000037a9  scan_key                      
00003899  set_DCO                       
00003901  set_Vcore                     
000024b1  set_cursor                    
00002aa5  set_delay                     
00003919  set_flash_controller          
0000126d  sin                           
20000000  sine_bit                      
0000126d  sinl                          
00004109  sprintf                       
000042ad  strchr                        
000042c3  strlen                        
00001db1  test_int_char                 
200002a8  time_P1                       
20000288  time_diff_str                 
00003ab9  timerA0_setup                 
200002ac  voltage_bit                   
000042d7  wcslen                        
00002377  write_trigger                 


GLOBAL SYMBOLS: SORTED BY Symbol Address 

address   name                          
-------   ----                          
00000000  __TI_static_base__            
00000000  interruptVectors              
000000e5  __TI_printfi                  
00000200  __STACK_SIZE                  
00000b33  __aeabi_idiv0                 
00000b33  __aeabi_ldiv0                 
00000b35  __kernel_rem_pio2             
0000126d  sin                           
0000126d  sinl                          
00001831  SystemCoreClockUpdate         
00001aa9  SystemInit                    
00001b65  Project_2                     
00001c4b  Assignment_7                  
00001c63  Assignment_5                  
00001c93  Assignment_4                  
00001cc7  Assignment_3                  
00001ce7  Assignment_2                  
00001d1d  Timer_class_example           
00001d59  Japanese_LCD_GIF              
00001db1  test_int_char                 
00001e21  FuncGen_setup                 
00001f81  TA1_0_IRQHandler              
00001f81  TA1_0_IRQHandler              
00002309  Clear_LCD                     
0000231b  Home_LCD                      
0000232d  command                       
00002359  read_trigger                  
00002377  write_trigger                 
00002395  Write_char_LCD                
000023c1  Write_string_LCD              
000023df  check_busy                    
0000240f  Init_LCD                      
000024b1  set_cursor                    
000026e5  __aeabi_dsub                  
000026ef  __aeabi_dadd                  
0000289d  enable_ISR                    
000028f7  ISER_SEL                      
0000292d  PORT1_IRQHandler              
0000292d  PORT1_IRQHandler              
000029c9  TA0_N_IRQHandler              
000029c9  TA0_N_IRQHandler              
00002a49  delay_s                       
00002a5d  delay_ms                      
00002a6f  delay_us                      
00002a85  run_delay_us                  
00002aa5  set_delay                     
00002be9  __kernel_sin                  
00002d5d  __kernel_cos                  
00003005  DAC_output                    
00003093  EUSCI_B0_setup                
000030c7  EUSCIA0_IRQHandler            
000030c7  EUSCIA0_IRQHandler            
000030cd  clear_EUSCI_B0_reg            
0000313d  __aeabi_ddiv                  
00003399  ldexp                         
00003399  ldexpl                        
00003399  scalbn                        
00003399  scalbnl                       
000034a9  millis                        
00003569  TA3_0_IRQHandler              
00003569  TA3_0_IRQHandler              
000035b5  __aeabi_dmul                  
000036b1  floor                         
000036b1  floorl                        
000037a9  scan_key                      
00003857  Init_KEYPAD                   
00003899  set_DCO                       
000038e1  MCLK_out                      
00003901  set_Vcore                     
00003919  set_flash_controller          
00003a1b  __aeabi_memcpy                
00003a1b  __aeabi_memcpy4               
00003a1b  __aeabi_memcpy8               
00003a1b  memcpy                        
00003ab9  timerA0_setup                 
00003ae5  TA0_0_IRQHandler              
00003ae5  TA0_0_IRQHandler              
00003b51  __aeabi_uldivmod              
00003be7  __aeabi_cdcmpeq               
00003be7  __aeabi_cdcmple               
00003c6d  __aeabi_cdrcmple              
00003cf3  __aeabi_memclr                
00003cf3  __aeabi_memclr4               
00003cf3  __aeabi_memclr8               
00003cf5  __aeabi_memset                
00003cf5  __aeabi_memset4               
00003cf5  __aeabi_memset8               
00003cfb  memset                        
00003ddb  __TI_decompress_lzss          
00003e45  frexp                         
00003e45  frexpl                        
00003eff  ltoa                          
00003fa5  atoi                          
00003ff1  LED_SETUP                     
00004039  __aeabi_d2iz                  
00004081  __TI_auto_init_nobinit_nopinit
000040c5  __aeabi_d2uiz                 
00004109  sprintf                       
00004187  __aeabi_f2d                   
000041c1  _c_int00_noargs               
000041f5  __aeabi_i2d                   
00004223  __aeabi_ui2d                  
00004243  __TI_zero_init_nomemset       
0000425f  memccpy                       
0000427b  copysign                      
0000427b  copysignl                     
000042ad  strchr                        
000042c3  strlen                        
000042d7  wcslen                        
000042e9  __TI_decompress_none          
000042f7  Reset_Handler                 
00004303  ADC14_IRQHandler              
00004303  AES256_IRQHandler             
00004303  BusFault_Handler              
00004303  COMP_E0_IRQHandler            
00004303  COMP_E1_IRQHandler            
00004303  CS_IRQHandler                 
00004303  DMA_ERR_IRQHandler            
00004303  DMA_INT0_IRQHandler           
00004303  DMA_INT1_IRQHandler           
00004303  DMA_INT2_IRQHandler           
00004303  DMA_INT3_IRQHandler           
00004303  DebugMon_Handler              
00004303  Default_Handler               
00004303  EUSCIA1_IRQHandler            
00004303  EUSCIA2_IRQHandler            
00004303  EUSCIA3_IRQHandler            
00004303  EUSCIB0_IRQHandler            
00004303  EUSCIB1_IRQHandler            
00004303  EUSCIB2_IRQHandler            
00004303  EUSCIB3_IRQHandler            
00004303  FLCTL_IRQHandler              
00004303  FPU_IRQHandler                
00004303  HardFault_Handler             
00004303  MemManage_Handler             
00004303  NMI_Handler                   
00004303  PCM_IRQHandler                
00004303  PORT2_IRQHandler              
00004303  PORT3_IRQHandler              
00004303  PORT4_IRQHandler              
00004303  PORT5_IRQHandler              
00004303  PORT6_IRQHandler              
00004303  PSS_IRQHandler                
00004303  PendSV_Handler                
00004303  RTC_C_IRQHandler              
00004303  SVC_Handler                   
00004303  SysTick_Handler               
00004303  T32_INT1_IRQHandler           
00004303  T32_INT2_IRQHandler           
00004303  T32_INTC_IRQHandler           
00004303  TA1_N_IRQHandler              
00004303  TA2_0_IRQHandler              
00004303  TA2_N_IRQHandler              
00004303  TA3_N_IRQHandler              
00004303  UsageFault_Handler            
00004303  WDT_A_IRQHandler              
00004311  __aeabi_errno_addr            
00004319  main                          
00004321  _system_pre_init              
00004325  C$$EXIT                       
00004325  abort                         
00004480  _ctypes_                      
000045ac  __TI_Handler_Table_Base       
000045b8  __TI_Handler_Table_Limit      
000045c0  __TI_CINIT_Base               
000045d0  __TI_CINIT_Limit              
20000000  sine_bit                      
2000027e  _CCR_bit                      
20000280  _millis                       
20000288  time_diff_str                 
20000296  _freq                         
200002a0  delay_time                    
200002a4  i                             
200002a8  time_P1                       
200002ac  voltage_bit                   
200002b0  _DutyCycle                    
200002b1  _waveform                     
200002b4  keypad_matrix                 
200002c0  errno                         
200002c4  SystemCoreClock               
2000fe00  __stack                       
20010000  __STACK_END                   
4000480c  WDTCTL_SYM                    
ffffffff  __TI_pprof_out_hndl           
ffffffff  __TI_prof_data_size           
ffffffff  __TI_prof_data_start          
ffffffff  __binit__                     
ffffffff  __c_args__                    
ffffffff  binit                         
UNDEFED   __mpu_init                    
UNDEFED   _system_post_cinit            

[191 symbols]
