******************************************************************************
                  TI ARM Linker PC v18.12.2                    
******************************************************************************
>> Linked Thu Oct 10 19:03:03 2019

OUTPUT FILE NAME:   <CPE329.out>
ENTRY POINT SYMBOL: "_c_int00_noargs"  address: 00002761


MEMORY CONFIGURATION

         name            origin    length      used     unused   attr    fill
----------------------  --------  ---------  --------  --------  ----  --------
  MAIN                  00000000   00040000  000029f1  0003d60f  R  X
  INFO                  00200000   00004000  00000000  00004000  R  X
  SRAM_CODE             01000000   00010000  0000022d  0000fdd3  RW X
  SRAM_DATA             20000000   00010000  0000022d  0000fdd3  RW  


SEGMENT ALLOCATION MAP

run origin  load origin   length   init length attrs members
----------  ----------- ---------- ----------- ----- -------
00000000    00000000    000029f8   000029f8    r-x
  00000000    00000000    000000e4   000000e4    r-- .intvecs
  000000e4    000000e4    000027dc   000027dc    r-x .text
  000028c0    000028c0    00000101   00000101    r-- .const
  000029c8    000029c8    00000030   00000030    r-- .cinit
20000000    20000000    00000030   00000000    rw-
  20000000    20000000    00000021   00000000    rw- .bss
  20000024    20000024    0000000c   00000000    rw- .data
2000fe00    2000fe00    00000200   00000000    rw-
  2000fe00    2000fe00    00000200   00000000    rw- .stack


SECTION ALLOCATION MAP

 output                                  attributes/
section   page    origin      length       input sections
--------  ----  ----------  ----------   ----------------
.intvecs   0    00000000    000000e4     
                  00000000    000000e4     startup_msp432p401r_ccs.obj (.intvecs:retain)

.text      0    000000e4    000027dc     
                  000000e4    00000a4e     rtsv7M4_T_le_v4SPD16_eabi.lib : _printfi.c.obj (.text:__TI_printfi)
                  00000b32    00000002                                   : div0.asm.obj (.text)
                  00000b34    00000334     system_msp432p401r.obj (.text)
                  00000e68    00000270     rtsv7M4_T_le_v4SPD16_eabi.lib : _printfi.c.obj (.text:_pconv_a)
                  000010d8    00000208     LCD.obj (.text)
                  000012e0    000001d0     rtsv7M4_T_le_v4SPD16_eabi.lib : _printfi.c.obj (.text:_pconv_g)
                  000014b0    000001b6                                   : fd_add_t2.asm.obj (.text)
                  00001666    00000002     --HOLE-- [fill = 0]
                  00001668    000001ac     ISR.obj (.text)
                  00001814    000001a0     delay_us.obj (.text)
                  000019b4    0000013c     rtsv7M4_T_le_v4SPD16_eabi.lib : _printfi.c.obj (.text:_pconv_e)
                  00001af0    00000136                                   : fd_div_t2.asm.obj (.text)
                  00001c26    00000002     --HOLE-- [fill = 0]
                  00001c28    00000124                                   : _printfi.c.obj (.text:fcvt)
                  00001d4c    00000110                                   : s_scalbn.c.obj (.text:scalbn)
                  00001e5c    000000fc                                   : fd_mul_t2.asm.obj (.text)
                  00001f58    000000b1                                   : _printfi.c.obj (.text:_ltostr)
                  00002009    00000001     --HOLE-- [fill = 0]
                  0000200a    0000009c                                   : memcpy_t2.asm.obj (.text)
                  000020a6    00000096                                   : ull_div_t2.asm.obj (.text)
                  0000213c    00000086                                   : fd_cmp_t2.asm.obj (.text:__aeabi_cdcmple)
                  000021c2    00000086                                   : fd_cmp_t2.asm.obj (.text:__aeabi_cdrcmple)
                  00002248    0000007a                                   : memset_t2.asm.obj (.text)
                  000022c2    00000002     --HOLE-- [fill = 0]
                  000022c4    00000070     millis.obj (.text)
                  00002334    0000006e     rtsv7M4_T_le_v4SPD16_eabi.lib : _printfi.c.obj (.text:_mcpy)
                  000023a2    00000068                                   : copy_decompress_lzss.c.obj (.text:decompress:lzss:__TI_decompress_lzss)
                  0000240a    00000002     --HOLE-- [fill = 0]
                  0000240c    00000064                                   : s_frexp.c.obj (.text:frexp)
                  00002470    00000058     main.obj (.text)
                  000024c8    00000056     rtsv7M4_T_le_v4SPD16_eabi.lib : _printfi.c.obj (.text:_pconv_f)
                  0000251e    00000054                                   : ltoa.c.obj (.text:ltoa)
                  00002572    00000052                                   : _printfi.c.obj (.text:_ecpy)
                  000025c4    0000004c                                   : atoi.c.obj (.text:atoi)
                  00002610    00000048                                   : fd_toi_t2.asm.obj (.text)
                  00002658    00000044                                   : autoinit.c.obj (.text:__TI_auto_init_nobinit_nopinit:__TI_auto_init_nobinit_nopinit)
                  0000269c    00000044                                   : fd_tou_t2.asm.obj (.text)
                  000026e0    00000040                                   : sprintf.c.obj (.text:sprintf)
                  00002720    0000003e                                   : _printfi.c.obj (.text:_fcpy)
                  0000275e    00000002     --HOLE-- [fill = 0]
                  00002760    00000034                                   : boot_cortex_m.c.obj (.text:_c_int00_noargs:_c_int00_noargs)
                  00002794    0000002e                                   : i_tofd_t2.asm.obj (.text)
                  000027c2    00000020                                   : u_tofd_t2.asm.obj (.text)
                  000027e2    0000001c                                   : copy_zero_init.c.obj (.text:decompress:ZI:__TI_zero_init_nomemset:__TI_zero_init_nomemset)
                  000027fe    0000001c                                   : memccpy.c.obj (.text:memccpy)
                  0000281a    0000001a                                   : s_copysign.c.obj (.text:copysign)
                  00002834    00000018                                   : sprintf.c.obj (.text:_outs)
                  0000284c    00000016                                   : strchr.c.obj (.text:strchr)
                  00002862    00000014                                   : strlen.c.obj (.text:strlen)
                  00002876    00000012                                   : wcslen.c.obj (.text:wcslen)
                  00002888    0000000e                                   : copy_decompress_none.c.obj (.text:decompress:none:__TI_decompress_none)
                  00002896    0000000e     startup_msp432p401r_ccs.obj (.text)
                  000028a4    0000000a     rtsv7M4_T_le_v4SPD16_eabi.lib : sprintf.c.obj (.text:_outc)
                  000028ae    00000002     --HOLE-- [fill = 0]
                  000028b0    00000008                                   : errno.c.obj (.text:__aeabi_errno_addr)
                  000028b8    00000004                                   : pre_init.c.obj (.text:_system_pre_init)
                  000028bc    00000004                                   : exit.c.obj (.text:abort:abort)

.const     0    000028c0    00000101     
                  000028c0    00000101     rtsv7M4_T_le_v4SPD16_eabi.lib : ctype.c.obj (.const:.string:_ctypes_)

.cinit     0    000029c8    00000030     
                  000029c8    0000000c     (__TI_handler_table)
                  000029d4    0000000b     (.cinit..data.load) [load image, compression = lzss]
                  000029df    00000001     --HOLE-- [fill = 0]
                  000029e0    00000008     (.cinit..bss.load) [load image, compression = zero_init]
                  000029e8    00000010     (__TI_cinit_table)

.init_array 
*          0    00000000    00000000     UNINITIALIZED

.binit     0    00000000    00000000     

.bss       0    20000000    00000021     UNINITIALIZED
                  20000000    00000008     (.common:_millis)
                  20000008    00000008     (.common:time_diff_str)
                  20000010    00000004     millis.obj (.bss)
                  20000014    00000004     (.common:delay_time)
                  20000018    00000004     (.common:i)
                  2000001c    00000004     (.common:time_P1)
                  20000020    00000001     ISR.obj (.bss)

.data      0    20000024    0000000c     UNINITIALIZED
                  20000024    00000004     main.obj (.data)
                  20000028    00000004     rtsv7M4_T_le_v4SPD16_eabi.lib : errno.c.obj (.data)
                  2000002c    00000004     system_msp432p401r.obj (.data)

.stack     0    2000fe00    00000200     UNINITIALIZED
                  2000fe00    00000004     rtsv7M4_T_le_v4SPD16_eabi.lib : boot_cortex_m.c.obj (.stack)
                  2000fe04    000001fc     --HOLE--

MODULE SUMMARY

       Module                        code    ro data   rw data
       ------                        ----    -------   -------
    .\
       system_msp432p401r.obj        820     0         8      
       LCD.obj                       520     0         0      
       ISR.obj                       428     0         26     
       delay_us.obj                  416     0         8      
       startup_msp432p401r_ccs.obj   14      228       0      
       millis.obj                    112     0         24     
       main.obj                      88      0         8      
       CPE329.obj                    0       0         8      
    +--+-----------------------------+-------+---------+---------+
       Total:                        2398    228       82     
                                                              
    C:\ti\ccs910\ccs\tools\compiler\ti-cgt-arm_18.12.2.LTS\lib\rtsv7M4_T_le_v4SPD16_eabi.lib
       _printfi.c.obj                4851    0         0      
       fd_add_t2.asm.obj             438     0         0      
       fd_div_t2.asm.obj             310     0         0      
       s_scalbn.c.obj                272     0         0      
       fd_cmp_t2.asm.obj             268     0         0      
       ctype.c.obj                   0       257       0      
       fd_mul_t2.asm.obj             252     0         0      
       memcpy_t2.asm.obj             156     0         0      
       ull_div_t2.asm.obj            150     0         0      
       memset_t2.asm.obj             122     0         0      
       copy_decompress_lzss.c.obj    104     0         0      
       s_frexp.c.obj                 100     0         0      
       sprintf.c.obj                 98      0         0      
       ltoa.c.obj                    84      0         0      
       atoi.c.obj                    76      0         0      
       fd_toi_t2.asm.obj             72      0         0      
       autoinit.c.obj                68      0         0      
       fd_tou_t2.asm.obj             68      0         0      
       boot_cortex_m.c.obj           52      0         0      
       i_tofd_t2.asm.obj             46      0         0      
       u_tofd_t2.asm.obj             32      0         0      
       copy_zero_init.c.obj          28      0         0      
       memccpy.c.obj                 28      0         0      
       s_copysign.c.obj              26      0         0      
       strchr.c.obj                  22      0         0      
       strlen.c.obj                  20      0         0      
       wcslen.c.obj                  18      0         0      
       errno.c.obj                   8       0         8      
       copy_decompress_none.c.obj    14      0         0      
       exit.c.obj                    4       0         0      
       pre_init.c.obj                4       0         0      
       div0.asm.obj                  2       0         0      
    +--+-----------------------------+-------+---------+---------+
       Total:                        7793    257       8      
                                                              
       Stack:                        0       0         1024   
       Linker Generated:             0       47        0      
    +--+-----------------------------+-------+---------+---------+
       Grand Total:                  10191   532       1114   


LINKER GENERATED COPY TABLES

__TI_cinit_table @ 000029e8 records: 2, size/record: 8, table size: 16
	.data: load addr=000029d4, load size=0000000b bytes, run addr=20000024, run size=0000000c bytes, compression=lzss
	.bss: load addr=000029e0, load size=00000008 bytes, run addr=20000000, run size=00000021 bytes, compression=zero_init


LINKER GENERATED HANDLER TABLE

__TI_handler_table @ 000029c8 records: 3, size/record: 4, table size: 12
	index: 0, handler: __TI_decompress_lzss
	index: 1, handler: __TI_decompress_none
	index: 2, handler: __TI_zero_init


GLOBAL SYMBOLS: SORTED ALPHABETICALLY BY Name 

address   name                          
-------   ----                          
000028a3  ADC14_IRQHandler              
000028a3  AES256_IRQHandler             
000028a3  BusFault_Handler              
000028bd  C$$EXIT                       
000028a3  COMP_E0_IRQHandler            
000028a3  COMP_E1_IRQHandler            
000028a3  CS_IRQHandler                 
000010d9  Clear_LCD                     
000028a3  DMA_ERR_IRQHandler            
000028a3  DMA_INT0_IRQHandler           
000028a3  DMA_INT1_IRQHandler           
000028a3  DMA_INT2_IRQHandler           
000028a3  DMA_INT3_IRQHandler           
000028a3  DebugMon_Handler              
000028a3  Default_Handler               
000028a3  EUSCIA0_IRQHandler            
000028a3  EUSCIA1_IRQHandler            
000028a3  EUSCIA2_IRQHandler            
000028a3  EUSCIA3_IRQHandler            
000028a3  EUSCIB0_IRQHandler            
000028a3  EUSCIB1_IRQHandler            
000028a3  EUSCIB2_IRQHandler            
000028a3  EUSCIB3_IRQHandler            
000028a3  FLCTL_IRQHandler              
000028a3  FPU_IRQHandler                
000028a3  HardFault_Handler             
000010eb  Home_LCD                      
000016c3  ISER_SEL                      
000011df  Init_LCD                      
000028a3  MemManage_Handler             
000028a3  NMI_Handler                   
000028a3  PCM_IRQHandler                
000016f9  PORT1_IRQHandler              
000016f9  PORT1_IRQHandler              
000028a3  PORT2_IRQHandler              
000028a3  PORT3_IRQHandler              
000028a3  PORT4_IRQHandler              
000028a3  PORT5_IRQHandler              
000028a3  PORT6_IRQHandler              
000028a3  PSS_IRQHandler                
000028a3  PendSV_Handler                
000028a3  RTC_C_IRQHandler              
00002897  Reset_Handler                 
000028a3  SVC_Handler                   
000028a3  SysTick_Handler               
2000002c  SystemCoreClock               
00000b35  SystemCoreClockUpdate         
00000dad  SystemInit                    
000028a3  T32_INT1_IRQHandler           
000028a3  T32_INT2_IRQHandler           
000028a3  T32_INTC_IRQHandler           
000022f9  TA0_0_IRQHandler              
000022f9  TA0_0_IRQHandler              
00001795  TA0_N_IRQHandler              
00001795  TA0_N_IRQHandler              
000028a3  TA1_0_IRQHandler              
000028a3  TA1_N_IRQHandler              
000028a3  TA2_0_IRQHandler              
000028a3  TA2_N_IRQHandler              
000028a3  TA3_0_IRQHandler              
000028a3  TA3_N_IRQHandler              
000028a3  UsageFault_Handler            
4000480c  WDTCTL_SYM                    
000028a3  WDT_A_IRQHandler              
00001165  Write_char_LCD                
00001191  Write_string_LCD              
20010000  __STACK_END                   
00000200  __STACK_SIZE                  
000029e8  __TI_CINIT_Base               
000029f8  __TI_CINIT_Limit              
000029c8  __TI_Handler_Table_Base       
000029d4  __TI_Handler_Table_Limit      
00002659  __TI_auto_init_nobinit_nopinit
000023a3  __TI_decompress_lzss          
00002889  __TI_decompress_none          
ffffffff  __TI_pprof_out_hndl           
000000e5  __TI_printfi                  
ffffffff  __TI_prof_data_size           
ffffffff  __TI_prof_data_start          
00000000  __TI_static_base__            
000027e3  __TI_zero_init_nomemset       
0000213d  __aeabi_cdcmpeq               
0000213d  __aeabi_cdcmple               
000021c3  __aeabi_cdrcmple              
00002611  __aeabi_d2iz                  
0000269d  __aeabi_d2uiz                 
000014bb  __aeabi_dadd                  
00001af1  __aeabi_ddiv                  
00001e5d  __aeabi_dmul                  
000014b1  __aeabi_dsub                  
000028b1  __aeabi_errno_addr            
00002795  __aeabi_i2d                   
00000b33  __aeabi_idiv0                 
00000b33  __aeabi_ldiv0                 
00002249  __aeabi_memclr                
00002249  __aeabi_memclr4               
00002249  __aeabi_memclr8               
0000200b  __aeabi_memcpy                
0000200b  __aeabi_memcpy4               
0000200b  __aeabi_memcpy8               
0000224b  __aeabi_memset                
0000224b  __aeabi_memset4               
0000224b  __aeabi_memset8               
000027c3  __aeabi_ui2d                  
000020a7  __aeabi_uldivmod              
ffffffff  __binit__                     
ffffffff  __c_args__                    
UNDEFED   __mpu_init                    
2000fe00  __stack                       
00002761  _c_int00_noargs               
000028c0  _ctypes_                      
20000000  _millis                       
UNDEFED   _system_post_cinit            
000028b9  _system_pre_init              
000028bd  abort                         
000025c5  atoi                          
ffffffff  binit                         
000011af  check_busy                    
000010fd  command                       
0000281b  copysign                      
0000281b  copysignl                     
00001829  delay_ms                      
00001815  delay_s                       
20000014  delay_time                    
0000183b  delay_us                      
00001669  enable_ISR                    
20000028  errno                         
0000240d  frexp                         
0000240d  frexpl                        
20000018  i                             
00000000  interruptVectors              
00001d4d  ldexp                         
00001d4d  ldexpl                        
0000251f  ltoa                          
00002471  main                          
000027ff  memccpy                       
0000200b  memcpy                        
00002251  memset                        
000022c5  millis                        
00001129  read_trigger                  
00001851  run_delay_us                  
00001d4d  scalbn                        
00001d4d  scalbnl                       
0000127f  set_cursor                    
00001871  set_delay                     
000026e1  sprintf                       
0000284d  strchr                        
00002863  strlen                        
2000001c  time_P1                       
20000008  time_diff_str                 
00002877  wcslen                        
00001147  write_trigger                 


GLOBAL SYMBOLS: SORTED BY Symbol Address 

address   name                          
-------   ----                          
00000000  __TI_static_base__            
00000000  interruptVectors              
000000e5  __TI_printfi                  
00000200  __STACK_SIZE                  
00000b33  __aeabi_idiv0                 
00000b33  __aeabi_ldiv0                 
00000b35  SystemCoreClockUpdate         
00000dad  SystemInit                    
000010d9  Clear_LCD                     
000010eb  Home_LCD                      
000010fd  command                       
00001129  read_trigger                  
00001147  write_trigger                 
00001165  Write_char_LCD                
00001191  Write_string_LCD              
000011af  check_busy                    
000011df  Init_LCD                      
0000127f  set_cursor                    
000014b1  __aeabi_dsub                  
000014bb  __aeabi_dadd                  
00001669  enable_ISR                    
000016c3  ISER_SEL                      
000016f9  PORT1_IRQHandler              
000016f9  PORT1_IRQHandler              
00001795  TA0_N_IRQHandler              
00001795  TA0_N_IRQHandler              
00001815  delay_s                       
00001829  delay_ms                      
0000183b  delay_us                      
00001851  run_delay_us                  
00001871  set_delay                     
00001af1  __aeabi_ddiv                  
00001d4d  ldexp                         
00001d4d  ldexpl                        
00001d4d  scalbn                        
00001d4d  scalbnl                       
00001e5d  __aeabi_dmul                  
0000200b  __aeabi_memcpy                
0000200b  __aeabi_memcpy4               
0000200b  __aeabi_memcpy8               
0000200b  memcpy                        
000020a7  __aeabi_uldivmod              
0000213d  __aeabi_cdcmpeq               
0000213d  __aeabi_cdcmple               
000021c3  __aeabi_cdrcmple              
00002249  __aeabi_memclr                
00002249  __aeabi_memclr4               
00002249  __aeabi_memclr8               
0000224b  __aeabi_memset                
0000224b  __aeabi_memset4               
0000224b  __aeabi_memset8               
00002251  memset                        
000022c5  millis                        
000022f9  TA0_0_IRQHandler              
000022f9  TA0_0_IRQHandler              
000023a3  __TI_decompress_lzss          
0000240d  frexp                         
0000240d  frexpl                        
00002471  main                          
0000251f  ltoa                          
000025c5  atoi                          
00002611  __aeabi_d2iz                  
00002659  __TI_auto_init_nobinit_nopinit
0000269d  __aeabi_d2uiz                 
000026e1  sprintf                       
00002761  _c_int00_noargs               
00002795  __aeabi_i2d                   
000027c3  __aeabi_ui2d                  
000027e3  __TI_zero_init_nomemset       
000027ff  memccpy                       
0000281b  copysign                      
0000281b  copysignl                     
0000284d  strchr                        
00002863  strlen                        
00002877  wcslen                        
00002889  __TI_decompress_none          
00002897  Reset_Handler                 
000028a3  ADC14_IRQHandler              
000028a3  AES256_IRQHandler             
000028a3  BusFault_Handler              
000028a3  COMP_E0_IRQHandler            
000028a3  COMP_E1_IRQHandler            
000028a3  CS_IRQHandler                 
000028a3  DMA_ERR_IRQHandler            
000028a3  DMA_INT0_IRQHandler           
000028a3  DMA_INT1_IRQHandler           
000028a3  DMA_INT2_IRQHandler           
000028a3  DMA_INT3_IRQHandler           
000028a3  DebugMon_Handler              
000028a3  Default_Handler               
000028a3  EUSCIA0_IRQHandler            
000028a3  EUSCIA1_IRQHandler            
000028a3  EUSCIA2_IRQHandler            
000028a3  EUSCIA3_IRQHandler            
000028a3  EUSCIB0_IRQHandler            
000028a3  EUSCIB1_IRQHandler            
000028a3  EUSCIB2_IRQHandler            
000028a3  EUSCIB3_IRQHandler            
000028a3  FLCTL_IRQHandler              
000028a3  FPU_IRQHandler                
000028a3  HardFault_Handler             
000028a3  MemManage_Handler             
000028a3  NMI_Handler                   
000028a3  PCM_IRQHandler                
000028a3  PORT2_IRQHandler              
000028a3  PORT3_IRQHandler              
000028a3  PORT4_IRQHandler              
000028a3  PORT5_IRQHandler              
000028a3  PORT6_IRQHandler              
000028a3  PSS_IRQHandler                
000028a3  PendSV_Handler                
000028a3  RTC_C_IRQHandler              
000028a3  SVC_Handler                   
000028a3  SysTick_Handler               
000028a3  T32_INT1_IRQHandler           
000028a3  T32_INT2_IRQHandler           
000028a3  T32_INTC_IRQHandler           
000028a3  TA1_0_IRQHandler              
000028a3  TA1_N_IRQHandler              
000028a3  TA2_0_IRQHandler              
000028a3  TA2_N_IRQHandler              
000028a3  TA3_0_IRQHandler              
000028a3  TA3_N_IRQHandler              
000028a3  UsageFault_Handler            
000028a3  WDT_A_IRQHandler              
000028b1  __aeabi_errno_addr            
000028b9  _system_pre_init              
000028bd  C$$EXIT                       
000028bd  abort                         
000028c0  _ctypes_                      
000029c8  __TI_Handler_Table_Base       
000029d4  __TI_Handler_Table_Limit      
000029e8  __TI_CINIT_Base               
000029f8  __TI_CINIT_Limit              
20000000  _millis                       
20000008  time_diff_str                 
20000014  delay_time                    
20000018  i                             
2000001c  time_P1                       
20000028  errno                         
2000002c  SystemCoreClock               
2000fe00  __stack                       
20010000  __STACK_END                   
4000480c  WDTCTL_SYM                    
ffffffff  __TI_pprof_out_hndl           
ffffffff  __TI_prof_data_size           
ffffffff  __TI_prof_data_start          
ffffffff  __binit__                     
ffffffff  __c_args__                    
ffffffff  binit                         
UNDEFED   __mpu_init                    
UNDEFED   _system_post_cinit            

[152 symbols]
