******************************************************************************
                  TI ARM Linker PC v18.12.2                    
******************************************************************************
>> Linked Fri Oct 25 17:25:04 2019

OUTPUT FILE NAME:   <CPE329.out>
ENTRY POINT SYMBOL: "_c_int00_noargs"  address: 000043d9


MEMORY CONFIGURATION

         name            origin    length      used     unused   attr    fill
----------------------  --------  ---------  --------  --------  ----  --------
  MAIN                  00000000   00040000  00004c11  0003b3ef  R  X
  INFO                  00200000   00004000  00000000  00004000  R  X
  SRAM_CODE             01000000   00010000  000008f6  0000f70a  RW X
  SRAM_DATA             20000000   00010000  000008f6  0000f70a  RW  


SEGMENT ALLOCATION MAP

run origin  load origin   length   init length attrs members
----------  ----------- ---------- ----------- ----- -------
00000000    00000000    00004c18   00004c18    r-x
  00000000    00000000    000000e4   000000e4    r-- .intvecs
  000000e4    000000e4    0000445c   0000445c    r-x .text
  00004540    00004540    00000261   00000261    r-- .const
  000047a8    000047a8    00000470   00000470    r-- .cinit
20000000    20000000    000006f6   00000000    rw-
  20000000    20000000    00000440   00000000    rw- .data
  20000440    20000440    000002b6   00000000    rw- .bss
2000fe00    2000fe00    00000200   00000000    rw-
  2000fe00    2000fe00    00000200   00000000    rw- .stack


SECTION ALLOCATION MAP

 output                                  attributes/
section   page    origin      length       input sections
--------  ----  ----------  ----------   ----------------
.intvecs   0    00000000    000000e4     
                  00000000    000000e4     startup_msp432p401r_ccs.obj (.intvecs:retain)

.text      0    000000e4    0000445c     
                  000000e4    00000a4e     rtsv7M4_T_le_v4SPD16_eabi.lib : _printfi.c.obj (.text:__TI_printfi)
                  00000b32    00000002                                   : div0.asm.obj (.text)
                  00000b34    00000738                                   : k_rem_pio2.c.obj (.text:__kernel_rem_pio2)
                  0000126c    000005c4                                   : s_sin.c.obj (.text:sin)
                  00001830    0000033c     CPE329.obj (.text)
                  00001b6c    00000334     system_msp432p401r.obj (.text)
                  00001ea0    000002a8     Function_Generator.obj (.text)
                  00002148    00000270     rtsv7M4_T_le_v4SPD16_eabi.lib : _printfi.c.obj (.text:_pconv_a)
                  000023b8    00000210     LCD.obj (.text)
                  000025c8    000001d0     rtsv7M4_T_le_v4SPD16_eabi.lib : _printfi.c.obj (.text:_pconv_g)
                  00002798    000001b6                                   : fd_add_t2.asm.obj (.text)
                  0000294e    00000002     --HOLE-- [fill = 0]
                  00002950    000001ac     ISR.obj (.text)
                  00002afc    000001a0     delay_us.obj (.text)
                  00002c9c    00000174     rtsv7M4_T_le_v4SPD16_eabi.lib : k_sin.c.obj (.text:__kernel_sin)
                  00002e10    0000016c     UART.obj (.text)
                  00002f7c    0000016c     rtsv7M4_T_le_v4SPD16_eabi.lib : k_cos.c.obj (.text:__kernel_cos)
                  000030e8    0000013c                                   : _printfi.c.obj (.text:_pconv_e)
                  00003224    00000136                                   : fd_div_t2.asm.obj (.text)
                  0000335a    00000002     --HOLE-- [fill = 0]
                  0000335c    00000130     SPI.obj (.text)
                  0000348c    00000124     rtsv7M4_T_le_v4SPD16_eabi.lib : _printfi.c.obj (.text:fcvt)
                  000035b0    00000110                                   : s_scalbn.c.obj (.text:scalbn)
                  000036c0    0000010c     millis.obj (.text)
                  000037cc    000000fc     rtsv7M4_T_le_v4SPD16_eabi.lib : fd_mul_t2.asm.obj (.text)
                  000038c8    000000f8                                   : s_floor.c.obj (.text:floor)
                  000039c0    000000f0     Keypad.obj (.text)
                  00003ab0    000000d0     set_DCO.obj (.text)
                  00003b80    000000b1     rtsv7M4_T_le_v4SPD16_eabi.lib : _printfi.c.obj (.text:_ltostr)
                  00003c31    00000001     --HOLE-- [fill = 0]
                  00003c32    0000009c                                   : memcpy_t2.asm.obj (.text)
                  00003cce    00000002     --HOLE-- [fill = 0]
                  00003cd0    00000098     Timer_A0.obj (.text)
                  00003d68    00000096     rtsv7M4_T_le_v4SPD16_eabi.lib : ull_div_t2.asm.obj (.text)
                  00003dfe    00000086                                   : fd_cmp_t2.asm.obj (.text:__aeabi_cdcmple)
                  00003e84    00000086                                   : fd_cmp_t2.asm.obj (.text:__aeabi_cdrcmple)
                  00003f0a    0000007a                                   : memset_t2.asm.obj (.text)
                  00003f84    0000006e                                   : _printfi.c.obj (.text:_mcpy)
                  00003ff2    00000068                                   : copy_decompress_lzss.c.obj (.text:decompress:lzss:__TI_decompress_lzss)
                  0000405a    00000002     --HOLE-- [fill = 0]
                  0000405c    00000064                                   : s_frexp.c.obj (.text:frexp)
                  000040c0    00000056                                   : _printfi.c.obj (.text:_pconv_f)
                  00004116    00000054                                   : ltoa.c.obj (.text:ltoa)
                  0000416a    00000052                                   : _printfi.c.obj (.text:_ecpy)
                  000041bc    0000004c                                   : atoi.c.obj (.text:atoi)
                  00004208    00000048     LED_blinky.obj (.text)
                  00004250    00000048     rtsv7M4_T_le_v4SPD16_eabi.lib : fd_toi_t2.asm.obj (.text)
                  00004298    00000044                                   : autoinit.c.obj (.text:__TI_auto_init_nobinit_nopinit:__TI_auto_init_nobinit_nopinit)
                  000042dc    00000044                                   : fd_tou_t2.asm.obj (.text)
                  00004320    00000040                                   : sprintf.c.obj (.text:sprintf)
                  00004360    0000003e                                   : _printfi.c.obj (.text:_fcpy)
                  0000439e    00000038                                   : fs_tod_t2.asm.obj (.text)
                  000043d6    00000002     --HOLE-- [fill = 0]
                  000043d8    00000034                                   : boot_cortex_m.c.obj (.text:_c_int00_noargs:_c_int00_noargs)
                  0000440c    0000002e                                   : i_tofd_t2.asm.obj (.text)
                  0000443a    00000020                                   : u_tofd_t2.asm.obj (.text)
                  0000445a    0000001c                                   : copy_zero_init.c.obj (.text:decompress:ZI:__TI_zero_init_nomemset:__TI_zero_init_nomemset)
                  00004476    0000001c                                   : memccpy.c.obj (.text:memccpy)
                  00004492    0000001a                                   : s_copysign.c.obj (.text:copysign)
                  000044ac    00000018                                   : sprintf.c.obj (.text:_outs)
                  000044c4    00000016                                   : strchr.c.obj (.text:strchr)
                  000044da    00000014                                   : strlen.c.obj (.text:strlen)
                  000044ee    00000012                                   : wcslen.c.obj (.text:wcslen)
                  00004500    0000000e                                   : copy_decompress_none.c.obj (.text:decompress:none:__TI_decompress_none)
                  0000450e    0000000e     startup_msp432p401r_ccs.obj (.text)
                  0000451c    0000000a     rtsv7M4_T_le_v4SPD16_eabi.lib : sprintf.c.obj (.text:_outc)
                  00004526    00000002     --HOLE-- [fill = 0]
                  00004528    00000008                                   : errno.c.obj (.text:__aeabi_errno_addr)
                  00004530    00000008     main.obj (.text)
                  00004538    00000004     rtsv7M4_T_le_v4SPD16_eabi.lib : pre_init.c.obj (.text:_system_pre_init)
                  0000453c    00000004                                   : exit.c.obj (.text:abort:abort)

.const     0    00004540    00000261     
                  00004540    00000158     rtsv7M4_T_le_v4SPD16_eabi.lib : k_rem_pio2.c.obj (.const:$O1$$)
                  00004698    00000101                                   : ctype.c.obj (.const:.string:_ctypes_)
                  00004799    00000005     CPE329.obj (.const:.string:$P$T1$2)
                  0000479e    00000003     CPE329.obj (.const:.string:$P$T0$1)

.cinit     0    000047a8    00000470     
                  000047a8    00000448     (.cinit..data.load) [load image]
                  00004bf0    0000000c     (__TI_handler_table)
                  00004bfc    00000004     --HOLE-- [fill = 0]
                  00004c00    00000008     (.cinit..bss.load) [load image, compression = zero_init]
                  00004c08    00000010     (__TI_cinit_table)

.init_array 
*          0    00000000    00000000     UNINITIALIZED

.binit     0    00000000    00000000     

.data      0    20000000    00000440     UNINITIALIZED
                  20000000    0000042a     Function_Generator.obj (.data:heart_bit)
                  2000042a    0000000c     Keypad.obj (.data:keypad_matrix)
                  20000436    00000002     --HOLE--
                  20000438    00000004     rtsv7M4_T_le_v4SPD16_eabi.lib : errno.c.obj (.data)
                  2000043c    00000004     system_msp432p401r.obj (.data)

.bss       0    20000440    000002b6     UNINITIALIZED
                  20000440    00000274     (.common:sine_bit)
                  200006b4    00000004     Timer_A0.obj (.bss)
                  200006b8    00000008     (.common:_millis)
                  200006c0    00000008     (.common:time_diff_str)
                  200006c8    00000006     Function_Generator.obj (.bss)
                  200006ce    00000006     SPI.obj (.bss)
                  200006d4    00000004     millis.obj (.bss)
                  200006d8    00000004     (.common:delay_time)
                  200006dc    00000004     (.common:i)
                  200006e0    00000004     (.common:string)
                  200006e4    00000004     (.common:time_P1)
                  200006e8    00000002     UART.obj (.bss)
                  200006ea    00000002     (.common:_CCR_bit)
                  200006ec    00000002     (.common:_freq)
                  200006ee    00000002     (.common:data)
                  200006f0    00000002     (.common:voltage_bit)
                  200006f2    00000001     ISR.obj (.bss)
                  200006f3    00000001     Keypad.obj (.bss)
                  200006f4    00000001     (.common:_DutyCycle)
                  200006f5    00000001     (.common:_waveform)

.stack     0    2000fe00    00000200     UNINITIALIZED
                  2000fe00    00000004     rtsv7M4_T_le_v4SPD16_eabi.lib : boot_cortex_m.c.obj (.stack)
                  2000fe04    000001fc     --HOLE--

MODULE SUMMARY

       Module                        code    ro data   rw data
       ------                        ----    -------   -------
    .\
       Function_Generator.obj        680     0         3412   
       CPE329.obj                    828     8         12     
       system_msp432p401r.obj        820     0         8      
       LCD.obj                       528     0         0      
       ISR.obj                       428     0         26     
       delay_us.obj                  416     0         8      
       UART.obj                      364     0         16     
       SPI.obj                       304     0         12     
       millis.obj                    268     0         24     
       Keypad.obj                    240     0         26     
       startup_msp432p401r_ccs.obj   14      228       0      
       set_DCO.obj                   208     0         0      
       Timer_A0.obj                  152     0         8      
       LED_blinky.obj                72      0         0      
       main.obj                      8       0         0      
    +--+-----------------------------+-------+---------+---------+
       Total:                        5330    236       3552   
                                                              
    C:\ti\ccs910\ccs\tools\compiler\ti-cgt-arm_18.12.2.LTS\lib\rtsv7M4_T_le_v4SPD16_eabi.lib
       _printfi.c.obj                4851    0         0      
       k_rem_pio2.c.obj              1848    344       0      
       s_sin.c.obj                   1476    0         0      
       fd_add_t2.asm.obj             438     0         0      
       k_sin.c.obj                   372     0         0      
       k_cos.c.obj                   364     0         0      
       fd_div_t2.asm.obj             310     0         0      
       s_scalbn.c.obj                272     0         0      
       fd_cmp_t2.asm.obj             268     0         0      
       ctype.c.obj                   0       257       0      
       fd_mul_t2.asm.obj             252     0         0      
       s_floor.c.obj                 248     0         0      
       memcpy_t2.asm.obj             156     0         0      
       ull_div_t2.asm.obj            150     0         0      
       memset_t2.asm.obj             122     0         0      
       copy_decompress_lzss.c.obj    104     0         0      
       s_frexp.c.obj                 100     0         0      
       sprintf.c.obj                 98      0         0      
       ltoa.c.obj                    84      0         0      
       atoi.c.obj                    76      0         0      
       fd_toi_t2.asm.obj             72      0         0      
       autoinit.c.obj                68      0         0      
       fd_tou_t2.asm.obj             68      0         0      
       fs_tod_t2.asm.obj             56      0         0      
       boot_cortex_m.c.obj           52      0         0      
       i_tofd_t2.asm.obj             46      0         0      
       u_tofd_t2.asm.obj             32      0         0      
       copy_zero_init.c.obj          28      0         0      
       memccpy.c.obj                 28      0         0      
       s_copysign.c.obj              26      0         0      
       strchr.c.obj                  22      0         0      
       strlen.c.obj                  20      0         0      
       wcslen.c.obj                  18      0         0      
       errno.c.obj                   8       0         8      
       copy_decompress_none.c.obj    14      0         0      
       exit.c.obj                    4       0         0      
       pre_init.c.obj                4       0         0      
       div0.asm.obj                  2       0         0      
    +--+-----------------------------+-------+---------+---------+
       Total:                        12157   601       8      
                                                              
       Stack:                        0       0         1024   
       Linker Generated:             0       1132      0      
    +--+-----------------------------+-------+---------+---------+
       Grand Total:                  17487   1969      4584   


LINKER GENERATED COPY TABLES

__TI_cinit_table @ 00004c08 records: 2, size/record: 8, table size: 16
	.data: load addr=000047a8, load size=00000448 bytes, run addr=20000000, run size=00000440 bytes, compression=copy
	.bss: load addr=00004c00, load size=00000008 bytes, run addr=20000440, run size=000002b6 bytes, compression=zero_init


LINKER GENERATED HANDLER TABLE

__TI_handler_table @ 00004bf0 records: 3, size/record: 4, table size: 12
	index: 0, handler: __TI_decompress_lzss
	index: 1, handler: __TI_decompress_none
	index: 2, handler: __TI_zero_init


GLOBAL SYMBOLS: SORTED ALPHABETICALLY BY Name 

address   name                          
-------   ----                          
0000451b  ADC14_IRQHandler              
0000451b  AES256_IRQHandler             
000019fd  Assignment_2                  
000019dd  Assignment_3                  
000019a9  Assignment_4                  
00001979  Assignment_5                  
00001961  Assignment_7                  
00001831  Assignment_8                  
0000451b  BusFault_Handler              
0000453d  C$$EXIT                       
0000451b  COMP_E0_IRQHandler            
0000451b  COMP_E1_IRQHandler            
0000451b  CS_IRQHandler                 
000023b9  Clear_LCD                     
0000335d  DAC_output                    
0000451b  DMA_ERR_IRQHandler            
0000451b  DMA_INT0_IRQHandler           
0000451b  DMA_INT1_IRQHandler           
0000451b  DMA_INT2_IRQHandler           
0000451b  DMA_INT3_IRQHandler           
0000451b  DebugMon_Handler              
0000451b  Default_Handler               
00002e65  EUSCIA0_IRQHandler            
00002e65  EUSCIA0_IRQHandler            
0000451b  EUSCIA1_IRQHandler            
0000451b  EUSCIA2_IRQHandler            
0000451b  EUSCIA3_IRQHandler            
0000451b  EUSCIB0_IRQHandler            
0000451b  EUSCIB1_IRQHandler            
0000451b  EUSCIB2_IRQHandler            
0000451b  EUSCIB3_IRQHandler            
00002e11  EUSCI_A0_UART_setup           
000033eb  EUSCI_B0_setup                
0000451b  FLCTL_IRQHandler              
0000451b  FPU_IRQHandler                
00001ea1  FuncGen_setup                 
0000451b  HardFault_Handler             
000023cf  Home_LCD                      
000029ab  ISER_SEL                      
00003a6f  Init_KEYPAD                   
000024c3  Init_LCD                      
00001a6f  Japanese_LCD_GIF              
00004209  LED_SETUP                     
00003af9  MCLK_out                      
0000451b  MemManage_Handler             
0000451b  NMI_Handler                   
0000451b  PCM_IRQHandler                
000029e1  PORT1_IRQHandler              
000029e1  PORT1_IRQHandler              
0000451b  PORT2_IRQHandler              
0000451b  PORT3_IRQHandler              
0000451b  PORT4_IRQHandler              
0000451b  PORT5_IRQHandler              
0000451b  PORT6_IRQHandler              
0000451b  PSS_IRQHandler                
0000451b  PendSV_Handler                
00001841  Project_2                     
0000451b  RTC_C_IRQHandler              
00002f0d  Read_UART                     
0000450f  Reset_Handler                 
0000451b  SVC_Handler                   
0000451b  SysTick_Handler               
2000043c  SystemCoreClock               
00001b6d  SystemCoreClockUpdate         
00001de5  SystemInit                    
0000451b  T32_INT1_IRQHandler           
0000451b  T32_INT2_IRQHandler           
0000451b  T32_INTC_IRQHandler           
00003cfd  TA0_0_IRQHandler              
00003cfd  TA0_0_IRQHandler              
00002a7d  TA0_N_IRQHandler              
00002a7d  TA0_N_IRQHandler              
00002019  TA1_0_IRQHandler              
00002019  TA1_0_IRQHandler              
0000451b  TA1_N_IRQHandler              
0000451b  TA2_0_IRQHandler              
0000451b  TA2_N_IRQHandler              
00003781  TA3_0_IRQHandler              
00003781  TA3_0_IRQHandler              
0000451b  TA3_N_IRQHandler              
00001a33  Timer_class_example           
0000451b  UsageFault_Handler            
4000480c  WDTCTL_SYM                    
0000451b  WDT_A_IRQHandler              
00002f21  Write_UART                    
00002449  Write_char_LCD                
00002475  Write_string_LCD              
200006ea  _CCR_bit                      
200006f4  _DutyCycle                    
20010000  __STACK_END                   
00000200  __STACK_SIZE                  
00004c08  __TI_CINIT_Base               
00004c18  __TI_CINIT_Limit              
00004bf0  __TI_Handler_Table_Base       
00004bfc  __TI_Handler_Table_Limit      
00004299  __TI_auto_init_nobinit_nopinit
00003ff3  __TI_decompress_lzss          
00004501  __TI_decompress_none          
ffffffff  __TI_pprof_out_hndl           
000000e5  __TI_printfi                  
ffffffff  __TI_prof_data_size           
ffffffff  __TI_prof_data_start          
00000000  __TI_static_base__            
0000445b  __TI_zero_init_nomemset       
00003dff  __aeabi_cdcmpeq               
00003dff  __aeabi_cdcmple               
00003e85  __aeabi_cdrcmple              
00004251  __aeabi_d2iz                  
000042dd  __aeabi_d2uiz                 
000027a3  __aeabi_dadd                  
00003225  __aeabi_ddiv                  
000037cd  __aeabi_dmul                  
00002799  __aeabi_dsub                  
00004529  __aeabi_errno_addr            
0000439f  __aeabi_f2d                   
0000440d  __aeabi_i2d                   
00000b33  __aeabi_idiv0                 
00000b33  __aeabi_ldiv0                 
00003f0b  __aeabi_memclr                
00003f0b  __aeabi_memclr4               
00003f0b  __aeabi_memclr8               
00003c33  __aeabi_memcpy                
00003c33  __aeabi_memcpy4               
00003c33  __aeabi_memcpy8               
00003f0d  __aeabi_memset                
00003f0d  __aeabi_memset4               
00003f0d  __aeabi_memset8               
0000443b  __aeabi_ui2d                  
00003d69  __aeabi_uldivmod              
ffffffff  __binit__                     
ffffffff  __c_args__                    
00002f7d  __kernel_cos                  
00000b35  __kernel_rem_pio2             
00002c9d  __kernel_sin                  
UNDEFED   __mpu_init                    
2000fe00  __stack                       
000043d9  _c_int00_noargs               
00004698  _ctypes_                      
200006ec  _freq                         
200006b8  _millis                       
UNDEFED   _system_post_cinit            
00004539  _system_pre_init              
200006f5  _waveform                     
0000453d  abort                         
000041bd  atoi                          
ffffffff  binit                         
00002493  check_busy                    
0000341f  clear_EUSCI_B0_reg            
000023e1  command                       
00004493  copysign                      
00004493  copysignl                     
200006ee  data                          
00002b11  delay_ms                      
00002afd  delay_s                       
200006d8  delay_time                    
00002b23  delay_us                      
00002951  enable_ISR                    
20000438  errno                         
000038c9  floor                         
000038c9  floorl                        
0000405d  frexp                         
0000405d  frexpl                        
20000000  heart_bit                     
200006dc  i                             
00000000  interruptVectors              
2000042a  keypad_matrix                 
000035b1  ldexp                         
000035b1  ldexpl                        
00004117  ltoa                          
00004531  main                          
00004477  memccpy                       
00003c33  memcpy                        
00003f13  memset                        
000036c1  millis                        
0000240d  read_trigger                  
00002f07  return_DAC_value              
00002b39  run_delay_us                  
000035b1  scalbn                        
000035b1  scalbnl                       
000039c1  scan_key                      
00003ab1  set_DCO                       
00003b19  set_Vcore                     
00002565  set_cursor                    
00002b59  set_delay                     
00003b31  set_flash_controller          
0000126d  sin                           
20000440  sine_bit                      
0000126d  sinl                          
00004321  sprintf                       
000044c5  strchr                        
200006e0  string                        
000044db  strlen                        
00001ac7  test_int_char                 
200006e4  time_P1                       
200006c0  time_diff_str                 
00003cd1  timerA0_setup                 
200006f0  voltage_bit                   
000044ef  wcslen                        
0000242b  write_trigger                 


GLOBAL SYMBOLS: SORTED BY Symbol Address 

address   name                          
-------   ----                          
00000000  __TI_static_base__            
00000000  interruptVectors              
000000e5  __TI_printfi                  
00000200  __STACK_SIZE                  
00000b33  __aeabi_idiv0                 
00000b33  __aeabi_ldiv0                 
00000b35  __kernel_rem_pio2             
0000126d  sin                           
0000126d  sinl                          
00001831  Assignment_8                  
00001841  Project_2                     
00001961  Assignment_7                  
00001979  Assignment_5                  
000019a9  Assignment_4                  
000019dd  Assignment_3                  
000019fd  Assignment_2                  
00001a33  Timer_class_example           
00001a6f  Japanese_LCD_GIF              
00001ac7  test_int_char                 
00001b6d  SystemCoreClockUpdate         
00001de5  SystemInit                    
00001ea1  FuncGen_setup                 
00002019  TA1_0_IRQHandler              
00002019  TA1_0_IRQHandler              
000023b9  Clear_LCD                     
000023cf  Home_LCD                      
000023e1  command                       
0000240d  read_trigger                  
0000242b  write_trigger                 
00002449  Write_char_LCD                
00002475  Write_string_LCD              
00002493  check_busy                    
000024c3  Init_LCD                      
00002565  set_cursor                    
00002799  __aeabi_dsub                  
000027a3  __aeabi_dadd                  
00002951  enable_ISR                    
000029ab  ISER_SEL                      
000029e1  PORT1_IRQHandler              
000029e1  PORT1_IRQHandler              
00002a7d  TA0_N_IRQHandler              
00002a7d  TA0_N_IRQHandler              
00002afd  delay_s                       
00002b11  delay_ms                      
00002b23  delay_us                      
00002b39  run_delay_us                  
00002b59  set_delay                     
00002c9d  __kernel_sin                  
00002e11  EUSCI_A0_UART_setup           
00002e65  EUSCIA0_IRQHandler            
00002e65  EUSCIA0_IRQHandler            
00002f07  return_DAC_value              
00002f0d  Read_UART                     
00002f21  Write_UART                    
00002f7d  __kernel_cos                  
00003225  __aeabi_ddiv                  
0000335d  DAC_output                    
000033eb  EUSCI_B0_setup                
0000341f  clear_EUSCI_B0_reg            
000035b1  ldexp                         
000035b1  ldexpl                        
000035b1  scalbn                        
000035b1  scalbnl                       
000036c1  millis                        
00003781  TA3_0_IRQHandler              
00003781  TA3_0_IRQHandler              
000037cd  __aeabi_dmul                  
000038c9  floor                         
000038c9  floorl                        
000039c1  scan_key                      
00003a6f  Init_KEYPAD                   
00003ab1  set_DCO                       
00003af9  MCLK_out                      
00003b19  set_Vcore                     
00003b31  set_flash_controller          
00003c33  __aeabi_memcpy                
00003c33  __aeabi_memcpy4               
00003c33  __aeabi_memcpy8               
00003c33  memcpy                        
00003cd1  timerA0_setup                 
00003cfd  TA0_0_IRQHandler              
00003cfd  TA0_0_IRQHandler              
00003d69  __aeabi_uldivmod              
00003dff  __aeabi_cdcmpeq               
00003dff  __aeabi_cdcmple               
00003e85  __aeabi_cdrcmple              
00003f0b  __aeabi_memclr                
00003f0b  __aeabi_memclr4               
00003f0b  __aeabi_memclr8               
00003f0d  __aeabi_memset                
00003f0d  __aeabi_memset4               
00003f0d  __aeabi_memset8               
00003f13  memset                        
00003ff3  __TI_decompress_lzss          
0000405d  frexp                         
0000405d  frexpl                        
00004117  ltoa                          
000041bd  atoi                          
00004209  LED_SETUP                     
00004251  __aeabi_d2iz                  
00004299  __TI_auto_init_nobinit_nopinit
000042dd  __aeabi_d2uiz                 
00004321  sprintf                       
0000439f  __aeabi_f2d                   
000043d9  _c_int00_noargs               
0000440d  __aeabi_i2d                   
0000443b  __aeabi_ui2d                  
0000445b  __TI_zero_init_nomemset       
00004477  memccpy                       
00004493  copysign                      
00004493  copysignl                     
000044c5  strchr                        
000044db  strlen                        
000044ef  wcslen                        
00004501  __TI_decompress_none          
0000450f  Reset_Handler                 
0000451b  ADC14_IRQHandler              
0000451b  AES256_IRQHandler             
0000451b  BusFault_Handler              
0000451b  COMP_E0_IRQHandler            
0000451b  COMP_E1_IRQHandler            
0000451b  CS_IRQHandler                 
0000451b  DMA_ERR_IRQHandler            
0000451b  DMA_INT0_IRQHandler           
0000451b  DMA_INT1_IRQHandler           
0000451b  DMA_INT2_IRQHandler           
0000451b  DMA_INT3_IRQHandler           
0000451b  DebugMon_Handler              
0000451b  Default_Handler               
0000451b  EUSCIA1_IRQHandler            
0000451b  EUSCIA2_IRQHandler            
0000451b  EUSCIA3_IRQHandler            
0000451b  EUSCIB0_IRQHandler            
0000451b  EUSCIB1_IRQHandler            
0000451b  EUSCIB2_IRQHandler            
0000451b  EUSCIB3_IRQHandler            
0000451b  FLCTL_IRQHandler              
0000451b  FPU_IRQHandler                
0000451b  HardFault_Handler             
0000451b  MemManage_Handler             
0000451b  NMI_Handler                   
0000451b  PCM_IRQHandler                
0000451b  PORT2_IRQHandler              
0000451b  PORT3_IRQHandler              
0000451b  PORT4_IRQHandler              
0000451b  PORT5_IRQHandler              
0000451b  PORT6_IRQHandler              
0000451b  PSS_IRQHandler                
0000451b  PendSV_Handler                
0000451b  RTC_C_IRQHandler              
0000451b  SVC_Handler                   
0000451b  SysTick_Handler               
0000451b  T32_INT1_IRQHandler           
0000451b  T32_INT2_IRQHandler           
0000451b  T32_INTC_IRQHandler           
0000451b  TA1_N_IRQHandler              
0000451b  TA2_0_IRQHandler              
0000451b  TA2_N_IRQHandler              
0000451b  TA3_N_IRQHandler              
0000451b  UsageFault_Handler            
0000451b  WDT_A_IRQHandler              
00004529  __aeabi_errno_addr            
00004531  main                          
00004539  _system_pre_init              
0000453d  C$$EXIT                       
0000453d  abort                         
00004698  _ctypes_                      
00004bf0  __TI_Handler_Table_Base       
00004bfc  __TI_Handler_Table_Limit      
00004c08  __TI_CINIT_Base               
00004c18  __TI_CINIT_Limit              
20000000  heart_bit                     
2000042a  keypad_matrix                 
20000438  errno                         
2000043c  SystemCoreClock               
20000440  sine_bit                      
200006b8  _millis                       
200006c0  time_diff_str                 
200006d8  delay_time                    
200006dc  i                             
200006e0  string                        
200006e4  time_P1                       
200006ea  _CCR_bit                      
200006ec  _freq                         
200006ee  data                          
200006f0  voltage_bit                   
200006f4  _DutyCycle                    
200006f5  _waveform                     
2000fe00  __stack                       
20010000  __STACK_END                   
4000480c  WDTCTL_SYM                    
ffffffff  __TI_pprof_out_hndl           
ffffffff  __TI_prof_data_size           
ffffffff  __TI_prof_data_start          
ffffffff  __binit__                     
ffffffff  __c_args__                    
ffffffff  binit                         
UNDEFED   __mpu_init                    
UNDEFED   _system_post_cinit            

[199 symbols]
