******************************************************************************
                  TI ARM Linker PC v18.12.2                    
******************************************************************************
>> Linked Wed Sep 25 11:48:32 2019

OUTPUT FILE NAME:   <CPE329.out>
ENTRY POINT SYMBOL: "_c_int00_noargs"  address: 00000911


MEMORY CONFIGURATION

         name            origin    length      used     unused   attr    fill
----------------------  --------  ---------  --------  --------  ----  --------
  MAIN                  00000000   00040000  00000a08  0003f5f8  R  X
  INFO                  00200000   00004000  00000000  00004000  R  X
  SRAM_CODE             01000000   00010000  0000020c  0000fdf4  RW X
  SRAM_DATA             20000000   00010000  0000020c  0000fdf4  RW  


SEGMENT ALLOCATION MAP

run origin  load origin   length   init length attrs members
----------  ----------- ---------- ----------- ----- -------
00000000    00000000    00000a08   00000a08    r-x
  00000000    00000000    000000e4   000000e4    r-- .intvecs
  000000e4    000000e4    000008f4   000008f4    r-x .text
  000009d8    000009d8    00000030   00000030    r-- .cinit
20000000    20000000    0000000c   00000000    rw-
  20000000    20000000    00000008   00000000    rw- .bss
  20000008    20000008    00000004   00000000    rw- .data
2000fe00    2000fe00    00000200   00000000    rw-
  2000fe00    2000fe00    00000200   00000000    rw- .stack


SECTION ALLOCATION MAP

 output                                  attributes/
section   page    origin      length       input sections
--------  ----  ----------  ----------   ----------------
.intvecs   0    00000000    000000e4     
                  00000000    000000e4     startup_msp432p401r_ccs.obj (.intvecs:retain)

.text      0    000000e4    000008f4     
                  000000e4    00000334     system_msp432p401r.obj (.text)
                  00000418    00000160     delay_us.obj (.text)
                  00000578    000000fc     rtsv7M4_T_le_v4SPD16_eabi.lib : fd_mul_t2.asm.obj (.text)
                  00000674    000000d0     set_DCO.obj (.text)
                  00000744    0000009c     rtsv7M4_T_le_v4SPD16_eabi.lib : memcpy_t2.asm.obj (.text)
                  000007e0    00000068                                   : copy_decompress_lzss.c.obj (.text:decompress:lzss:__TI_decompress_lzss)
                  00000848    00000044                                   : autoinit.c.obj (.text:__TI_auto_init_nobinit_nopinit:__TI_auto_init_nobinit_nopinit)
                  0000088c    00000044                                   : fd_tou_t2.asm.obj (.text)
                  000008d0    00000040     CPE329.obj (.text)
                  00000910    00000034     rtsv7M4_T_le_v4SPD16_eabi.lib : boot_cortex_m.c.obj (.text:_c_int00_noargs:_c_int00_noargs)
                  00000944    0000002c     LED_blinky.obj (.text)
                  00000970    00000020     rtsv7M4_T_le_v4SPD16_eabi.lib : u_tofd_t2.asm.obj (.text)
                  00000990    0000001c                                   : copy_zero_init.c.obj (.text:decompress:ZI:__TI_zero_init_nomemset:__TI_zero_init_nomemset)
                  000009ac    0000000e                                   : copy_decompress_none.c.obj (.text:decompress:none:__TI_decompress_none)
                  000009ba    0000000e     startup_msp432p401r_ccs.obj (.text)
                  000009c8    00000008     main.obj (.text)
                  000009d0    00000004     rtsv7M4_T_le_v4SPD16_eabi.lib : pre_init.c.obj (.text:_system_pre_init)
                  000009d4    00000004                                   : exit.c.obj (.text:abort:abort)

.cinit     0    000009d8    00000030     
                  000009d8    0000000c     (__TI_handler_table)
                  000009e4    00000004     --HOLE-- [fill = 0]
                  000009e8    00000008     (.cinit..bss.load) [load image, compression = zero_init]
                  000009f0    00000008     (.cinit..data.load) [load image, compression = lzss]
                  000009f8    00000010     (__TI_cinit_table)

.init_array 
*          0    00000000    00000000     UNINITIALIZED

.binit     0    00000000    00000000     

.bss       0    20000000    00000008     UNINITIALIZED
                  20000000    00000004     (.common:delay_time)
                  20000004    00000004     (.common:i)

.data      0    20000008    00000004     UNINITIALIZED
                  20000008    00000004     system_msp432p401r.obj (.data)

.stack     0    2000fe00    00000200     UNINITIALIZED
                  2000fe00    00000004     rtsv7M4_T_le_v4SPD16_eabi.lib : boot_cortex_m.c.obj (.stack)
                  2000fe04    000001fc     --HOLE--

MODULE SUMMARY

       Module                        code   ro data   rw data
       ------                        ----   -------   -------
    .\
       system_msp432p401r.obj        820    0         8      
       delay_us.obj                  352    0         8      
       startup_msp432p401r_ccs.obj   14     228       0      
       set_DCO.obj                   208    0         0      
       CPE329.obj                    64     0         8      
       LED_blinky.obj                44     0         0      
       main.obj                      8      0         0      
    +--+-----------------------------+------+---------+---------+
       Total:                        1510   228       24     
                                                             
    C:\ti\ccs910\ccs\tools\compiler\ti-cgt-arm_18.12.2.LTS\lib\rtsv7M4_T_le_v4SPD16_eabi.lib
       fd_mul_t2.asm.obj             252    0         0      
       memcpy_t2.asm.obj             156    0         0      
       copy_decompress_lzss.c.obj    104    0         0      
       autoinit.c.obj                68     0         0      
       fd_tou_t2.asm.obj             68     0         0      
       boot_cortex_m.c.obj           52     0         0      
       u_tofd_t2.asm.obj             32     0         0      
       copy_zero_init.c.obj          28     0         0      
       copy_decompress_none.c.obj    14     0         0      
       exit.c.obj                    4      0         0      
       pre_init.c.obj                4      0         0      
    +--+-----------------------------+------+---------+---------+
       Total:                        782    0         0      
                                                             
       Stack:                        0      0         1024   
       Linker Generated:             0      44        0      
    +--+-----------------------------+------+---------+---------+
       Grand Total:                  2292   272       1048   


LINKER GENERATED COPY TABLES

__TI_cinit_table @ 000009f8 records: 2, size/record: 8, table size: 16
	.bss: load addr=000009e8, load size=00000008 bytes, run addr=20000000, run size=00000008 bytes, compression=zero_init
	.data: load addr=000009f0, load size=00000008 bytes, run addr=20000008, run size=00000004 bytes, compression=lzss


LINKER GENERATED HANDLER TABLE

__TI_handler_table @ 000009d8 records: 3, size/record: 4, table size: 12
	index: 0, handler: __TI_decompress_lzss
	index: 1, handler: __TI_decompress_none
	index: 2, handler: __TI_zero_init


GLOBAL SYMBOLS: SORTED ALPHABETICALLY BY Name 

address   name                          
-------   ----                          
000009c7  ADC14_IRQHandler              
000009c7  AES256_IRQHandler             
000008d1  Assignment_2                  
000009c7  BusFault_Handler              
000009d5  C$$EXIT                       
000009c7  COMP_E0_IRQHandler            
000009c7  COMP_E1_IRQHandler            
000009c7  CS_IRQHandler                 
000009c7  DMA_ERR_IRQHandler            
000009c7  DMA_INT0_IRQHandler           
000009c7  DMA_INT1_IRQHandler           
000009c7  DMA_INT2_IRQHandler           
000009c7  DMA_INT3_IRQHandler           
000009c7  DebugMon_Handler              
000009c7  Default_Handler               
000009c7  EUSCIA0_IRQHandler            
000009c7  EUSCIA1_IRQHandler            
000009c7  EUSCIA2_IRQHandler            
000009c7  EUSCIA3_IRQHandler            
000009c7  EUSCIB0_IRQHandler            
000009c7  EUSCIB1_IRQHandler            
000009c7  EUSCIB2_IRQHandler            
000009c7  EUSCIB3_IRQHandler            
000009c7  FLCTL_IRQHandler              
000009c7  FPU_IRQHandler                
000009c7  HardFault_Handler             
00000945  LED_SETUP                     
000006bd  MCLK_out                      
000009c7  MemManage_Handler             
000009c7  NMI_Handler                   
000009c7  PCM_IRQHandler                
000009c7  PORT1_IRQHandler              
000009c7  PORT2_IRQHandler              
000009c7  PORT3_IRQHandler              
000009c7  PORT4_IRQHandler              
000009c7  PORT5_IRQHandler              
000009c7  PORT6_IRQHandler              
000009c7  PSS_IRQHandler                
000009c7  PendSV_Handler                
000009c7  RTC_C_IRQHandler              
000009bb  Reset_Handler                 
000009c7  SVC_Handler                   
000009c7  SysTick_Handler               
20000008  SystemCoreClock               
000000e5  SystemCoreClockUpdate         
0000035d  SystemInit                    
000009c7  T32_INT1_IRQHandler           
000009c7  T32_INT2_IRQHandler           
000009c7  T32_INTC_IRQHandler           
000009c7  TA0_0_IRQHandler              
000009c7  TA0_N_IRQHandler              
000009c7  TA1_0_IRQHandler              
000009c7  TA1_N_IRQHandler              
000009c7  TA2_0_IRQHandler              
000009c7  TA2_N_IRQHandler              
000009c7  TA3_0_IRQHandler              
000009c7  TA3_N_IRQHandler              
000009c7  UsageFault_Handler            
4000480c  WDTCTL_SYM                    
000009c7  WDT_A_IRQHandler              
20010000  __STACK_END                   
00000200  __STACK_SIZE                  
000009f8  __TI_CINIT_Base               
00000a08  __TI_CINIT_Limit              
000009d8  __TI_Handler_Table_Base       
000009e4  __TI_Handler_Table_Limit      
00000849  __TI_auto_init_nobinit_nopinit
000007e1  __TI_decompress_lzss          
000009ad  __TI_decompress_none          
ffffffff  __TI_pprof_out_hndl           
ffffffff  __TI_prof_data_size           
ffffffff  __TI_prof_data_start          
00000000  __TI_static_base__            
00000991  __TI_zero_init_nomemset       
0000088d  __aeabi_d2uiz                 
00000579  __aeabi_dmul                  
00000745  __aeabi_memcpy                
00000745  __aeabi_memcpy4               
00000745  __aeabi_memcpy8               
00000971  __aeabi_ui2d                  
ffffffff  __binit__                     
ffffffff  __c_args__                    
UNDEFED   __mpu_init                    
2000fe00  __stack                       
00000911  _c_int00_noargs               
UNDEFED   _system_post_cinit            
000009d1  _system_pre_init              
000009d5  abort                         
ffffffff  binit                         
20000000  delay_time                    
00000419  delay_us                      
20000004  i                             
00000000  interruptVectors              
000009c9  main                          
00000745  memcpy                        
00000675  set_DCO                       
000006dd  set_Vcore                     
00000439  set_delay                     
000006f5  set_flash_controller          


GLOBAL SYMBOLS: SORTED BY Symbol Address 

address   name                          
-------   ----                          
00000000  __TI_static_base__            
00000000  interruptVectors              
000000e5  SystemCoreClockUpdate         
00000200  __STACK_SIZE                  
0000035d  SystemInit                    
00000419  delay_us                      
00000439  set_delay                     
00000579  __aeabi_dmul                  
00000675  set_DCO                       
000006bd  MCLK_out                      
000006dd  set_Vcore                     
000006f5  set_flash_controller          
00000745  __aeabi_memcpy                
00000745  __aeabi_memcpy4               
00000745  __aeabi_memcpy8               
00000745  memcpy                        
000007e1  __TI_decompress_lzss          
00000849  __TI_auto_init_nobinit_nopinit
0000088d  __aeabi_d2uiz                 
000008d1  Assignment_2                  
00000911  _c_int00_noargs               
00000945  LED_SETUP                     
00000971  __aeabi_ui2d                  
00000991  __TI_zero_init_nomemset       
000009ad  __TI_decompress_none          
000009bb  Reset_Handler                 
000009c7  ADC14_IRQHandler              
000009c7  AES256_IRQHandler             
000009c7  BusFault_Handler              
000009c7  COMP_E0_IRQHandler            
000009c7  COMP_E1_IRQHandler            
000009c7  CS_IRQHandler                 
000009c7  DMA_ERR_IRQHandler            
000009c7  DMA_INT0_IRQHandler           
000009c7  DMA_INT1_IRQHandler           
000009c7  DMA_INT2_IRQHandler           
000009c7  DMA_INT3_IRQHandler           
000009c7  DebugMon_Handler              
000009c7  Default_Handler               
000009c7  EUSCIA0_IRQHandler            
000009c7  EUSCIA1_IRQHandler            
000009c7  EUSCIA2_IRQHandler            
000009c7  EUSCIA3_IRQHandler            
000009c7  EUSCIB0_IRQHandler            
000009c7  EUSCIB1_IRQHandler            
000009c7  EUSCIB2_IRQHandler            
000009c7  EUSCIB3_IRQHandler            
000009c7  FLCTL_IRQHandler              
000009c7  FPU_IRQHandler                
000009c7  HardFault_Handler             
000009c7  MemManage_Handler             
000009c7  NMI_Handler                   
000009c7  PCM_IRQHandler                
000009c7  PORT1_IRQHandler              
000009c7  PORT2_IRQHandler              
000009c7  PORT3_IRQHandler              
000009c7  PORT4_IRQHandler              
000009c7  PORT5_IRQHandler              
000009c7  PORT6_IRQHandler              
000009c7  PSS_IRQHandler                
000009c7  PendSV_Handler                
000009c7  RTC_C_IRQHandler              
000009c7  SVC_Handler                   
000009c7  SysTick_Handler               
000009c7  T32_INT1_IRQHandler           
000009c7  T32_INT2_IRQHandler           
000009c7  T32_INTC_IRQHandler           
000009c7  TA0_0_IRQHandler              
000009c7  TA0_N_IRQHandler              
000009c7  TA1_0_IRQHandler              
000009c7  TA1_N_IRQHandler              
000009c7  TA2_0_IRQHandler              
000009c7  TA2_N_IRQHandler              
000009c7  TA3_0_IRQHandler              
000009c7  TA3_N_IRQHandler              
000009c7  UsageFault_Handler            
000009c7  WDT_A_IRQHandler              
000009c9  main                          
000009d1  _system_pre_init              
000009d5  C$$EXIT                       
000009d5  abort                         
000009d8  __TI_Handler_Table_Base       
000009e4  __TI_Handler_Table_Limit      
000009f8  __TI_CINIT_Base               
00000a08  __TI_CINIT_Limit              
20000000  delay_time                    
20000004  i                             
20000008  SystemCoreClock               
2000fe00  __stack                       
20010000  __STACK_END                   
4000480c  WDTCTL_SYM                    
ffffffff  __TI_pprof_out_hndl           
ffffffff  __TI_prof_data_size           
ffffffff  __TI_prof_data_start          
ffffffff  __binit__                     
ffffffff  __c_args__                    
ffffffff  binit                         
UNDEFED   __mpu_init                    
UNDEFED   _system_post_cinit            

[99 symbols]
