<?xml version="1.0" encoding="ISO-8859-1" ?>
<link_info>
   <banner>TI ARM Linker PC v18.12.2.LTS</banner>
   <copyright>Copyright (c) 1996-2018 Texas Instruments Incorporated</copyright>
   <link_time>0x5db93e43</link_time>
   <link_errors>0x0</link_errors>
   <output_file>CPE329.out</output_file>
   <entry_point>
      <name>_c_int00_noargs</name>
      <address>0x504d</address>
   </entry_point>
   <input_file_list>
      <input_file id="fl-2">
         <path>.\</path>
         <kind>object</kind>
         <file>ADC.obj</file>
         <name>ADC.obj</name>
      </input_file>
      <input_file id="fl-3">
         <path>.\</path>
         <kind>object</kind>
         <file>CPE329.obj</file>
         <name>CPE329.obj</name>
      </input_file>
      <input_file id="fl-4">
         <path>.\</path>
         <kind>object</kind>
         <file>Function_Generator.obj</file>
         <name>Function_Generator.obj</name>
      </input_file>
      <input_file id="fl-5">
         <path>.\</path>
         <kind>object</kind>
         <file>ISR.obj</file>
         <name>ISR.obj</name>
      </input_file>
      <input_file id="fl-6">
         <path>.\</path>
         <kind>object</kind>
         <file>Keypad.obj</file>
         <name>Keypad.obj</name>
      </input_file>
      <input_file id="fl-7">
         <path>.\</path>
         <kind>object</kind>
         <file>LCD.obj</file>
         <name>LCD.obj</name>
      </input_file>
      <input_file id="fl-8">
         <path>.\</path>
         <kind>object</kind>
         <file>LED_blinky.obj</file>
         <name>LED_blinky.obj</name>
      </input_file>
      <input_file id="fl-9">
         <path>.\</path>
         <kind>object</kind>
         <file>SPI.obj</file>
         <name>SPI.obj</name>
      </input_file>
      <input_file id="fl-a">
         <path>.\</path>
         <kind>object</kind>
         <file>Timer_A0.obj</file>
         <name>Timer_A0.obj</name>
      </input_file>
      <input_file id="fl-b">
         <path>.\</path>
         <kind>object</kind>
         <file>UART.obj</file>
         <name>UART.obj</name>
      </input_file>
      <input_file id="fl-c">
         <path>.\</path>
         <kind>object</kind>
         <file>delay_us.obj</file>
         <name>delay_us.obj</name>
      </input_file>
      <input_file id="fl-d">
         <path>.\</path>
         <kind>object</kind>
         <file>main.obj</file>
         <name>main.obj</name>
      </input_file>
      <input_file id="fl-e">
         <path>.\</path>
         <kind>object</kind>
         <file>millis.obj</file>
         <name>millis.obj</name>
      </input_file>
      <input_file id="fl-f">
         <path>.\</path>
         <kind>object</kind>
         <file>set_DCO.obj</file>
         <name>set_DCO.obj</name>
      </input_file>
      <input_file id="fl-10">
         <path>.\</path>
         <kind>object</kind>
         <file>startup_msp432p401r_ccs.obj</file>
         <name>startup_msp432p401r_ccs.obj</name>
      </input_file>
      <input_file id="fl-11">
         <path>.\</path>
         <kind>object</kind>
         <file>system_msp432p401r.obj</file>
         <name>system_msp432p401r.obj</name>
      </input_file>
      <input_file id="fl-15">
         <kind>object</kind>
         <file>&lt;internal&gt;</file>
         <name>&lt;internal&gt;</name>
      </input_file>
      <input_file id="fl-cb">
         <path>C:\ti\ccs910\ccs\tools\compiler\ti-cgt-arm_18.12.2.LTS\lib\</path>
         <kind>archive</kind>
         <file>rtsv7M4_T_le_v4SPD16_eabi.lib</file>
         <name>sprintf.c.obj</name>
      </input_file>
      <input_file id="fl-cc">
         <path>C:\ti\ccs910\ccs\tools\compiler\ti-cgt-arm_18.12.2.LTS\lib\</path>
         <kind>archive</kind>
         <file>rtsv7M4_T_le_v4SPD16_eabi.lib</file>
         <name>e_pow.c.obj</name>
      </input_file>
      <input_file id="fl-cd">
         <path>C:\ti\ccs910\ccs\tools\compiler\ti-cgt-arm_18.12.2.LTS\lib\</path>
         <kind>archive</kind>
         <file>rtsv7M4_T_le_v4SPD16_eabi.lib</file>
         <name>e_sqrt.c.obj</name>
      </input_file>
      <input_file id="fl-ce">
         <path>C:\ti\ccs910\ccs\tools\compiler\ti-cgt-arm_18.12.2.LTS\lib\</path>
         <kind>archive</kind>
         <file>rtsv7M4_T_le_v4SPD16_eabi.lib</file>
         <name>s_scalbn.c.obj</name>
      </input_file>
      <input_file id="fl-cf">
         <path>C:\ti\ccs910\ccs\tools\compiler\ti-cgt-arm_18.12.2.LTS\lib\</path>
         <kind>archive</kind>
         <file>rtsv7M4_T_le_v4SPD16_eabi.lib</file>
         <name>s_sin.c.obj</name>
      </input_file>
      <input_file id="fl-d0">
         <path>C:\ti\ccs910\ccs\tools\compiler\ti-cgt-arm_18.12.2.LTS\lib\</path>
         <kind>archive</kind>
         <file>rtsv7M4_T_le_v4SPD16_eabi.lib</file>
         <name>fd_add_t2.asm.obj</name>
      </input_file>
      <input_file id="fl-d1">
         <path>C:\ti\ccs910\ccs\tools\compiler\ti-cgt-arm_18.12.2.LTS\lib\</path>
         <kind>archive</kind>
         <file>rtsv7M4_T_le_v4SPD16_eabi.lib</file>
         <name>fd_cmp_t2.asm.obj</name>
      </input_file>
      <input_file id="fl-d2">
         <path>C:\ti\ccs910\ccs\tools\compiler\ti-cgt-arm_18.12.2.LTS\lib\</path>
         <kind>archive</kind>
         <file>rtsv7M4_T_le_v4SPD16_eabi.lib</file>
         <name>fd_div_t2.asm.obj</name>
      </input_file>
      <input_file id="fl-d3">
         <path>C:\ti\ccs910\ccs\tools\compiler\ti-cgt-arm_18.12.2.LTS\lib\</path>
         <kind>archive</kind>
         <file>rtsv7M4_T_le_v4SPD16_eabi.lib</file>
         <name>fd_mul_t2.asm.obj</name>
      </input_file>
      <input_file id="fl-d4">
         <path>C:\ti\ccs910\ccs\tools\compiler\ti-cgt-arm_18.12.2.LTS\lib\</path>
         <kind>archive</kind>
         <file>rtsv7M4_T_le_v4SPD16_eabi.lib</file>
         <name>fd_toi_t2.asm.obj</name>
      </input_file>
      <input_file id="fl-d5">
         <path>C:\ti\ccs910\ccs\tools\compiler\ti-cgt-arm_18.12.2.LTS\lib\</path>
         <kind>archive</kind>
         <file>rtsv7M4_T_le_v4SPD16_eabi.lib</file>
         <name>fd_tou_t2.asm.obj</name>
      </input_file>
      <input_file id="fl-d6">
         <path>C:\ti\ccs910\ccs\tools\compiler\ti-cgt-arm_18.12.2.LTS\lib\</path>
         <kind>archive</kind>
         <file>rtsv7M4_T_le_v4SPD16_eabi.lib</file>
         <name>fs_tod_t2.asm.obj</name>
      </input_file>
      <input_file id="fl-d7">
         <path>C:\ti\ccs910\ccs\tools\compiler\ti-cgt-arm_18.12.2.LTS\lib\</path>
         <kind>archive</kind>
         <file>rtsv7M4_T_le_v4SPD16_eabi.lib</file>
         <name>i_tofd_t2.asm.obj</name>
      </input_file>
      <input_file id="fl-d8">
         <path>C:\ti\ccs910\ccs\tools\compiler\ti-cgt-arm_18.12.2.LTS\lib\</path>
         <kind>archive</kind>
         <file>rtsv7M4_T_le_v4SPD16_eabi.lib</file>
         <name>memcpy_t2.asm.obj</name>
      </input_file>
      <input_file id="fl-d9">
         <path>C:\ti\ccs910\ccs\tools\compiler\ti-cgt-arm_18.12.2.LTS\lib\</path>
         <kind>archive</kind>
         <file>rtsv7M4_T_le_v4SPD16_eabi.lib</file>
         <name>u_tofd_t2.asm.obj</name>
      </input_file>
      <input_file id="fl-da">
         <path>C:\ti\ccs910\ccs\tools\compiler\ti-cgt-arm_18.12.2.LTS\lib\</path>
         <kind>archive</kind>
         <file>rtsv7M4_T_le_v4SPD16_eabi.lib</file>
         <name>copy_zero_init.c.obj</name>
      </input_file>
      <input_file id="fl-db">
         <path>C:\ti\ccs910\ccs\tools\compiler\ti-cgt-arm_18.12.2.LTS\lib\</path>
         <kind>archive</kind>
         <file>rtsv7M4_T_le_v4SPD16_eabi.lib</file>
         <name>copy_decompress_none.c.obj</name>
      </input_file>
      <input_file id="fl-dc">
         <path>C:\ti\ccs910\ccs\tools\compiler\ti-cgt-arm_18.12.2.LTS\lib\</path>
         <kind>archive</kind>
         <file>rtsv7M4_T_le_v4SPD16_eabi.lib</file>
         <name>copy_decompress_lzss.c.obj</name>
      </input_file>
      <input_file id="fl-dd">
         <path>C:\ti\ccs910\ccs\tools\compiler\ti-cgt-arm_18.12.2.LTS\lib\</path>
         <kind>archive</kind>
         <file>rtsv7M4_T_le_v4SPD16_eabi.lib</file>
         <name>k_rem_pio2.c.obj</name>
      </input_file>
      <input_file id="fl-de">
         <path>C:\ti\ccs910\ccs\tools\compiler\ti-cgt-arm_18.12.2.LTS\lib\</path>
         <kind>archive</kind>
         <file>rtsv7M4_T_le_v4SPD16_eabi.lib</file>
         <name>boot_cortex_m.c.obj</name>
      </input_file>
      <input_file id="fl-df">
         <path>C:\ti\ccs910\ccs\tools\compiler\ti-cgt-arm_18.12.2.LTS\lib\</path>
         <kind>archive</kind>
         <file>rtsv7M4_T_le_v4SPD16_eabi.lib</file>
         <name>errno.c.obj</name>
      </input_file>
      <input_file id="fl-e0">
         <path>C:\ti\ccs910\ccs\tools\compiler\ti-cgt-arm_18.12.2.LTS\lib\</path>
         <kind>archive</kind>
         <file>rtsv7M4_T_le_v4SPD16_eabi.lib</file>
         <name>s_copysign.c.obj</name>
      </input_file>
      <input_file id="fl-e1">
         <path>C:\ti\ccs910\ccs\tools\compiler\ti-cgt-arm_18.12.2.LTS\lib\</path>
         <kind>archive</kind>
         <file>rtsv7M4_T_le_v4SPD16_eabi.lib</file>
         <name>_printfi.c.obj</name>
      </input_file>
      <input_file id="fl-e2">
         <path>C:\ti\ccs910\ccs\tools\compiler\ti-cgt-arm_18.12.2.LTS\lib\</path>
         <kind>archive</kind>
         <file>rtsv7M4_T_le_v4SPD16_eabi.lib</file>
         <name>k_cos.c.obj</name>
      </input_file>
      <input_file id="fl-e3">
         <path>C:\ti\ccs910\ccs\tools\compiler\ti-cgt-arm_18.12.2.LTS\lib\</path>
         <kind>archive</kind>
         <file>rtsv7M4_T_le_v4SPD16_eabi.lib</file>
         <name>k_sin.c.obj</name>
      </input_file>
      <input_file id="fl-e4">
         <path>C:\ti\ccs910\ccs\tools\compiler\ti-cgt-arm_18.12.2.LTS\lib\</path>
         <kind>archive</kind>
         <file>rtsv7M4_T_le_v4SPD16_eabi.lib</file>
         <name>s_floor.c.obj</name>
      </input_file>
      <input_file id="fl-e5">
         <path>C:\ti\ccs910\ccs\tools\compiler\ti-cgt-arm_18.12.2.LTS\lib\</path>
         <kind>archive</kind>
         <file>rtsv7M4_T_le_v4SPD16_eabi.lib</file>
         <name>s_frexp.c.obj</name>
      </input_file>
      <input_file id="fl-e6">
         <path>C:\ti\ccs910\ccs\tools\compiler\ti-cgt-arm_18.12.2.LTS\lib\</path>
         <kind>archive</kind>
         <file>rtsv7M4_T_le_v4SPD16_eabi.lib</file>
         <name>ull_div_t2.asm.obj</name>
      </input_file>
      <input_file id="fl-e7">
         <path>C:\ti\ccs910\ccs\tools\compiler\ti-cgt-arm_18.12.2.LTS\lib\</path>
         <kind>archive</kind>
         <file>rtsv7M4_T_le_v4SPD16_eabi.lib</file>
         <name>memset_t2.asm.obj</name>
      </input_file>
      <input_file id="fl-e8">
         <path>C:\ti\ccs910\ccs\tools\compiler\ti-cgt-arm_18.12.2.LTS\lib\</path>
         <kind>archive</kind>
         <file>rtsv7M4_T_le_v4SPD16_eabi.lib</file>
         <name>autoinit.c.obj</name>
      </input_file>
      <input_file id="fl-e9">
         <path>C:\ti\ccs910\ccs\tools\compiler\ti-cgt-arm_18.12.2.LTS\lib\</path>
         <kind>archive</kind>
         <file>rtsv7M4_T_le_v4SPD16_eabi.lib</file>
         <name>pre_init.c.obj</name>
      </input_file>
      <input_file id="fl-ea">
         <path>C:\ti\ccs910\ccs\tools\compiler\ti-cgt-arm_18.12.2.LTS\lib\</path>
         <kind>archive</kind>
         <file>rtsv7M4_T_le_v4SPD16_eabi.lib</file>
         <name>cpy_tbl.c.obj</name>
      </input_file>
      <input_file id="fl-eb">
         <path>C:\ti\ccs910\ccs\tools\compiler\ti-cgt-arm_18.12.2.LTS\lib\</path>
         <kind>archive</kind>
         <file>rtsv7M4_T_le_v4SPD16_eabi.lib</file>
         <name>exit.c.obj</name>
      </input_file>
      <input_file id="fl-ec">
         <path>C:\ti\ccs910\ccs\tools\compiler\ti-cgt-arm_18.12.2.LTS\lib\</path>
         <kind>archive</kind>
         <file>rtsv7M4_T_le_v4SPD16_eabi.lib</file>
         <name>_lock.c.obj</name>
      </input_file>
      <input_file id="fl-ed">
         <path>C:\ti\ccs910\ccs\tools\compiler\ti-cgt-arm_18.12.2.LTS\lib\</path>
         <kind>archive</kind>
         <file>rtsv7M4_T_le_v4SPD16_eabi.lib</file>
         <name>args_main.c.obj</name>
      </input_file>
      <input_file id="fl-ee">
         <path>C:\ti\ccs910\ccs\tools\compiler\ti-cgt-arm_18.12.2.LTS\lib\</path>
         <kind>archive</kind>
         <file>rtsv7M4_T_le_v4SPD16_eabi.lib</file>
         <name>atoi.c.obj</name>
      </input_file>
      <input_file id="fl-ef">
         <path>C:\ti\ccs910\ccs\tools\compiler\ti-cgt-arm_18.12.2.LTS\lib\</path>
         <kind>archive</kind>
         <file>rtsv7M4_T_le_v4SPD16_eabi.lib</file>
         <name>ctype.c.obj</name>
      </input_file>
      <input_file id="fl-f0">
         <path>C:\ti\ccs910\ccs\tools\compiler\ti-cgt-arm_18.12.2.LTS\lib\</path>
         <kind>archive</kind>
         <file>rtsv7M4_T_le_v4SPD16_eabi.lib</file>
         <name>ltoa.c.obj</name>
      </input_file>
      <input_file id="fl-f1">
         <path>C:\ti\ccs910\ccs\tools\compiler\ti-cgt-arm_18.12.2.LTS\lib\</path>
         <kind>archive</kind>
         <file>rtsv7M4_T_le_v4SPD16_eabi.lib</file>
         <name>memccpy.c.obj</name>
      </input_file>
      <input_file id="fl-f2">
         <path>C:\ti\ccs910\ccs\tools\compiler\ti-cgt-arm_18.12.2.LTS\lib\</path>
         <kind>archive</kind>
         <file>rtsv7M4_T_le_v4SPD16_eabi.lib</file>
         <name>strchr.c.obj</name>
      </input_file>
      <input_file id="fl-f3">
         <path>C:\ti\ccs910\ccs\tools\compiler\ti-cgt-arm_18.12.2.LTS\lib\</path>
         <kind>archive</kind>
         <file>rtsv7M4_T_le_v4SPD16_eabi.lib</file>
         <name>strlen.c.obj</name>
      </input_file>
      <input_file id="fl-f4">
         <path>C:\ti\ccs910\ccs\tools\compiler\ti-cgt-arm_18.12.2.LTS\lib\</path>
         <kind>archive</kind>
         <file>rtsv7M4_T_le_v4SPD16_eabi.lib</file>
         <name>wcslen.c.obj</name>
      </input_file>
      <input_file id="fl-f5">
         <path>C:\ti\ccs910\ccs\tools\compiler\ti-cgt-arm_18.12.2.LTS\lib\</path>
         <kind>archive</kind>
         <file>rtsv7M4_T_le_v4SPD16_eabi.lib</file>
         <name>div0.asm.obj</name>
      </input_file>
   </input_file_list>
   <object_component_list>
      <object_component id="oc-23">
         <name>.intvecs:retain</name>
         <load_address>0x0</load_address>
         <run_address>0x0</run_address>
         <size>0xe4</size>
         <input_file_ref idref="fl-10"/>
      </object_component>
      <object_component id="oc-1bc">
         <name>.text:__TI_printfi</name>
         <load_address>0xe4</load_address>
         <run_address>0xe4</run_address>
         <size>0xa4e</size>
         <input_file_ref idref="fl-e1"/>
      </object_component>
      <object_component id="oc-3a5">
         <name>.text</name>
         <load_address>0xb32</load_address>
         <run_address>0xb32</run_address>
         <size>0x2</size>
         <input_file_ref idref="fl-f5"/>
      </object_component>
      <object_component id="oc-218">
         <name>.text:pow</name>
         <load_address>0xb34</load_address>
         <run_address>0xb34</run_address>
         <size>0x9c0</size>
         <input_file_ref idref="fl-cc"/>
      </object_component>
      <object_component id="oc-1fc">
         <name>.text:__kernel_rem_pio2</name>
         <load_address>0x14f4</load_address>
         <run_address>0x14f4</run_address>
         <size>0x738</size>
         <input_file_ref idref="fl-dd"/>
      </object_component>
      <object_component id="oc-115">
         <name>.text:sin</name>
         <load_address>0x1c2c</load_address>
         <run_address>0x1c2c</run_address>
         <size>0x5c4</size>
         <input_file_ref idref="fl-cf"/>
      </object_component>
      <object_component id="oc-152">
         <name>.text</name>
         <load_address>0x21f0</load_address>
         <run_address>0x21f0</run_address>
         <size>0x468</size>
         <input_file_ref idref="fl-3"/>
      </object_component>
      <object_component id="oc-c6">
         <name>.text</name>
         <load_address>0x2658</load_address>
         <run_address>0x2658</run_address>
         <size>0x334</size>
         <input_file_ref idref="fl-11"/>
      </object_component>
      <object_component id="oc-76">
         <name>.text</name>
         <load_address>0x298c</load_address>
         <run_address>0x298c</run_address>
         <size>0x2a8</size>
         <input_file_ref idref="fl-4"/>
      </object_component>
      <object_component id="oc-27d">
         <name>.text:_pconv_a</name>
         <load_address>0x2c34</load_address>
         <run_address>0x2c34</run_address>
         <size>0x270</size>
         <input_file_ref idref="fl-e1"/>
      </object_component>
      <object_component id="oc-f9">
         <name>.text</name>
         <load_address>0x2ea4</load_address>
         <run_address>0x2ea4</run_address>
         <size>0x210</size>
         <input_file_ref idref="fl-7"/>
      </object_component>
      <object_component id="oc-26b">
         <name>.text:_pconv_g</name>
         <load_address>0x30b4</load_address>
         <run_address>0x30b4</run_address>
         <size>0x1d0</size>
         <input_file_ref idref="fl-e1"/>
      </object_component>
      <object_component id="oc-120">
         <name>.text</name>
         <load_address>0x3284</load_address>
         <run_address>0x3284</run_address>
         <size>0x1b6</size>
         <input_file_ref idref="fl-d0"/>
      </object_component>
      <object_component id="oc-70">
         <name>.text</name>
         <load_address>0x343c</load_address>
         <run_address>0x343c</run_address>
         <size>0x1ac</size>
         <input_file_ref idref="fl-5"/>
      </object_component>
      <object_component id="oc-ff">
         <name>.text</name>
         <load_address>0x35e8</load_address>
         <run_address>0x35e8</run_address>
         <size>0x1a0</size>
         <input_file_ref idref="fl-c"/>
      </object_component>
      <object_component id="oc-1f1">
         <name>.text:__kernel_sin</name>
         <load_address>0x3788</load_address>
         <run_address>0x3788</run_address>
         <size>0x174</size>
         <input_file_ref idref="fl-e3"/>
      </object_component>
      <object_component id="oc-202">
         <name>.text:__kernel_cos</name>
         <load_address>0x38fc</load_address>
         <run_address>0x38fc</run_address>
         <size>0x16c</size>
         <input_file_ref idref="fl-e2"/>
      </object_component>
      <object_component id="oc-2dc">
         <name>.text:sqrt</name>
         <load_address>0x3a68</load_address>
         <run_address>0x3a68</run_address>
         <size>0x158</size>
         <input_file_ref idref="fl-cd"/>
      </object_component>
      <object_component id="oc-277">
         <name>.text:_pconv_e</name>
         <load_address>0x3bc0</load_address>
         <run_address>0x3bc0</run_address>
         <size>0x13c</size>
         <input_file_ref idref="fl-e1"/>
      </object_component>
      <object_component id="oc-e9">
         <name>.text</name>
         <load_address>0x3cfc</load_address>
         <run_address>0x3cfc</run_address>
         <size>0x136</size>
         <input_file_ref idref="fl-d2"/>
      </object_component>
      <object_component id="oc-21e">
         <name>.text</name>
         <load_address>0x3e34</load_address>
         <run_address>0x3e34</run_address>
         <size>0x130</size>
         <input_file_ref idref="fl-9"/>
      </object_component>
      <object_component id="oc-335">
         <name>.text:fcvt</name>
         <load_address>0x3f64</load_address>
         <run_address>0x3f64</run_address>
         <size>0x124</size>
         <input_file_ref idref="fl-e1"/>
      </object_component>
      <object_component id="oc-2b5">
         <name>.text:scalbn</name>
         <load_address>0x4088</load_address>
         <run_address>0x4088</run_address>
         <size>0x110</size>
         <input_file_ref idref="fl-ce"/>
      </object_component>
      <object_component id="oc-7c">
         <name>.text</name>
         <load_address>0x4198</load_address>
         <run_address>0x4198</run_address>
         <size>0x10c</size>
         <input_file_ref idref="fl-e"/>
      </object_component>
      <object_component id="oc-11b">
         <name>.text</name>
         <load_address>0x42a4</load_address>
         <run_address>0x42a4</run_address>
         <size>0xfc</size>
         <input_file_ref idref="fl-d3"/>
      </object_component>
      <object_component id="oc-82">
         <name>.text</name>
         <load_address>0x43a0</load_address>
         <run_address>0x43a0</run_address>
         <size>0xf8</size>
         <input_file_ref idref="fl-b"/>
      </object_component>
      <object_component id="oc-2bb">
         <name>.text:floor</name>
         <load_address>0x4498</load_address>
         <run_address>0x4498</run_address>
         <size>0xf8</size>
         <input_file_ref idref="fl-e4"/>
      </object_component>
      <object_component id="oc-224">
         <name>.text</name>
         <load_address>0x4590</load_address>
         <run_address>0x4590</run_address>
         <size>0xf0</size>
         <input_file_ref idref="fl-6"/>
      </object_component>
      <object_component id="oc-cd">
         <name>.text</name>
         <load_address>0x4680</load_address>
         <run_address>0x4680</run_address>
         <size>0xd0</size>
         <input_file_ref idref="fl-f"/>
      </object_component>
      <object_component id="oc-265">
         <name>.text:_ltostr</name>
         <load_address>0x4750</load_address>
         <run_address>0x4750</run_address>
         <size>0xb1</size>
         <input_file_ref idref="fl-e1"/>
      </object_component>
      <object_component id="oc-34">
         <name>.text</name>
         <load_address>0x4802</load_address>
         <run_address>0x4802</run_address>
         <size>0x9c</size>
         <input_file_ref idref="fl-d8"/>
      </object_component>
      <object_component id="oc-6a">
         <name>.text</name>
         <load_address>0x48a0</load_address>
         <run_address>0x48a0</run_address>
         <size>0x98</size>
         <input_file_ref idref="fl-a"/>
      </object_component>
      <object_component id="oc-31c">
         <name>.text</name>
         <load_address>0x4938</load_address>
         <run_address>0x4938</run_address>
         <size>0x96</size>
         <input_file_ref idref="fl-e6"/>
      </object_component>
      <object_component id="oc-88">
         <name>.text</name>
         <load_address>0x49d0</load_address>
         <run_address>0x49d0</run_address>
         <size>0x94</size>
         <input_file_ref idref="fl-2"/>
      </object_component>
      <object_component id="oc-1f7">
         <name>.text:__aeabi_cdcmple</name>
         <load_address>0x4a64</load_address>
         <run_address>0x4a64</run_address>
         <size>0x86</size>
         <input_file_ref idref="fl-d1"/>
      </object_component>
      <object_component id="oc-2c1">
         <name>.text:__aeabi_cdrcmple</name>
         <load_address>0x4aea</load_address>
         <run_address>0x4aea</run_address>
         <size>0x86</size>
         <input_file_ref idref="fl-d1"/>
      </object_component>
      <object_component id="oc-a8">
         <name>.text</name>
         <load_address>0x4b70</load_address>
         <run_address>0x4b70</run_address>
         <size>0x7a</size>
         <input_file_ref idref="fl-e7"/>
      </object_component>
      <object_component id="oc-32e">
         <name>.text:_mcpy</name>
         <load_address>0x4bea</load_address>
         <run_address>0x4bea</run_address>
         <size>0x6e</size>
         <input_file_ref idref="fl-e1"/>
      </object_component>
      <object_component id="oc-14">
         <name>.text:decompress:lzss:__TI_decompress_lzss</name>
         <load_address>0x4c58</load_address>
         <run_address>0x4c58</run_address>
         <size>0x68</size>
         <input_file_ref idref="fl-dc"/>
      </object_component>
      <object_component id="oc-343">
         <name>.text:frexp</name>
         <load_address>0x4cc0</load_address>
         <run_address>0x4cc0</run_address>
         <size>0x64</size>
         <input_file_ref idref="fl-e5"/>
      </object_component>
      <object_component id="oc-22a">
         <name>.text</name>
         <load_address>0x4d24</load_address>
         <run_address>0x4d24</run_address>
         <size>0x58</size>
         <input_file_ref idref="fl-8"/>
      </object_component>
      <object_component id="oc-271">
         <name>.text:_pconv_f</name>
         <load_address>0x4d7c</load_address>
         <run_address>0x4d7c</run_address>
         <size>0x56</size>
         <input_file_ref idref="fl-e1"/>
      </object_component>
      <object_component id="oc-322">
         <name>.text:ltoa</name>
         <load_address>0x4dd2</load_address>
         <run_address>0x4dd2</run_address>
         <size>0x54</size>
         <input_file_ref idref="fl-f0"/>
      </object_component>
      <object_component id="oc-328">
         <name>.text:_ecpy</name>
         <load_address>0x4e26</load_address>
         <run_address>0x4e26</run_address>
         <size>0x52</size>
         <input_file_ref idref="fl-e1"/>
      </object_component>
      <object_component id="oc-25f">
         <name>.text:atoi</name>
         <load_address>0x4e78</load_address>
         <run_address>0x4e78</run_address>
         <size>0x4c</size>
         <input_file_ref idref="fl-ee"/>
      </object_component>
      <object_component id="oc-ee">
         <name>.text</name>
         <load_address>0x4ec4</load_address>
         <run_address>0x4ec4</run_address>
         <size>0x48</size>
         <input_file_ref idref="fl-d4"/>
      </object_component>
      <object_component id="oc-165">
         <name>.text:__TI_auto_init_nobinit_nopinit:__TI_auto_init_nobinit_nopinit</name>
         <load_address>0x4f0c</load_address>
         <run_address>0x4f0c</run_address>
         <size>0x44</size>
         <input_file_ref idref="fl-e8"/>
      </object_component>
      <object_component id="oc-1dd">
         <name>.text</name>
         <load_address>0x4f50</load_address>
         <run_address>0x4f50</run_address>
         <size>0x44</size>
         <input_file_ref idref="fl-d5"/>
      </object_component>
      <object_component id="oc-f3">
         <name>.text:sprintf</name>
         <load_address>0x4f94</load_address>
         <run_address>0x4f94</run_address>
         <size>0x40</size>
         <input_file_ref idref="fl-cb"/>
      </object_component>
      <object_component id="oc-33b">
         <name>.text:_fcpy</name>
         <load_address>0x4fd4</load_address>
         <run_address>0x4fd4</run_address>
         <size>0x3e</size>
         <input_file_ref idref="fl-e1"/>
      </object_component>
      <object_component id="oc-110">
         <name>.text</name>
         <load_address>0x5012</load_address>
         <run_address>0x5012</run_address>
         <size>0x38</size>
         <input_file_ref idref="fl-d6"/>
      </object_component>
      <object_component id="oc-52">
         <name>.text:_c_int00_noargs:_c_int00_noargs</name>
         <load_address>0x504c</load_address>
         <run_address>0x504c</run_address>
         <size>0x34</size>
         <input_file_ref idref="fl-de"/>
      </object_component>
      <object_component id="oc-e4">
         <name>.text</name>
         <load_address>0x5080</load_address>
         <run_address>0x5080</run_address>
         <size>0x2e</size>
         <input_file_ref idref="fl-d7"/>
      </object_component>
      <object_component id="oc-1d8">
         <name>.text</name>
         <load_address>0x50ae</load_address>
         <run_address>0x50ae</run_address>
         <size>0x20</size>
         <input_file_ref idref="fl-d9"/>
      </object_component>
      <object_component id="oc-40">
         <name>.text:decompress:ZI:__TI_zero_init_nomemset:__TI_zero_init_nomemset</name>
         <load_address>0x50ce</load_address>
         <run_address>0x50ce</run_address>
         <size>0x1c</size>
         <input_file_ref idref="fl-da"/>
      </object_component>
      <object_component id="oc-283">
         <name>.text:memccpy</name>
         <load_address>0x50ea</load_address>
         <run_address>0x50ea</run_address>
         <size>0x1c</size>
         <input_file_ref idref="fl-f1"/>
      </object_component>
      <object_component id="oc-371">
         <name>.text:copysign</name>
         <load_address>0x5106</load_address>
         <run_address>0x5106</run_address>
         <size>0x1a</size>
         <input_file_ref idref="fl-e0"/>
      </object_component>
      <object_component id="oc-1c2">
         <name>.text:_outs</name>
         <load_address>0x5120</load_address>
         <run_address>0x5120</run_address>
         <size>0x18</size>
         <input_file_ref idref="fl-cb"/>
      </object_component>
      <object_component id="oc-349">
         <name>.text:strchr</name>
         <load_address>0x5138</load_address>
         <run_address>0x5138</run_address>
         <size>0x16</size>
         <input_file_ref idref="fl-f2"/>
      </object_component>
      <object_component id="oc-259">
         <name>.text:strlen</name>
         <load_address>0x514e</load_address>
         <run_address>0x514e</run_address>
         <size>0x14</size>
         <input_file_ref idref="fl-f3"/>
      </object_component>
      <object_component id="oc-289">
         <name>.text:wcslen</name>
         <load_address>0x5162</load_address>
         <run_address>0x5162</run_address>
         <size>0x12</size>
         <input_file_ref idref="fl-f4"/>
      </object_component>
      <object_component id="oc-1a">
         <name>.text:decompress:none:__TI_decompress_none</name>
         <load_address>0x5174</load_address>
         <run_address>0x5174</run_address>
         <size>0xe</size>
         <input_file_ref idref="fl-db"/>
      </object_component>
      <object_component id="oc-64">
         <name>.text</name>
         <load_address>0x5182</load_address>
         <run_address>0x5182</run_address>
         <size>0xe</size>
         <input_file_ref idref="fl-10"/>
      </object_component>
      <object_component id="oc-1c8">
         <name>.text:_outc</name>
         <load_address>0x5190</load_address>
         <run_address>0x5190</run_address>
         <size>0xa</size>
         <input_file_ref idref="fl-cb"/>
      </object_component>
      <object_component id="oc-28f">
         <name>.text:__aeabi_errno_addr</name>
         <load_address>0x519c</load_address>
         <run_address>0x519c</run_address>
         <size>0x8</size>
         <input_file_ref idref="fl-df"/>
      </object_component>
      <object_component id="oc-b4">
         <name>.text</name>
         <load_address>0x51a4</load_address>
         <run_address>0x51a4</run_address>
         <size>0x8</size>
         <input_file_ref idref="fl-d"/>
      </object_component>
      <object_component id="oc-ae">
         <name>.text:_system_pre_init</name>
         <load_address>0x51ac</load_address>
         <run_address>0x51ac</run_address>
         <size>0x4</size>
         <input_file_ref idref="fl-e9"/>
      </object_component>
      <object_component id="oc-159">
         <name>.text:abort:abort</name>
         <load_address>0x51b0</load_address>
         <run_address>0x51b0</run_address>
         <size>0x4</size>
         <input_file_ref idref="fl-eb"/>
      </object_component>
      <object_component id="oc-2c6">
         <name>.const:$O1$$</name>
         <load_address>0x51b8</load_address>
         <run_address>0x51b8</run_address>
         <size>0x158</size>
         <input_file_ref idref="fl-dd"/>
      </object_component>
      <object_component id="oc-317">
         <name>.const:.string:_ctypes_</name>
         <load_address>0x5310</load_address>
         <run_address>0x5310</run_address>
         <size>0x101</size>
         <input_file_ref idref="fl-ef"/>
      </object_component>
      <object_component id="oc-233">
         <name>.const:.string:$P$T1$2</name>
         <load_address>0x5411</load_address>
         <run_address>0x5411</run_address>
         <size>0x5</size>
         <input_file_ref idref="fl-3"/>
      </object_component>
      <object_component id="oc-2e2">
         <name>.const:$O1$$</name>
         <load_address>0x5418</load_address>
         <run_address>0x5418</run_address>
         <size>0x30</size>
         <input_file_ref idref="fl-cc"/>
      </object_component>
      <object_component id="oc-230">
         <name>.const:.string:$P$T0$1</name>
         <load_address>0x5448</load_address>
         <run_address>0x5448</run_address>
         <size>0x3</size>
         <input_file_ref idref="fl-3"/>
      </object_component>
      <object_component id="oc-406">
         <name>.cinit..data.load</name>
         <load_address>0x5450</load_address>
         <run_address>0x5450</run_address>
         <size>0x448</size>
      </object_component>
      <object_component id="oc-404">
         <name>__TI_handler_table</name>
         <load_address>0x5898</load_address>
         <run_address>0x5898</run_address>
         <size>0xc</size>
      </object_component>
      <object_component id="oc-407">
         <name>.cinit..bss.load</name>
         <load_address>0x58a8</load_address>
         <run_address>0x58a8</run_address>
         <size>0x8</size>
      </object_component>
      <object_component id="oc-405">
         <name>__TI_cinit_table</name>
         <load_address>0x58b0</load_address>
         <run_address>0x58b0</run_address>
         <size>0x10</size>
      </object_component>
      <object_component id="oc-3d9">
         <name>.binit</name>
         <load_address>0x0</load_address>
         <run_address>0x0</run_address>
         <size>0x0</size>
      </object_component>
      <object_component id="oc-12b">
         <name>.data:heart_bit</name>
         <load_address>0x20000000</load_address>
         <run_address>0x20000000</run_address>
         <size>0x42a</size>
         <input_file_ref idref="fl-4"/>
      </object_component>
      <object_component id="oc-2eb">
         <name>.data:keypad_matrix</name>
         <load_address>0x2000042a</load_address>
         <run_address>0x2000042a</run_address>
         <size>0xc</size>
         <input_file_ref idref="fl-6"/>
      </object_component>
      <object_component id="oc-197">
         <name>.data</name>
         <load_address>0x2000043c</load_address>
         <run_address>0x2000043c</run_address>
         <size>0x4</size>
         <input_file_ref idref="fl-11"/>
      </object_component>
      <object_component id="oc-359">
         <name>.data</name>
         <load_address>0x20000438</load_address>
         <run_address>0x20000438</run_address>
         <size>0x4</size>
         <input_file_ref idref="fl-df"/>
      </object_component>
      <object_component id="oc-137">
         <name>.bss</name>
         <uninitialized>true</uninitialized>
         <run_address>0x200006b4</run_address>
         <size>0x4</size>
         <input_file_ref idref="fl-2"/>
      </object_component>
      <object_component id="oc-125">
         <name>.bss</name>
         <uninitialized>true</uninitialized>
         <run_address>0x200006c8</run_address>
         <size>0x6</size>
         <input_file_ref idref="fl-4"/>
      </object_component>
      <object_component id="oc-106">
         <name>.bss</name>
         <uninitialized>true</uninitialized>
         <run_address>0x200006f2</run_address>
         <size>0x1</size>
         <input_file_ref idref="fl-5"/>
      </object_component>
      <object_component id="oc-2ea">
         <name>.bss</name>
         <uninitialized>true</uninitialized>
         <run_address>0x200006f3</run_address>
         <size>0x1</size>
         <input_file_ref idref="fl-6"/>
      </object_component>
      <object_component id="oc-2e8">
         <name>.bss</name>
         <uninitialized>true</uninitialized>
         <run_address>0x200006ce</run_address>
         <size>0x6</size>
         <input_file_ref idref="fl-9"/>
      </object_component>
      <object_component id="oc-e2">
         <name>.bss</name>
         <uninitialized>true</uninitialized>
         <run_address>0x200006d4</run_address>
         <size>0x4</size>
         <input_file_ref idref="fl-a"/>
      </object_component>
      <object_component id="oc-134">
         <name>.bss</name>
         <uninitialized>true</uninitialized>
         <run_address>0x200006e8</run_address>
         <size>0x2</size>
         <input_file_ref idref="fl-b"/>
      </object_component>
      <object_component id="oc-12f">
         <name>.bss</name>
         <uninitialized>true</uninitialized>
         <run_address>0x200006d8</run_address>
         <size>0x4</size>
         <input_file_ref idref="fl-e"/>
      </object_component>
      <object_component id="oc-1e2">
         <name>.common:delay_time</name>
         <uninitialized>true</uninitialized>
         <run_address>0x200006dc</run_address>
         <size>0x4</size>
      </object_component>
      <object_component id="oc-d3">
         <name>.common:voltage_bit</name>
         <uninitialized>true</uninitialized>
         <run_address>0x200006f0</run_address>
         <size>0x2</size>
      </object_component>
      <object_component id="oc-127">
         <name>.common:_waveform</name>
         <uninitialized>true</uninitialized>
         <run_address>0x200006f5</run_address>
         <size>0x1</size>
      </object_component>
      <object_component id="oc-128">
         <name>.common:_DutyCycle</name>
         <uninitialized>true</uninitialized>
         <run_address>0x200006f4</run_address>
         <size>0x1</size>
      </object_component>
      <object_component id="oc-12a">
         <name>.common:sine_bit</name>
         <uninitialized>true</uninitialized>
         <run_address>0x20000440</run_address>
         <size>0x274</size>
      </object_component>
      <object_component id="oc-129">
         <name>.common:_CCR_bit</name>
         <uninitialized>true</uninitialized>
         <run_address>0x200006ea</run_address>
         <size>0x2</size>
      </object_component>
      <object_component id="oc-126">
         <name>.common:_freq</name>
         <uninitialized>true</uninitialized>
         <run_address>0x200006ec</run_address>
         <size>0x2</size>
      </object_component>
      <object_component id="oc-109">
         <name>.common:time_diff_str</name>
         <uninitialized>true</uninitialized>
         <run_address>0x200006c0</run_address>
         <size>0x8</size>
      </object_component>
      <object_component id="oc-105">
         <name>.common:time_P1</name>
         <uninitialized>true</uninitialized>
         <run_address>0x200006e4</run_address>
         <size>0x4</size>
      </object_component>
      <object_component id="oc-135">
         <name>.common:data</name>
         <uninitialized>true</uninitialized>
         <run_address>0x200006ee</run_address>
         <size>0x2</size>
      </object_component>
      <object_component id="oc-1e7">
         <name>.common:i</name>
         <uninitialized>true</uninitialized>
         <run_address>0x200006e0</run_address>
         <size>0x4</size>
      </object_component>
      <object_component id="oc-130">
         <name>.common:_millis</name>
         <uninitialized>true</uninitialized>
         <run_address>0x200006b8</run_address>
         <size>0x8</size>
      </object_component>
      <object_component id="oc-26">
         <name>.stack</name>
         <uninitialized>true</uninitialized>
         <run_address>0x2000fe00</run_address>
         <size>0x4</size>
         <input_file_ref idref="fl-de"/>
      </object_component>
      <object_component id="oc-408">
         <name>.stack</name>
         <uninitialized>true</uninitialized>
         <run_address>0x2000fe00</run_address>
         <size>0x0</size>
      </object_component>
      <object_component id="oc-217">
         <name>.debug_info</name>
         <load_address>0x0</load_address>
         <run_address>0x0</run_address>
         <size>0x520</size>
         <input_file_ref idref="fl-2"/>
      </object_component>
      <object_component id="oc-138">
         <name>.debug_info</name>
         <load_address>0x520</load_address>
         <run_address>0x520</run_address>
         <size>0xc6</size>
         <input_file_ref idref="fl-2"/>
      </object_component>
      <object_component id="oc-8c">
         <name>.debug_info</name>
         <load_address>0x5e6</load_address>
         <run_address>0x5e6</run_address>
         <size>0x199</size>
         <input_file_ref idref="fl-2"/>
      </object_component>
      <object_component id="oc-1aa">
         <name>.debug_info</name>
         <load_address>0x77f</load_address>
         <run_address>0x77f</run_address>
         <size>0x37e2</size>
         <input_file_ref idref="fl-2"/>
      </object_component>
      <object_component id="oc-1a3">
         <name>.debug_info</name>
         <load_address>0x3f61</load_address>
         <run_address>0x3f61</run_address>
         <size>0x1055</size>
         <input_file_ref idref="fl-2"/>
      </object_component>
      <object_component id="oc-13d">
         <name>.debug_info</name>
         <load_address>0x4fb6</load_address>
         <run_address>0x4fb6</run_address>
         <size>0x26b</size>
         <input_file_ref idref="fl-2"/>
      </object_component>
      <object_component id="oc-2f">
         <name>.debug_info</name>
         <load_address>0x5221</load_address>
         <run_address>0x5221</run_address>
         <size>0x84</size>
         <input_file_ref idref="fl-2"/>
      </object_component>
      <object_component id="oc-1eb">
         <name>.debug_info</name>
         <load_address>0x52a5</load_address>
         <run_address>0x52a5</run_address>
         <size>0x297</size>
         <input_file_ref idref="fl-2"/>
      </object_component>
      <object_component id="oc-10b">
         <name>.debug_info</name>
         <load_address>0x553c</load_address>
         <run_address>0x553c</run_address>
         <size>0xbb</size>
         <input_file_ref idref="fl-2"/>
      </object_component>
      <object_component id="oc-d4">
         <name>.debug_info</name>
         <load_address>0x55f7</load_address>
         <run_address>0x55f7</run_address>
         <size>0x944</size>
         <input_file_ref idref="fl-3"/>
      </object_component>
      <object_component id="oc-231">
         <name>.debug_info</name>
         <load_address>0x5f3b</load_address>
         <run_address>0x5f3b</run_address>
         <size>0xc9</size>
         <input_file_ref idref="fl-3"/>
      </object_component>
      <object_component id="oc-234">
         <name>.debug_info</name>
         <load_address>0x6004</load_address>
         <run_address>0x6004</run_address>
         <size>0xc9</size>
         <input_file_ref idref="fl-3"/>
      </object_component>
      <object_component id="oc-153">
         <name>.debug_info</name>
         <load_address>0x60cd</load_address>
         <run_address>0x60cd</run_address>
         <size>0xa11</size>
         <input_file_ref idref="fl-3"/>
      </object_component>
      <object_component id="oc-19e">
         <name>.debug_info</name>
         <load_address>0x6ade</load_address>
         <run_address>0x6ade</run_address>
         <size>0x37e2</size>
         <input_file_ref idref="fl-3"/>
      </object_component>
      <object_component id="oc-d6">
         <name>.debug_info</name>
         <load_address>0xa2c0</load_address>
         <run_address>0xa2c0</run_address>
         <size>0x69f</size>
         <input_file_ref idref="fl-4"/>
      </object_component>
      <object_component id="oc-12c">
         <name>.debug_info</name>
         <load_address>0xa95f</load_address>
         <run_address>0xa95f</run_address>
         <size>0xda</size>
         <input_file_ref idref="fl-4"/>
      </object_component>
      <object_component id="oc-77">
         <name>.debug_info</name>
         <load_address>0xaa39</load_address>
         <run_address>0xaa39</run_address>
         <size>0x2ef</size>
         <input_file_ref idref="fl-4"/>
      </object_component>
      <object_component id="oc-d8">
         <name>.debug_info</name>
         <load_address>0xad28</load_address>
         <run_address>0xad28</run_address>
         <size>0x68b</size>
         <input_file_ref idref="fl-5"/>
      </object_component>
      <object_component id="oc-107">
         <name>.debug_info</name>
         <load_address>0xb3b3</load_address>
         <run_address>0xb3b3</run_address>
         <size>0xbc</size>
         <input_file_ref idref="fl-5"/>
      </object_component>
      <object_component id="oc-73">
         <name>.debug_info</name>
         <load_address>0xb46f</load_address>
         <run_address>0xb46f</run_address>
         <size>0x329</size>
         <input_file_ref idref="fl-5"/>
      </object_component>
      <object_component id="oc-1e3">
         <name>.debug_info</name>
         <load_address>0xb798</load_address>
         <run_address>0xb798</run_address>
         <size>0x56b</size>
         <input_file_ref idref="fl-6"/>
      </object_component>
      <object_component id="oc-2ec">
         <name>.debug_info</name>
         <load_address>0xbd03</load_address>
         <run_address>0xbd03</run_address>
         <size>0xd6</size>
         <input_file_ref idref="fl-6"/>
      </object_component>
      <object_component id="oc-227">
         <name>.debug_info</name>
         <load_address>0xbdd9</load_address>
         <run_address>0xbdd9</run_address>
         <size>0x186</size>
         <input_file_ref idref="fl-6"/>
      </object_component>
      <object_component id="oc-1d6">
         <name>.debug_info</name>
         <load_address>0xbf5f</load_address>
         <run_address>0xbf5f</run_address>
         <size>0x56d</size>
         <input_file_ref idref="fl-7"/>
      </object_component>
      <object_component id="oc-fb">
         <name>.debug_info</name>
         <load_address>0xc4cc</load_address>
         <run_address>0xc4cc</run_address>
         <size>0x5c9</size>
         <input_file_ref idref="fl-7"/>
      </object_component>
      <object_component id="oc-22b">
         <name>.debug_info</name>
         <load_address>0xca95</load_address>
         <run_address>0xca95</run_address>
         <size>0x108</size>
         <input_file_ref idref="fl-8"/>
      </object_component>
      <object_component id="oc-da">
         <name>.debug_info</name>
         <load_address>0xcb9d</load_address>
         <run_address>0xcb9d</run_address>
         <size>0x547</size>
         <input_file_ref idref="fl-9"/>
      </object_component>
      <object_component id="oc-21f">
         <name>.debug_info</name>
         <load_address>0xd0e4</load_address>
         <run_address>0xd0e4</run_address>
         <size>0x243</size>
         <input_file_ref idref="fl-9"/>
      </object_component>
      <object_component id="oc-dc">
         <name>.debug_info</name>
         <load_address>0xd327</load_address>
         <run_address>0xd327</run_address>
         <size>0x5b8</size>
         <input_file_ref idref="fl-a"/>
      </object_component>
      <object_component id="oc-6b">
         <name>.debug_info</name>
         <load_address>0xd8df</load_address>
         <run_address>0xd8df</run_address>
         <size>0x199</size>
         <input_file_ref idref="fl-a"/>
      </object_component>
      <object_component id="oc-e0">
         <name>.debug_info</name>
         <load_address>0xda78</load_address>
         <run_address>0xda78</run_address>
         <size>0x5a4</size>
         <input_file_ref idref="fl-b"/>
      </object_component>
      <object_component id="oc-83">
         <name>.debug_info</name>
         <load_address>0xe01c</load_address>
         <run_address>0xe01c</run_address>
         <size>0x1f1</size>
         <input_file_ref idref="fl-b"/>
      </object_component>
      <object_component id="oc-1e5">
         <name>.debug_info</name>
         <load_address>0xe20d</load_address>
         <run_address>0xe20d</run_address>
         <size>0x563</size>
         <input_file_ref idref="fl-c"/>
      </object_component>
      <object_component id="oc-102">
         <name>.debug_info</name>
         <load_address>0xe770</load_address>
         <run_address>0xe770</run_address>
         <size>0x47d</size>
         <input_file_ref idref="fl-c"/>
      </object_component>
      <object_component id="oc-de">
         <name>.debug_info</name>
         <load_address>0xebed</load_address>
         <run_address>0xebed</run_address>
         <size>0x58d</size>
         <input_file_ref idref="fl-d"/>
      </object_component>
      <object_component id="oc-b5">
         <name>.debug_info</name>
         <load_address>0xf17a</load_address>
         <run_address>0xf17a</run_address>
         <size>0xff</size>
         <input_file_ref idref="fl-d"/>
      </object_component>
      <object_component id="oc-131">
         <name>.debug_info</name>
         <load_address>0xf279</load_address>
         <run_address>0xf279</run_address>
         <size>0x542</size>
         <input_file_ref idref="fl-e"/>
      </object_component>
      <object_component id="oc-7f">
         <name>.debug_info</name>
         <load_address>0xf7bb</load_address>
         <run_address>0xf7bb</run_address>
         <size>0x162</size>
         <input_file_ref idref="fl-e"/>
      </object_component>
      <object_component id="oc-ce">
         <name>.debug_info</name>
         <load_address>0xf91d</load_address>
         <run_address>0xf91d</run_address>
         <size>0x25e</size>
         <input_file_ref idref="fl-f"/>
      </object_component>
      <object_component id="oc-90">
         <name>.debug_info</name>
         <load_address>0xfb7b</load_address>
         <run_address>0xfb7b</run_address>
         <size>0x2c1</size>
         <input_file_ref idref="fl-10"/>
      </object_component>
      <object_component id="oc-24">
         <name>.debug_info</name>
         <load_address>0xfe3c</load_address>
         <run_address>0xfe3c</run_address>
         <size>0xed</size>
         <input_file_ref idref="fl-10"/>
      </object_component>
      <object_component id="oc-65">
         <name>.debug_info</name>
         <load_address>0xff29</load_address>
         <run_address>0xff29</run_address>
         <size>0x1b4</size>
         <input_file_ref idref="fl-10"/>
      </object_component>
      <object_component id="oc-198">
         <name>.debug_info</name>
         <load_address>0x100dd</load_address>
         <run_address>0x100dd</run_address>
         <size>0xe6</size>
         <input_file_ref idref="fl-11"/>
      </object_component>
      <object_component id="oc-c7">
         <name>.debug_info</name>
         <load_address>0x101c3</load_address>
         <run_address>0x101c3</run_address>
         <size>0x258</size>
         <input_file_ref idref="fl-11"/>
      </object_component>
      <object_component id="oc-1cf">
         <name>.debug_info</name>
         <load_address>0x1041b</load_address>
         <run_address>0x1041b</run_address>
         <size>0x334</size>
         <input_file_ref idref="fl-cb"/>
      </object_component>
      <object_component id="oc-f5">
         <name>.debug_info</name>
         <load_address>0x1074f</load_address>
         <run_address>0x1074f</run_address>
         <size>0x1d2</size>
         <input_file_ref idref="fl-cb"/>
      </object_component>
      <object_component id="oc-1c4">
         <name>.debug_info</name>
         <load_address>0x10921</load_address>
         <run_address>0x10921</run_address>
         <size>0x18e</size>
         <input_file_ref idref="fl-cb"/>
      </object_component>
      <object_component id="oc-1cb">
         <name>.debug_info</name>
         <load_address>0x10aaf</load_address>
         <run_address>0x10aaf</run_address>
         <size>0x16e</size>
         <input_file_ref idref="fl-cb"/>
      </object_component>
      <object_component id="oc-360">
         <name>.debug_info</name>
         <load_address>0x10c1d</load_address>
         <run_address>0x10c1d</run_address>
         <size>0x2c</size>
         <input_file_ref idref="fl-cb"/>
      </object_component>
      <object_component id="oc-2a5">
         <name>.debug_info</name>
         <load_address>0x10c49</load_address>
         <run_address>0x10c49</run_address>
         <size>0x4e</size>
         <input_file_ref idref="fl-cb"/>
      </object_component>
      <object_component id="oc-1d0">
         <name>.debug_info</name>
         <load_address>0x10c97</load_address>
         <run_address>0x10c97</run_address>
         <size>0x2c</size>
         <input_file_ref idref="fl-cb"/>
      </object_component>
      <object_component id="oc-2e6">
         <name>.debug_info</name>
         <load_address>0x10cc3</load_address>
         <run_address>0x10cc3</run_address>
         <size>0x364</size>
         <input_file_ref idref="fl-cc"/>
      </object_component>
      <object_component id="oc-2e3">
         <name>.debug_info</name>
         <load_address>0x11027</load_address>
         <run_address>0x11027</run_address>
         <size>0x129</size>
         <input_file_ref idref="fl-cc"/>
      </object_component>
      <object_component id="oc-219">
         <name>.debug_info</name>
         <load_address>0x11150</load_address>
         <run_address>0x11150</run_address>
         <size>0xbe0</size>
         <input_file_ref idref="fl-cc"/>
      </object_component>
      <object_component id="oc-2d5">
         <name>.debug_info</name>
         <load_address>0x11d30</load_address>
         <run_address>0x11d30</run_address>
         <size>0x46</size>
         <input_file_ref idref="fl-cc"/>
      </object_component>
      <object_component id="oc-20a">
         <name>.debug_info</name>
         <load_address>0x11d76</load_address>
         <run_address>0x11d76</run_address>
         <size>0x39</size>
         <input_file_ref idref="fl-cc"/>
      </object_component>
      <object_component id="oc-388">
         <name>.debug_info</name>
         <load_address>0x11daf</load_address>
         <run_address>0x11daf</run_address>
         <size>0x2cb</size>
         <input_file_ref idref="fl-cd"/>
      </object_component>
      <object_component id="oc-2de">
         <name>.debug_info</name>
         <load_address>0x1207a</load_address>
         <run_address>0x1207a</run_address>
         <size>0x24e</size>
         <input_file_ref idref="fl-cd"/>
      </object_component>
      <object_component id="oc-378">
         <name>.debug_info</name>
         <load_address>0x122c8</load_address>
         <run_address>0x122c8</run_address>
         <size>0x2fe</size>
         <input_file_ref idref="fl-ce"/>
      </object_component>
      <object_component id="oc-2b6">
         <name>.debug_info</name>
         <load_address>0x125c6</load_address>
         <run_address>0x125c6</run_address>
         <size>0x226</size>
         <input_file_ref idref="fl-ce"/>
      </object_component>
      <object_component id="oc-380">
         <name>.debug_info</name>
         <load_address>0x127ec</load_address>
         <run_address>0x127ec</run_address>
         <size>0x39</size>
         <input_file_ref idref="fl-ce"/>
      </object_component>
      <object_component id="oc-2cc">
         <name>.debug_info</name>
         <load_address>0x12825</load_address>
         <run_address>0x12825</run_address>
         <size>0x2c</size>
         <input_file_ref idref="fl-ce"/>
      </object_component>
      <object_component id="oc-209">
         <name>.debug_info</name>
         <load_address>0x12851</load_address>
         <run_address>0x12851</run_address>
         <size>0x367</size>
         <input_file_ref idref="fl-cf"/>
      </object_component>
      <object_component id="oc-116">
         <name>.debug_info</name>
         <load_address>0x12bb8</load_address>
         <run_address>0x12bb8</run_address>
         <size>0x797</size>
         <input_file_ref idref="fl-cf"/>
      </object_component>
      <object_component id="oc-122">
         <name>.debug_info</name>
         <load_address>0x1334f</load_address>
         <run_address>0x1334f</run_address>
         <size>0x14d</size>
         <input_file_ref idref="fl-d0"/>
      </object_component>
      <object_component id="oc-1fa">
         <name>.debug_info</name>
         <load_address>0x1349c</load_address>
         <run_address>0x1349c</run_address>
         <size>0x129</size>
         <input_file_ref idref="fl-d1"/>
      </object_component>
      <object_component id="oc-2c3">
         <name>.debug_info</name>
         <load_address>0x135c5</load_address>
         <run_address>0x135c5</run_address>
         <size>0x12b</size>
         <input_file_ref idref="fl-d1"/>
      </object_component>
      <object_component id="oc-ea">
         <name>.debug_info</name>
         <load_address>0x136f0</load_address>
         <run_address>0x136f0</run_address>
         <size>0x13b</size>
         <input_file_ref idref="fl-d2"/>
      </object_component>
      <object_component id="oc-11e">
         <name>.debug_info</name>
         <load_address>0x1382b</load_address>
         <run_address>0x1382b</run_address>
         <size>0x13b</size>
         <input_file_ref idref="fl-d3"/>
      </object_component>
      <object_component id="oc-f0">
         <name>.debug_info</name>
         <load_address>0x13966</load_address>
         <run_address>0x13966</run_address>
         <size>0x12f</size>
         <input_file_ref idref="fl-d4"/>
      </object_component>
      <object_component id="oc-1e0">
         <name>.debug_info</name>
         <load_address>0x13a95</load_address>
         <run_address>0x13a95</run_address>
         <size>0x13a</size>
         <input_file_ref idref="fl-d5"/>
      </object_component>
      <object_component id="oc-112">
         <name>.debug_info</name>
         <load_address>0x13bcf</load_address>
         <run_address>0x13bcf</run_address>
         <size>0x12d</size>
         <input_file_ref idref="fl-d6"/>
      </object_component>
      <object_component id="oc-e6">
         <name>.debug_info</name>
         <load_address>0x13cfc</load_address>
         <run_address>0x13cfc</run_address>
         <size>0x12d</size>
         <input_file_ref idref="fl-d7"/>
      </object_component>
      <object_component id="oc-36">
         <name>.debug_info</name>
         <load_address>0x13e29</load_address>
         <run_address>0x13e29</run_address>
         <size>0x11a</size>
         <input_file_ref idref="fl-d8"/>
      </object_component>
      <object_component id="oc-1d9">
         <name>.debug_info</name>
         <load_address>0x13f43</load_address>
         <run_address>0x13f43</run_address>
         <size>0x12f</size>
         <input_file_ref idref="fl-d9"/>
      </object_component>
      <object_component id="oc-a7">
         <name>.debug_info</name>
         <load_address>0x14072</load_address>
         <run_address>0x14072</run_address>
         <size>0x2d5</size>
         <input_file_ref idref="fl-da"/>
      </object_component>
      <object_component id="oc-42">
         <name>.debug_info</name>
         <load_address>0x14347</load_address>
         <run_address>0x14347</run_address>
         <size>0x1d3</size>
         <input_file_ref idref="fl-da"/>
      </object_component>
      <object_component id="oc-a2">
         <name>.debug_info</name>
         <load_address>0x1451a</load_address>
         <run_address>0x1451a</run_address>
         <size>0x46</size>
         <input_file_ref idref="fl-da"/>
      </object_component>
      <object_component id="oc-149">
         <name>.debug_info</name>
         <load_address>0x14560</load_address>
         <run_address>0x14560</run_address>
         <size>0x2c</size>
         <input_file_ref idref="fl-da"/>
      </object_component>
      <object_component id="oc-3f">
         <name>.debug_info</name>
         <load_address>0x1458c</load_address>
         <run_address>0x1458c</run_address>
         <size>0x2a9</size>
         <input_file_ref idref="fl-db"/>
      </object_component>
      <object_component id="oc-1b">
         <name>.debug_info</name>
         <load_address>0x14835</load_address>
         <run_address>0x14835</run_address>
         <size>0x1eb</size>
         <input_file_ref idref="fl-db"/>
      </object_component>
      <object_component id="oc-3a">
         <name>.debug_info</name>
         <load_address>0x14a20</load_address>
         <run_address>0x14a20</run_address>
         <size>0x46</size>
         <input_file_ref idref="fl-db"/>
      </object_component>
      <object_component id="oc-9a">
         <name>.debug_info</name>
         <load_address>0x14a66</load_address>
         <run_address>0x14a66</run_address>
         <size>0x2c</size>
         <input_file_ref idref="fl-db"/>
      </object_component>
      <object_component id="oc-98">
         <name>.debug_info</name>
         <load_address>0x14a92</load_address>
         <run_address>0x14a92</run_address>
         <size>0x29f</size>
         <input_file_ref idref="fl-dc"/>
      </object_component>
      <object_component id="oc-16">
         <name>.debug_info</name>
         <load_address>0x14d31</load_address>
         <run_address>0x14d31</run_address>
         <size>0x251</size>
         <input_file_ref idref="fl-dc"/>
      </object_component>
      <object_component id="oc-2a">
         <name>.debug_info</name>
         <load_address>0x14f82</load_address>
         <run_address>0x14f82</run_address>
         <size>0x60</size>
         <input_file_ref idref="fl-dc"/>
      </object_component>
      <object_component id="oc-142">
         <name>.debug_info</name>
         <load_address>0x14fe2</load_address>
         <run_address>0x14fe2</run_address>
         <size>0x46</size>
         <input_file_ref idref="fl-dc"/>
      </object_component>
      <object_component id="oc-93">
         <name>.debug_info</name>
         <load_address>0x15028</load_address>
         <run_address>0x15028</run_address>
         <size>0x39</size>
         <input_file_ref idref="fl-dc"/>
      </object_component>
      <object_component id="oc-2ca">
         <name>.debug_info</name>
         <load_address>0x15061</load_address>
         <run_address>0x15061</run_address>
         <size>0x3ab</size>
         <input_file_ref idref="fl-dd"/>
      </object_component>
      <object_component id="oc-2c7">
         <name>.debug_info</name>
         <load_address>0x1540c</load_address>
         <run_address>0x1540c</run_address>
         <size>0x13b</size>
         <input_file_ref idref="fl-dd"/>
      </object_component>
      <object_component id="oc-1ff">
         <name>.debug_info</name>
         <load_address>0x15547</load_address>
         <run_address>0x15547</run_address>
         <size>0x730</size>
         <input_file_ref idref="fl-dd"/>
      </object_component>
      <object_component id="oc-27">
         <name>.debug_info</name>
         <load_address>0x15c77</load_address>
         <run_address>0x15c77</run_address>
         <size>0x10c</size>
         <input_file_ref idref="fl-de"/>
      </object_component>
      <object_component id="oc-54">
         <name>.debug_info</name>
         <load_address>0x15d83</load_address>
         <run_address>0x15d83</run_address>
         <size>0x1aa</size>
         <input_file_ref idref="fl-de"/>
      </object_component>
      <object_component id="oc-35d">
         <name>.debug_info</name>
         <load_address>0x15f2d</load_address>
         <run_address>0x15f2d</run_address>
         <size>0x28a</size>
         <input_file_ref idref="fl-df"/>
      </object_component>
      <object_component id="oc-35a">
         <name>.debug_info</name>
         <load_address>0x161b7</load_address>
         <run_address>0x161b7</run_address>
         <size>0x10f</size>
         <input_file_ref idref="fl-df"/>
      </object_component>
      <object_component id="oc-291">
         <name>.debug_info</name>
         <load_address>0x162c6</load_address>
         <run_address>0x162c6</run_address>
         <size>0x14f</size>
         <input_file_ref idref="fl-df"/>
      </object_component>
      <object_component id="oc-373">
         <name>.debug_info</name>
         <load_address>0x16415</load_address>
         <run_address>0x16415</run_address>
         <size>0x162</size>
         <input_file_ref idref="fl-e0"/>
      </object_component>
      <object_component id="oc-296">
         <name>.debug_info</name>
         <load_address>0x16577</load_address>
         <run_address>0x16577</run_address>
         <size>0x57c</size>
         <input_file_ref idref="fl-e1"/>
      </object_component>
      <object_component id="oc-266">
         <name>.debug_info</name>
         <load_address>0x16af3</load_address>
         <run_address>0x16af3</run_address>
         <size>0x21f</size>
         <input_file_ref idref="fl-e1"/>
      </object_component>
      <object_component id="oc-329">
         <name>.debug_info</name>
         <load_address>0x16d12</load_address>
         <run_address>0x16d12</run_address>
         <size>0x1b4</size>
         <input_file_ref idref="fl-e1"/>
      </object_component>
      <object_component id="oc-32f">
         <name>.debug_info</name>
         <load_address>0x16ec6</load_address>
         <run_address>0x16ec6</run_address>
         <size>0x21c</size>
         <input_file_ref idref="fl-e1"/>
      </object_component>
      <object_component id="oc-26c">
         <name>.debug_info</name>
         <load_address>0x170e2</load_address>
         <run_address>0x170e2</run_address>
         <size>0x3bc</size>
         <input_file_ref idref="fl-e1"/>
      </object_component>
      <object_component id="oc-336">
         <name>.debug_info</name>
         <load_address>0x1749e</load_address>
         <run_address>0x1749e</run_address>
         <size>0x306</size>
         <input_file_ref idref="fl-e1"/>
      </object_component>
      <object_component id="oc-33c">
         <name>.debug_info</name>
         <load_address>0x177a4</load_address>
         <run_address>0x177a4</run_address>
         <size>0x216</size>
         <input_file_ref idref="fl-e1"/>
      </object_component>
      <object_component id="oc-272">
         <name>.debug_info</name>
         <load_address>0x179ba</load_address>
         <run_address>0x179ba</run_address>
         <size>0x216</size>
         <input_file_ref idref="fl-e1"/>
      </object_component>
      <object_component id="oc-278">
         <name>.debug_info</name>
         <load_address>0x17bd0</load_address>
         <run_address>0x17bd0</run_address>
         <size>0x305</size>
         <input_file_ref idref="fl-e1"/>
      </object_component>
      <object_component id="oc-27e">
         <name>.debug_info</name>
         <load_address>0x17ed5</load_address>
         <run_address>0x17ed5</run_address>
         <size>0x4b1</size>
         <input_file_ref idref="fl-e1"/>
      </object_component>
      <object_component id="oc-1bd">
         <name>.debug_info</name>
         <load_address>0x18386</load_address>
         <run_address>0x18386</run_address>
         <size>0x5f5</size>
         <input_file_ref idref="fl-e1"/>
      </object_component>
      <object_component id="oc-297">
         <name>.debug_info</name>
         <load_address>0x1897b</load_address>
         <run_address>0x1897b</run_address>
         <size>0x86</size>
         <input_file_ref idref="fl-e1"/>
      </object_component>
      <object_component id="oc-365">
         <name>.debug_info</name>
         <load_address>0x18a01</load_address>
         <run_address>0x18a01</run_address>
         <size>0x39</size>
         <input_file_ref idref="fl-e1"/>
      </object_component>
      <object_component id="oc-3c2">
         <name>.debug_info</name>
         <load_address>0x18a3a</load_address>
         <run_address>0x18a3a</run_address>
         <size>0xb6</size>
         <input_file_ref idref="fl-e1"/>
      </object_component>
      <object_component id="oc-36a">
         <name>.debug_info</name>
         <load_address>0x18af0</load_address>
         <run_address>0x18af0</run_address>
         <size>0x46</size>
         <input_file_ref idref="fl-e1"/>
      </object_component>
      <object_component id="oc-29c">
         <name>.debug_info</name>
         <load_address>0x18b36</load_address>
         <run_address>0x18b36</run_address>
         <size>0x46</size>
         <input_file_ref idref="fl-e1"/>
      </object_component>
      <object_component id="oc-2d2">
         <name>.debug_info</name>
         <load_address>0x18b7c</load_address>
         <run_address>0x18b7c</run_address>
         <size>0x28e</size>
         <input_file_ref idref="fl-e2"/>
      </object_component>
      <object_component id="oc-206">
         <name>.debug_info</name>
         <load_address>0x18e0a</load_address>
         <run_address>0x18e0a</run_address>
         <size>0x328</size>
         <input_file_ref idref="fl-e2"/>
      </object_component>
      <object_component id="oc-2b3">
         <name>.debug_info</name>
         <load_address>0x19132</load_address>
         <run_address>0x19132</run_address>
         <size>0x293</size>
         <input_file_ref idref="fl-e3"/>
      </object_component>
      <object_component id="oc-1f5">
         <name>.debug_info</name>
         <load_address>0x193c5</load_address>
         <run_address>0x193c5</run_address>
         <size>0x381</size>
         <input_file_ref idref="fl-e3"/>
      </object_component>
      <object_component id="oc-37a">
         <name>.debug_info</name>
         <load_address>0x19746</load_address>
         <run_address>0x19746</run_address>
         <size>0x290</size>
         <input_file_ref idref="fl-e4"/>
      </object_component>
      <object_component id="oc-2be">
         <name>.debug_info</name>
         <load_address>0x199d6</load_address>
         <run_address>0x199d6</run_address>
         <size>0x22b</size>
         <input_file_ref idref="fl-e4"/>
      </object_component>
      <object_component id="oc-3b2">
         <name>.debug_info</name>
         <load_address>0x19c01</load_address>
         <run_address>0x19c01</run_address>
         <size>0x29b</size>
         <input_file_ref idref="fl-e5"/>
      </object_component>
      <object_component id="oc-346">
         <name>.debug_info</name>
         <load_address>0x19e9c</load_address>
         <run_address>0x19e9c</run_address>
         <size>0x196</size>
         <input_file_ref idref="fl-e5"/>
      </object_component>
      <object_component id="oc-31d">
         <name>.debug_info</name>
         <load_address>0x1a032</load_address>
         <run_address>0x1a032</run_address>
         <size>0x135</size>
         <input_file_ref idref="fl-e6"/>
      </object_component>
      <object_component id="oc-aa">
         <name>.debug_info</name>
         <load_address>0x1a167</load_address>
         <run_address>0x1a167</run_address>
         <size>0x148</size>
         <input_file_ref idref="fl-e7"/>
      </object_component>
      <object_component id="oc-242">
         <name>.debug_info</name>
         <load_address>0x1a2af</load_address>
         <run_address>0x1a2af</run_address>
         <size>0x4b4</size>
         <input_file_ref idref="fl-e8"/>
      </object_component>
      <object_component id="oc-167">
         <name>.debug_info</name>
         <load_address>0x1a763</load_address>
         <run_address>0x1a763</run_address>
         <size>0x1a7</size>
         <input_file_ref idref="fl-e8"/>
      </object_component>
      <object_component id="oc-304">
         <name>.debug_info</name>
         <load_address>0x1a90a</load_address>
         <run_address>0x1a90a</run_address>
         <size>0x39</size>
         <input_file_ref idref="fl-e8"/>
      </object_component>
      <object_component id="oc-392">
         <name>.debug_info</name>
         <load_address>0x1a943</load_address>
         <run_address>0x1a943</run_address>
         <size>0x39</size>
         <input_file_ref idref="fl-e8"/>
      </object_component>
      <object_component id="oc-309">
         <name>.debug_info</name>
         <load_address>0x1a97c</load_address>
         <run_address>0x1a97c</run_address>
         <size>0x39</size>
         <input_file_ref idref="fl-e8"/>
      </object_component>
      <object_component id="oc-30e">
         <name>.debug_info</name>
         <load_address>0x1a9b5</load_address>
         <run_address>0x1a9b5</run_address>
         <size>0xcd</size>
         <input_file_ref idref="fl-e8"/>
      </object_component>
      <object_component id="oc-b2">
         <name>.debug_info</name>
         <load_address>0x1aa82</load_address>
         <run_address>0x1aa82</run_address>
         <size>0x154</size>
         <input_file_ref idref="fl-e9"/>
      </object_component>
      <object_component id="oc-15d">
         <name>.debug_info</name>
         <load_address>0x1abd6</load_address>
         <run_address>0x1abd6</run_address>
         <size>0x123</size>
         <input_file_ref idref="fl-eb"/>
      </object_component>
      <object_component id="oc-31b">
         <name>.debug_info</name>
         <load_address>0x1acf9</load_address>
         <run_address>0x1acf9</run_address>
         <size>0x2ba</size>
         <input_file_ref idref="fl-ee"/>
      </object_component>
      <object_component id="oc-261">
         <name>.debug_info</name>
         <load_address>0x1afb3</load_address>
         <run_address>0x1afb3</run_address>
         <size>0x17d</size>
         <input_file_ref idref="fl-ee"/>
      </object_component>
      <object_component id="oc-3a2">
         <name>.debug_info</name>
         <load_address>0x1b130</load_address>
         <run_address>0x1b130</run_address>
         <size>0xfa</size>
         <input_file_ref idref="fl-ef"/>
      </object_component>
      <object_component id="oc-318">
         <name>.debug_info</name>
         <load_address>0x1b22a</load_address>
         <run_address>0x1b22a</run_address>
         <size>0x106</size>
         <input_file_ref idref="fl-ef"/>
      </object_component>
      <object_component id="oc-3ac">
         <name>.debug_info</name>
         <load_address>0x1b330</load_address>
         <run_address>0x1b330</run_address>
         <size>0x29c</size>
         <input_file_ref idref="fl-f0"/>
      </object_component>
      <object_component id="oc-326">
         <name>.debug_info</name>
         <load_address>0x1b5cc</load_address>
         <run_address>0x1b5cc</run_address>
         <size>0x1ce</size>
         <input_file_ref idref="fl-f0"/>
      </object_component>
      <object_component id="oc-351">
         <name>.debug_info</name>
         <load_address>0x1b79a</load_address>
         <run_address>0x1b79a</run_address>
         <size>0x297</size>
         <input_file_ref idref="fl-f1"/>
      </object_component>
      <object_component id="oc-285">
         <name>.debug_info</name>
         <load_address>0x1ba31</load_address>
         <run_address>0x1ba31</run_address>
         <size>0x1b7</size>
         <input_file_ref idref="fl-f1"/>
      </object_component>
      <object_component id="oc-3b4">
         <name>.debug_info</name>
         <load_address>0x1bbe8</load_address>
         <run_address>0x1bbe8</run_address>
         <size>0x29b</size>
         <input_file_ref idref="fl-f2"/>
      </object_component>
      <object_component id="oc-34a">
         <name>.debug_info</name>
         <load_address>0x1be83</load_address>
         <run_address>0x1be83</run_address>
         <size>0x263</size>
         <input_file_ref idref="fl-f2"/>
      </object_component>
      <object_component id="oc-316">
         <name>.debug_info</name>
         <load_address>0x1c0e6</load_address>
         <run_address>0x1c0e6</run_address>
         <size>0x290</size>
         <input_file_ref idref="fl-f3"/>
      </object_component>
      <object_component id="oc-25a">
         <name>.debug_info</name>
         <load_address>0x1c376</load_address>
         <run_address>0x1c376</run_address>
         <size>0x246</size>
         <input_file_ref idref="fl-f3"/>
      </object_component>
      <object_component id="oc-358">
         <name>.debug_info</name>
         <load_address>0x1c5bc</load_address>
         <run_address>0x1c5bc</run_address>
         <size>0x290</size>
         <input_file_ref idref="fl-f4"/>
      </object_component>
      <object_component id="oc-28a">
         <name>.debug_info</name>
         <load_address>0x1c84c</load_address>
         <run_address>0x1c84c</run_address>
         <size>0x15b</size>
         <input_file_ref idref="fl-f4"/>
      </object_component>
      <object_component id="oc-3b7">
         <name>.debug_info</name>
         <load_address>0x1c9a7</load_address>
         <run_address>0x1c9a7</run_address>
         <size>0x46</size>
         <input_file_ref idref="fl-f4"/>
      </object_component>
      <object_component id="oc-353">
         <name>.debug_info</name>
         <load_address>0x1c9ed</load_address>
         <run_address>0x1c9ed</run_address>
         <size>0x39</size>
         <input_file_ref idref="fl-f4"/>
      </object_component>
      <object_component id="oc-3a6">
         <name>.debug_info</name>
         <load_address>0x1ca26</load_address>
         <run_address>0x1ca26</run_address>
         <size>0x116</size>
         <input_file_ref idref="fl-f5"/>
      </object_component>
      <object_component id="oc-409">
         <name>.debug_info</name>
         <load_address>0x1cb3c</load_address>
         <run_address>0x1cb3c</run_address>
[...]
      </symbol>
      <symbol id="sm-23d">
         <name>return_DAC_value</name>
         <value>0x4463</value>
         <object_component_ref idref="oc-82"/>
      </symbol>
      <symbol id="sm-26e">
         <name>i</name>
         <value>0x200006e0</value>
      </symbol>
      <symbol id="sm-26f">
         <name>delay_us</name>
         <value>0x360f</value>
         <object_component_ref idref="oc-ff"/>
      </symbol>
      <symbol id="sm-270">
         <name>delay_s</name>
         <value>0x35e9</value>
         <object_component_ref idref="oc-ff"/>
      </symbol>
      <symbol id="sm-271">
         <name>run_delay_us</name>
         <value>0x3625</value>
         <object_component_ref idref="oc-ff"/>
      </symbol>
      <symbol id="sm-272">
         <name>set_delay</name>
         <value>0x3645</value>
         <object_component_ref idref="oc-ff"/>
      </symbol>
      <symbol id="sm-273">
         <name>delay_ms</name>
         <value>0x35fd</value>
         <object_component_ref idref="oc-ff"/>
      </symbol>
      <symbol id="sm-281">
         <name>main</name>
         <value>0x51a5</value>
         <object_component_ref idref="oc-b4"/>
      </symbol>
      <symbol id="sm-2a6">
         <name>_millis</name>
         <value>0x200006b8</value>
      </symbol>
      <symbol id="sm-2a7">
         <name>millis</name>
         <value>0x4199</value>
         <object_component_ref idref="oc-7c"/>
      </symbol>
      <symbol id="sm-2a8">
         <name>TA3_0_IRQHandler</name>
         <value>0x4259</value>
         <object_component_ref idref="oc-7c"/>
      </symbol>
      <symbol id="sm-2c4">
         <name>set_Vcore</name>
         <value>0x46e9</value>
         <object_component_ref idref="oc-cd"/>
      </symbol>
      <symbol id="sm-2c5">
         <name>set_flash_controller</name>
         <value>0x4701</value>
         <object_component_ref idref="oc-cd"/>
      </symbol>
      <symbol id="sm-2c6">
         <name>MCLK_out</name>
         <value>0x46c9</value>
         <object_component_ref idref="oc-cd"/>
      </symbol>
      <symbol id="sm-2c7">
         <name>set_DCO</name>
         <value>0x4681</value>
         <object_component_ref idref="oc-cd"/>
      </symbol>
      <symbol id="sm-2dc">
         <name>Reset_Handler</name>
         <value>0x5183</value>
         <object_component_ref idref="oc-64"/>
      </symbol>
      <symbol id="sm-2dd">
         <name>Default_Handler</name>
         <value>0x518f</value>
         <object_component_ref idref="oc-64"/>
      </symbol>
      <symbol id="sm-2de">
         <name>interruptVectors</name>
         <value>0x0</value>
         <object_component_ref idref="oc-23"/>
      </symbol>
      <symbol id="sm-326">
         <name>SystemInit</name>
         <value>0x28d1</value>
         <object_component_ref idref="oc-c6"/>
      </symbol>
      <symbol id="sm-327">
         <name>SystemCoreClockUpdate</name>
         <value>0x2659</value>
         <object_component_ref idref="oc-c6"/>
      </symbol>
      <symbol id="sm-328">
         <name>SystemCoreClock</name>
         <value>0x2000043c</value>
         <object_component_ref idref="oc-197"/>
      </symbol>
      <symbol id="sm-359">
         <name>sprintf</name>
         <value>0x4f95</value>
         <object_component_ref idref="oc-f3"/>
      </symbol>
      <symbol id="sm-3f0">
         <name>pow</name>
         <value>0xb35</value>
         <object_component_ref idref="oc-218"/>
      </symbol>
      <symbol id="sm-3f1">
         <name>powl</name>
         <value>0xb35</value>
         <object_component_ref idref="oc-218"/>
      </symbol>
      <symbol id="sm-413">
         <name>sqrtl</name>
         <value>0x3a69</value>
         <object_component_ref idref="oc-2dc"/>
      </symbol>
      <symbol id="sm-414">
         <name>sqrt</name>
         <value>0x3a69</value>
         <object_component_ref idref="oc-2dc"/>
      </symbol>
      <symbol id="sm-43b">
         <name>scalbn</name>
         <value>0x4089</value>
         <object_component_ref idref="oc-2b5"/>
      </symbol>
      <symbol id="sm-43c">
         <name>scalbnl</name>
         <value>0x4089</value>
         <object_component_ref idref="oc-2b5"/>
      </symbol>
      <symbol id="sm-43d">
         <name>ldexpl</name>
         <value>0x4089</value>
         <object_component_ref idref="oc-2b5"/>
      </symbol>
      <symbol id="sm-43e">
         <name>ldexp</name>
         <value>0x4089</value>
         <object_component_ref idref="oc-2b5"/>
      </symbol>
      <symbol id="sm-48a">
         <name>sin</name>
         <value>0x1c2d</value>
         <object_component_ref idref="oc-115"/>
      </symbol>
      <symbol id="sm-48b">
         <name>sinl</name>
         <value>0x1c2d</value>
         <object_component_ref idref="oc-115"/>
      </symbol>
      <symbol id="sm-4a2">
         <name>__aeabi_dsub</name>
         <value>0x3285</value>
         <object_component_ref idref="oc-120"/>
      </symbol>
      <symbol id="sm-4a3">
         <name>__aeabi_dadd</name>
         <value>0x328f</value>
         <object_component_ref idref="oc-120"/>
      </symbol>
      <symbol id="sm-4c5">
         <name>__aeabi_cdcmpeq</name>
         <value>0x4a65</value>
         <object_component_ref idref="oc-1f7"/>
      </symbol>
      <symbol id="sm-4c6">
         <name>__aeabi_cdcmple</name>
         <value>0x4a65</value>
         <object_component_ref idref="oc-1f7"/>
      </symbol>
      <symbol id="sm-4c7">
         <name>__aeabi_cdrcmple</name>
         <value>0x4aeb</value>
         <object_component_ref idref="oc-2c1"/>
      </symbol>
      <symbol id="sm-4db">
         <name>__aeabi_ddiv</name>
         <value>0x3cfd</value>
         <object_component_ref idref="oc-e9"/>
      </symbol>
      <symbol id="sm-4e6">
         <name>__aeabi_dmul</name>
         <value>0x42a5</value>
         <object_component_ref idref="oc-11b"/>
      </symbol>
      <symbol id="sm-4f0">
         <name>__aeabi_d2iz</name>
         <value>0x4ec5</value>
         <object_component_ref idref="oc-ee"/>
      </symbol>
      <symbol id="sm-4fa">
         <name>__aeabi_d2uiz</name>
         <value>0x4f51</value>
         <object_component_ref idref="oc-1dd"/>
      </symbol>
      <symbol id="sm-505">
         <name>__aeabi_f2d</name>
         <value>0x5013</value>
         <object_component_ref idref="oc-110"/>
      </symbol>
      <symbol id="sm-50f">
         <name>__aeabi_i2d</name>
         <value>0x5081</value>
         <object_component_ref idref="oc-e4"/>
      </symbol>
      <symbol id="sm-52a">
         <name>memcpy</name>
         <value>0x4803</value>
         <object_component_ref idref="oc-34"/>
      </symbol>
      <symbol id="sm-52b">
         <name>__aeabi_memcpy</name>
         <value>0x4803</value>
         <object_component_ref idref="oc-34"/>
      </symbol>
      <symbol id="sm-52c">
         <name>__aeabi_memcpy8</name>
         <value>0x4803</value>
         <object_component_ref idref="oc-34"/>
      </symbol>
      <symbol id="sm-52d">
         <name>__aeabi_memcpy4</name>
         <value>0x4803</value>
         <object_component_ref idref="oc-34"/>
      </symbol>
      <symbol id="sm-537">
         <name>__aeabi_ui2d</name>
         <value>0x50af</value>
         <object_component_ref idref="oc-1d8"/>
      </symbol>
      <symbol id="sm-550">
         <name>__TI_zero_init_nomemset</name>
         <value>0x50cf</value>
         <object_component_ref idref="oc-40"/>
      </symbol>
      <symbol id="sm-567">
         <name>__TI_decompress_none</name>
         <value>0x5175</value>
         <object_component_ref idref="oc-1a"/>
      </symbol>
      <symbol id="sm-58a">
         <name>__TI_decompress_lzss</name>
         <value>0x4c59</value>
         <object_component_ref idref="oc-14"/>
      </symbol>
      <symbol id="sm-5f0">
         <name>__kernel_rem_pio2</name>
         <value>0x14f5</value>
         <object_component_ref idref="oc-1fc"/>
      </symbol>
      <symbol id="sm-603">
         <name>__stack</name>
         <value>0x2000fe00</value>
         <object_component_ref idref="oc-26"/>
      </symbol>
      <symbol id="sm-604">
         <name>_c_int00_noargs</name>
         <value>0x504d</value>
         <object_component_ref idref="oc-52"/>
      </symbol>
      <symbol id="sm-61a">
         <name>__aeabi_errno_addr</name>
         <value>0x519d</value>
         <object_component_ref idref="oc-28f"/>
      </symbol>
      <symbol id="sm-61b">
         <name>errno</name>
         <value>0x20000438</value>
         <object_component_ref idref="oc-359"/>
      </symbol>
      <symbol id="sm-625">
         <name>copysign</name>
         <value>0x5107</value>
         <object_component_ref idref="oc-371"/>
      </symbol>
      <symbol id="sm-626">
         <name>copysignl</name>
         <value>0x5107</value>
         <object_component_ref idref="oc-371"/>
      </symbol>
      <symbol id="sm-78b">
         <name>__TI_printfi</name>
         <value>0xe5</value>
         <object_component_ref idref="oc-1bc"/>
      </symbol>
      <symbol id="sm-7a1">
         <name>__kernel_cos</name>
         <value>0x38fd</value>
         <object_component_ref idref="oc-202"/>
      </symbol>
      <symbol id="sm-7b8">
         <name>__kernel_sin</name>
         <value>0x3789</value>
         <object_component_ref idref="oc-1f1"/>
      </symbol>
      <symbol id="sm-7d5">
         <name>floorl</name>
         <value>0x4499</value>
         <object_component_ref idref="oc-2bb"/>
      </symbol>
      <symbol id="sm-7d6">
         <name>floor</name>
         <value>0x4499</value>
         <object_component_ref idref="oc-2bb"/>
      </symbol>
      <symbol id="sm-7ec">
         <name>frexpl</name>
         <value>0x4cc1</value>
         <object_component_ref idref="oc-343"/>
      </symbol>
      <symbol id="sm-7ed">
         <name>frexp</name>
         <value>0x4cc1</value>
         <object_component_ref idref="oc-343"/>
      </symbol>
      <symbol id="sm-7fa">
         <name>__aeabi_uldivmod</name>
         <value>0x4939</value>
         <object_component_ref idref="oc-31c"/>
      </symbol>
      <symbol id="sm-809">
         <name>__aeabi_memset</name>
         <value>0x4b73</value>
         <object_component_ref idref="oc-a8"/>
      </symbol>
      <symbol id="sm-80a">
         <name>memset</name>
         <value>0x4b79</value>
         <object_component_ref idref="oc-a8"/>
      </symbol>
      <symbol id="sm-80b">
         <name>__aeabi_memset8</name>
         <value>0x4b73</value>
         <object_component_ref idref="oc-a8"/>
      </symbol>
      <symbol id="sm-80c">
         <name>__aeabi_memset4</name>
         <value>0x4b73</value>
         <object_component_ref idref="oc-a8"/>
      </symbol>
      <symbol id="sm-80d">
         <name>__aeabi_memclr8</name>
         <value>0x4b71</value>
         <object_component_ref idref="oc-a8"/>
      </symbol>
      <symbol id="sm-80e">
         <name>__aeabi_memclr4</name>
         <value>0x4b71</value>
         <object_component_ref idref="oc-a8"/>
      </symbol>
      <symbol id="sm-80f">
         <name>__aeabi_memclr</name>
         <value>0x4b71</value>
         <object_component_ref idref="oc-a8"/>
      </symbol>
      <symbol id="sm-837">
         <name>__TI_auto_init_nobinit_nopinit</name>
         <value>0x4f0d</value>
         <object_component_ref idref="oc-165"/>
      </symbol>
      <symbol id="sm-841">
         <name>_system_pre_init</name>
         <value>0x51ad</value>
         <object_component_ref idref="oc-ae"/>
      </symbol>
      <symbol id="sm-84d">
         <name>C$$EXIT</name>
         <value>0x51b1</value>
         <object_component_ref idref="oc-159"/>
      </symbol>
      <symbol id="sm-84e">
         <name>abort</name>
         <value>0x51b1</value>
         <object_component_ref idref="oc-159"/>
      </symbol>
      <symbol id="sm-866">
         <name>atoi</name>
         <value>0x4e79</value>
         <object_component_ref idref="oc-25f"/>
      </symbol>
      <symbol id="sm-871">
         <name>_ctypes_</name>
         <value>0x5310</value>
         <object_component_ref idref="oc-317"/>
      </symbol>
      <symbol id="sm-880">
         <name>ltoa</name>
         <value>0x4dd3</value>
         <object_component_ref idref="oc-322"/>
      </symbol>
      <symbol id="sm-890">
         <name>memccpy</name>
         <value>0x50eb</value>
         <object_component_ref idref="oc-283"/>
      </symbol>
      <symbol id="sm-8a0">
         <name>strchr</name>
         <value>0x5139</value>
         <object_component_ref idref="oc-349"/>
      </symbol>
      <symbol id="sm-8ae">
         <name>strlen</name>
         <value>0x514f</value>
         <object_component_ref idref="oc-259"/>
      </symbol>
      <symbol id="sm-8c7">
         <name>wcslen</name>
         <value>0x5163</value>
         <object_component_ref idref="oc-289"/>
      </symbol>
      <symbol id="sm-8d1">
         <name>__aeabi_idiv0</name>
         <value>0xb33</value>
         <object_component_ref idref="oc-3a5"/>
      </symbol>
      <symbol id="sm-8d2">
         <name>__aeabi_ldiv0</name>
         <value>0xb33</value>
         <object_component_ref idref="oc-3a5"/>
      </symbol>
      <symbol id="sm-8d3">
         <name>__TI_static_base__</name>
         <value>0x0</value>
      </symbol>
      <symbol id="sm-8d6">
         <name>__mpu_init</name>
         <value>0x0</value>
      </symbol>
      <symbol id="sm-8d7">
         <name>_system_post_cinit</name>
         <value>0x0</value>
      </symbol>
      <symbol id="sm-8d8">
         <name>NMI_Handler</name>
         <value>0x518f</value>
      </symbol>
      <symbol id="sm-8d9">
         <name>HardFault_Handler</name>
         <value>0x518f</value>
      </symbol>
      <symbol id="sm-8da">
         <name>MemManage_Handler</name>
         <value>0x518f</value>
      </symbol>
      <symbol id="sm-8db">
         <name>BusFault_Handler</name>
         <value>0x518f</value>
      </symbol>
      <symbol id="sm-8dc">
         <name>UsageFault_Handler</name>
         <value>0x518f</value>
      </symbol>
      <symbol id="sm-8dd">
         <name>SVC_Handler</name>
         <value>0x518f</value>
      </symbol>
      <symbol id="sm-8de">
         <name>DebugMon_Handler</name>
         <value>0x518f</value>
      </symbol>
      <symbol id="sm-8df">
         <name>PendSV_Handler</name>
         <value>0x518f</value>
      </symbol>
      <symbol id="sm-8e0">
         <name>SysTick_Handler</name>
         <value>0x518f</value>
      </symbol>
      <symbol id="sm-8e1">
         <name>PSS_IRQHandler</name>
         <value>0x518f</value>
      </symbol>
      <symbol id="sm-8e2">
         <name>CS_IRQHandler</name>
         <value>0x518f</value>
      </symbol>
      <symbol id="sm-8e3">
         <name>PCM_IRQHandler</name>
         <value>0x518f</value>
      </symbol>
      <symbol id="sm-8e4">
         <name>WDT_A_IRQHandler</name>
         <value>0x518f</value>
      </symbol>
      <symbol id="sm-8e5">
         <name>FPU_IRQHandler</name>
         <value>0x518f</value>
      </symbol>
      <symbol id="sm-8e6">
         <name>FLCTL_IRQHandler</name>
         <value>0x518f</value>
      </symbol>
      <symbol id="sm-8e7">
         <name>COMP_E0_IRQHandler</name>
         <value>0x518f</value>
      </symbol>
      <symbol id="sm-8e8">
         <name>COMP_E1_IRQHandler</name>
         <value>0x518f</value>
      </symbol>
      <symbol id="sm-8e9">
         <name>TA0_0_IRQHandler</name>
         <value>0x48cd</value>
      </symbol>
      <symbol id="sm-8ea">
         <name>TA0_N_IRQHandler</name>
         <value>0x3569</value>
      </symbol>
      <symbol id="sm-8eb">
         <name>TA1_0_IRQHandler</name>
         <value>0x2b05</value>
      </symbol>
      <symbol id="sm-8ec">
         <name>TA1_N_IRQHandler</name>
         <value>0x518f</value>
      </symbol>
      <symbol id="sm-8ed">
         <name>TA2_0_IRQHandler</name>
         <value>0x518f</value>
      </symbol>
      <symbol id="sm-8ee">
         <name>TA2_N_IRQHandler</name>
         <value>0x518f</value>
      </symbol>
      <symbol id="sm-8ef">
         <name>TA3_0_IRQHandler</name>
         <value>0x4259</value>
      </symbol>
      <symbol id="sm-8f0">
         <name>TA3_N_IRQHandler</name>
         <value>0x518f</value>
      </symbol>
      <symbol id="sm-8f1">
         <name>EUSCIA0_IRQHandler</name>
         <value>0x43f5</value>
      </symbol>
      <symbol id="sm-8f2">
         <name>EUSCIA1_IRQHandler</name>
         <value>0x518f</value>
      </symbol>
      <symbol id="sm-8f3">
         <name>EUSCIA2_IRQHandler</name>
         <value>0x518f</value>
      </symbol>
      <symbol id="sm-8f4">
         <name>EUSCIA3_IRQHandler</name>
         <value>0x518f</value>
      </symbol>
      <symbol id="sm-8f5">
         <name>EUSCIB0_IRQHandler</name>
         <value>0x518f</value>
      </symbol>
      <symbol id="sm-8f6">
         <name>EUSCIB1_IRQHandler</name>
         <value>0x518f</value>
      </symbol>
      <symbol id="sm-8f7">
         <name>EUSCIB2_IRQHandler</name>
         <value>0x518f</value>
      </symbol>
      <symbol id="sm-8f8">
         <name>EUSCIB3_IRQHandler</name>
         <value>0x518f</value>
      </symbol>
      <symbol id="sm-8f9">
         <name>ADC14_IRQHandler</name>
         <value>0x4a27</value>
      </symbol>
      <symbol id="sm-8fa">
         <name>T32_INT1_IRQHandler</name>
         <value>0x518f</value>
      </symbol>
      <symbol id="sm-8fb">
         <name>T32_INT2_IRQHandler</name>
         <value>0x518f</value>
      </symbol>
      <symbol id="sm-8fc">
         <name>T32_INTC_IRQHandler</name>
         <value>0x518f</value>
      </symbol>
      <symbol id="sm-8fd">
         <name>AES256_IRQHandler</name>
         <value>0x518f</value>
      </symbol>
      <symbol id="sm-8fe">
         <name>RTC_C_IRQHandler</name>
         <value>0x518f</value>
      </symbol>
      <symbol id="sm-8ff">
         <name>DMA_ERR_IRQHandler</name>
         <value>0x518f</value>
      </symbol>
      <symbol id="sm-900">
         <name>DMA_INT3_IRQHandler</name>
         <value>0x518f</value>
      </symbol>
      <symbol id="sm-901">
         <name>DMA_INT2_IRQHandler</name>
         <value>0x518f</value>
      </symbol>
      <symbol id="sm-902">
         <name>DMA_INT1_IRQHandler</name>
         <value>0x518f</value>
      </symbol>
      <symbol id="sm-903">
         <name>DMA_INT0_IRQHandler</name>
         <value>0x518f</value>
      </symbol>
      <symbol id="sm-904">
         <name>PORT1_IRQHandler</name>
         <value>0x34cd</value>
      </symbol>
      <symbol id="sm-905">
         <name>PORT2_IRQHandler</name>
         <value>0x518f</value>
      </symbol>
      <symbol id="sm-906">
         <name>PORT3_IRQHandler</name>
         <value>0x518f</value>
      </symbol>
      <symbol id="sm-907">
         <name>PORT4_IRQHandler</name>
         <value>0x518f</value>
      </symbol>
      <symbol id="sm-908">
         <name>PORT5_IRQHandler</name>
         <value>0x518f</value>
      </symbol>
      <symbol id="sm-909">
         <name>PORT6_IRQHandler</name>
         <value>0x518f</value>
      </symbol>
   </symbol_table>
   <title>Link successful</title>
</link_info>
