******************************************************************************
                  TI ARM Linker PC v18.12.2                    
******************************************************************************
>> Linked Mon Sep 30 13:02:23 2019

OUTPUT FILE NAME:   <CPE329.out>
ENTRY POINT SYMBOL: "_c_int00_noargs"  address: 00000d5d


MEMORY CONFIGURATION

         name            origin    length      used     unused   attr    fill
----------------------  --------  ---------  --------  --------  ----  --------
  MAIN                  00000000   00040000  00000e40  0003f1c0  R  X
  INFO                  00200000   00004000  00000000  00004000  R  X
  SRAM_CODE             01000000   00010000  00000218  0000fde8  RW X
  SRAM_DATA             20000000   00010000  00000218  0000fde8  RW  


SEGMENT ALLOCATION MAP

run origin  load origin   length   init length attrs members
----------  ----------- ---------- ----------- ----- -------
00000000    00000000    00000e40   00000e40    r-x
  00000000    00000000    000000e4   000000e4    r-- .intvecs
  000000e4    000000e4    00000d14   00000d14    r-x .text
  00000df8    00000df8    00000008   00000008    r-- .const
  00000e00    00000e00    00000040   00000040    r-- .cinit
20000000    20000000    00000018   00000000    rw-
  20000000    20000000    00000010   00000000    rw- .data
  20000010    20000010    00000008   00000000    rw- .bss
2000fe00    2000fe00    00000200   00000000    rw-
  2000fe00    2000fe00    00000200   00000000    rw- .stack


SECTION ALLOCATION MAP

 output                                  attributes/
section   page    origin      length       input sections
--------  ----  ----------  ----------   ----------------
.intvecs   0    00000000    000000e4     
                  00000000    000000e4     startup_msp432p401r_ccs.obj (.intvecs:retain)

.text      0    000000e4    00000d14     
                  000000e4    00000334     system_msp432p401r.obj (.text)
                  00000418    00000208     LCD.obj (.text)
                  00000620    000001a0     delay_us.obj (.text)
                  000007c0    00000110     CPE329.obj (.text)
                  000008d0    000000fc     rtsv7M4_T_le_v4SPD16_eabi.lib : fd_mul_t2.asm.obj (.text)
                  000009cc    000000f8     Keypad.obj (.text)
                  00000ac4    000000d0     set_DCO.obj (.text)
                  00000b94    0000009c     rtsv7M4_T_le_v4SPD16_eabi.lib : memcpy_t2.asm.obj (.text)
                  00000c30    00000068                                   : copy_decompress_lzss.c.obj (.text:decompress:lzss:__TI_decompress_lzss)
                  00000c98    00000044                                   : autoinit.c.obj (.text:__TI_auto_init_nobinit_nopinit:__TI_auto_init_nobinit_nopinit)
                  00000cdc    00000044                                   : fd_tou_t2.asm.obj (.text)
                  00000d20    0000003c     LED_blinky.obj (.text)
                  00000d5c    00000034     rtsv7M4_T_le_v4SPD16_eabi.lib : boot_cortex_m.c.obj (.text:_c_int00_noargs:_c_int00_noargs)
                  00000d90    00000020                                   : u_tofd_t2.asm.obj (.text)
                  00000db0    0000001c                                   : copy_zero_init.c.obj (.text:decompress:ZI:__TI_zero_init_nomemset:__TI_zero_init_nomemset)
                  00000dcc    0000000e                                   : copy_decompress_none.c.obj (.text:decompress:none:__TI_decompress_none)
                  00000dda    0000000e     startup_msp432p401r_ccs.obj (.text)
                  00000de8    00000008     main.obj (.text)
                  00000df0    00000004     rtsv7M4_T_le_v4SPD16_eabi.lib : pre_init.c.obj (.text:_system_pre_init)
                  00000df4    00000004                                   : exit.c.obj (.text:abort:abort)

.const     0    00000df8    00000008     
                  00000df8    00000005     CPE329.obj (.const:.string:$P$T1$2)
                  00000dfd    00000003     CPE329.obj (.const:.string:$P$T0$1)

.cinit     0    00000e00    00000040     
                  00000e00    00000016     (.cinit..data.load) [load image, compression = lzss]
                  00000e16    00000002     --HOLE-- [fill = 0]
                  00000e18    0000000c     (__TI_handler_table)
                  00000e24    00000004     --HOLE-- [fill = 0]
                  00000e28    00000008     (.cinit..bss.load) [load image, compression = zero_init]
                  00000e30    00000010     (__TI_cinit_table)

.init_array 
*          0    00000000    00000000     UNINITIALIZED

.binit     0    00000000    00000000     

.data      0    20000000    00000010     UNINITIALIZED
                  20000000    0000000c     Keypad.obj (.data:keypad_matrix)
                  2000000c    00000004     system_msp432p401r.obj (.data)

.bss       0    20000010    00000008     UNINITIALIZED
                  20000010    00000004     (.common:delay_time)
                  20000014    00000004     (.common:i)

.stack     0    2000fe00    00000200     UNINITIALIZED
                  2000fe00    00000004     rtsv7M4_T_le_v4SPD16_eabi.lib : boot_cortex_m.c.obj (.stack)
                  2000fe04    000001fc     --HOLE--

MODULE SUMMARY

       Module                        code   ro data   rw data
       ------                        ----   -------   -------
    .\
       system_msp432p401r.obj        820    0         8      
       LCD.obj                       520    0         0      
       delay_us.obj                  416    0         8      
       CPE329.obj                    272    8         8      
       Keypad.obj                    248    0         24     
       startup_msp432p401r_ccs.obj   14     228       0      
       set_DCO.obj                   208    0         0      
       LED_blinky.obj                60     0         0      
       main.obj                      8      0         0      
    +--+-----------------------------+------+---------+---------+
       Total:                        2566   236       48     
                                                             
    C:\ti\ccs910\ccs\tools\compiler\ti-cgt-arm_18.12.2.LTS\lib\rtsv7M4_T_le_v4SPD16_eabi.lib
       fd_mul_t2.asm.obj             252    0         0      
       memcpy_t2.asm.obj             156    0         0      
       copy_decompress_lzss.c.obj    104    0         0      
       autoinit.c.obj                68     0         0      
       fd_tou_t2.asm.obj             68     0         0      
       boot_cortex_m.c.obj           52     0         0      
       u_tofd_t2.asm.obj             32     0         0      
       copy_zero_init.c.obj          28     0         0      
       copy_decompress_none.c.obj    14     0         0      
       exit.c.obj                    4      0         0      
       pre_init.c.obj                4      0         0      
    +--+-----------------------------+------+---------+---------+
       Total:                        782    0         0      
                                                             
       Stack:                        0      0         1024   
       Linker Generated:             0      58        0      
    +--+-----------------------------+------+---------+---------+
       Grand Total:                  3348   294       1072   


LINKER GENERATED COPY TABLES

__TI_cinit_table @ 00000e30 records: 2, size/record: 8, table size: 16
	.data: load addr=00000e00, load size=00000016 bytes, run addr=20000000, run size=00000010 bytes, compression=lzss
	.bss: load addr=00000e28, load size=00000008 bytes, run addr=20000010, run size=00000008 bytes, compression=zero_init


LINKER GENERATED HANDLER TABLE

__TI_handler_table @ 00000e18 records: 3, size/record: 4, table size: 12
	index: 0, handler: __TI_decompress_lzss
	index: 1, handler: __TI_decompress_none
	index: 2, handler: __TI_zero_init


GLOBAL SYMBOLS: SORTED ALPHABETICALLY BY Name 

address   name                          
-------   ----                          
00000de7  ADC14_IRQHandler              
00000de7  AES256_IRQHandler             
00000817  Assignment_2                  
000007f7  Assignment_3                  
000007c1  Assignment_4                  
00000de7  BusFault_Handler              
00000df5  C$$EXIT                       
00000de7  COMP_E0_IRQHandler            
00000de7  COMP_E1_IRQHandler            
00000de7  CS_IRQHandler                 
00000419  Clear_LCD                     
00000de7  DMA_ERR_IRQHandler            
00000de7  DMA_INT0_IRQHandler           
00000de7  DMA_INT1_IRQHandler           
00000de7  DMA_INT2_IRQHandler           
00000de7  DMA_INT3_IRQHandler           
00000de7  DebugMon_Handler              
00000de7  Default_Handler               
00000de7  EUSCIA0_IRQHandler            
00000de7  EUSCIA1_IRQHandler            
00000de7  EUSCIA2_IRQHandler            
00000de7  EUSCIA3_IRQHandler            
00000de7  EUSCIB0_IRQHandler            
00000de7  EUSCIB1_IRQHandler            
00000de7  EUSCIB2_IRQHandler            
00000de7  EUSCIB3_IRQHandler            
00000de7  FLCTL_IRQHandler              
00000de7  FPU_IRQHandler                
00000de7  HardFault_Handler             
0000042b  Home_LCD                      
00000a87  Init_KEYPAD                   
0000051f  Init_LCD                      
0000084d  Japanese_LCD_GIF              
00000d21  LED_SETUP                     
00000b0d  MCLK_out                      
00000de7  MemManage_Handler             
00000de7  NMI_Handler                   
00000de7  PCM_IRQHandler                
00000de7  PORT1_IRQHandler              
00000de7  PORT2_IRQHandler              
00000de7  PORT3_IRQHandler              
00000de7  PORT4_IRQHandler              
00000de7  PORT5_IRQHandler              
00000de7  PORT6_IRQHandler              
00000de7  PSS_IRQHandler                
00000de7  PendSV_Handler                
00000de7  RTC_C_IRQHandler              
00000ddb  Reset_Handler                 
00000de7  SVC_Handler                   
00000de7  SysTick_Handler               
2000000c  SystemCoreClock               
000000e5  SystemCoreClockUpdate         
0000035d  SystemInit                    
00000de7  T32_INT1_IRQHandler           
00000de7  T32_INT2_IRQHandler           
00000de7  T32_INTC_IRQHandler           
00000de7  TA0_0_IRQHandler              
00000de7  TA0_N_IRQHandler              
00000de7  TA1_0_IRQHandler              
00000de7  TA1_N_IRQHandler              
00000de7  TA2_0_IRQHandler              
00000de7  TA2_N_IRQHandler              
00000de7  TA3_0_IRQHandler              
00000de7  TA3_N_IRQHandler              
00000de7  UsageFault_Handler            
4000480c  WDTCTL_SYM                    
00000de7  WDT_A_IRQHandler              
000004a5  Write_char_LCD                
000004d1  Write_string_LCD              
20010000  __STACK_END                   
00000200  __STACK_SIZE                  
00000e30  __TI_CINIT_Base               
00000e40  __TI_CINIT_Limit              
00000e18  __TI_Handler_Table_Base       
00000e24  __TI_Handler_Table_Limit      
00000c99  __TI_auto_init_nobinit_nopinit
00000c31  __TI_decompress_lzss          
00000dcd  __TI_decompress_none          
ffffffff  __TI_pprof_out_hndl           
ffffffff  __TI_prof_data_size           
ffffffff  __TI_prof_data_start          
00000000  __TI_static_base__            
00000db1  __TI_zero_init_nomemset       
00000cdd  __aeabi_d2uiz                 
000008d1  __aeabi_dmul                  
00000b95  __aeabi_memcpy                
00000b95  __aeabi_memcpy4               
00000b95  __aeabi_memcpy8               
00000d91  __aeabi_ui2d                  
ffffffff  __binit__                     
ffffffff  __c_args__                    
UNDEFED   __mpu_init                    
2000fe00  __stack                       
00000d5d  _c_int00_noargs               
UNDEFED   _system_post_cinit            
00000df1  _system_pre_init              
00000df5  abort                         
ffffffff  binit                         
000004ef  check_busy                    
0000043d  command                       
00000635  delay_ms                      
00000621  delay_s                       
20000010  delay_time                    
00000647  delay_us                      
20000014  i                             
00000000  interruptVectors              
20000000  keypad_matrix                 
00000de9  main                          
00000b95  memcpy                        
00000469  read_trigger                  
0000065d  run_delay_us                  
000009cd  scan_key                      
00000ac5  set_DCO                       
00000b2d  set_Vcore                     
000005bf  set_cursor                    
0000067d  set_delay                     
00000b45  set_flash_controller          
00000487  write_trigger                 


GLOBAL SYMBOLS: SORTED BY Symbol Address 

address   name                          
-------   ----                          
00000000  __TI_static_base__            
00000000  interruptVectors              
000000e5  SystemCoreClockUpdate         
00000200  __STACK_SIZE                  
0000035d  SystemInit                    
00000419  Clear_LCD                     
0000042b  Home_LCD                      
0000043d  command                       
00000469  read_trigger                  
00000487  write_trigger                 
000004a5  Write_char_LCD                
000004d1  Write_string_LCD              
000004ef  check_busy                    
0000051f  Init_LCD                      
000005bf  set_cursor                    
00000621  delay_s                       
00000635  delay_ms                      
00000647  delay_us                      
0000065d  run_delay_us                  
0000067d  set_delay                     
000007c1  Assignment_4                  
000007f7  Assignment_3                  
00000817  Assignment_2                  
0000084d  Japanese_LCD_GIF              
000008d1  __aeabi_dmul                  
000009cd  scan_key                      
00000a87  Init_KEYPAD                   
00000ac5  set_DCO                       
00000b0d  MCLK_out                      
00000b2d  set_Vcore                     
00000b45  set_flash_controller          
00000b95  __aeabi_memcpy                
00000b95  __aeabi_memcpy4               
00000b95  __aeabi_memcpy8               
00000b95  memcpy                        
00000c31  __TI_decompress_lzss          
00000c99  __TI_auto_init_nobinit_nopinit
00000cdd  __aeabi_d2uiz                 
00000d21  LED_SETUP                     
00000d5d  _c_int00_noargs               
00000d91  __aeabi_ui2d                  
00000db1  __TI_zero_init_nomemset       
00000dcd  __TI_decompress_none          
00000ddb  Reset_Handler                 
00000de7  ADC14_IRQHandler              
00000de7  AES256_IRQHandler             
00000de7  BusFault_Handler              
00000de7  COMP_E0_IRQHandler            
00000de7  COMP_E1_IRQHandler            
00000de7  CS_IRQHandler                 
00000de7  DMA_ERR_IRQHandler            
00000de7  DMA_INT0_IRQHandler           
00000de7  DMA_INT1_IRQHandler           
00000de7  DMA_INT2_IRQHandler           
00000de7  DMA_INT3_IRQHandler           
00000de7  DebugMon_Handler              
00000de7  Default_Handler               
00000de7  EUSCIA0_IRQHandler            
00000de7  EUSCIA1_IRQHandler            
00000de7  EUSCIA2_IRQHandler            
00000de7  EUSCIA3_IRQHandler            
00000de7  EUSCIB0_IRQHandler            
00000de7  EUSCIB1_IRQHandler            
00000de7  EUSCIB2_IRQHandler            
00000de7  EUSCIB3_IRQHandler            
00000de7  FLCTL_IRQHandler              
00000de7  FPU_IRQHandler                
00000de7  HardFault_Handler             
00000de7  MemManage_Handler             
00000de7  NMI_Handler                   
00000de7  PCM_IRQHandler                
00000de7  PORT1_IRQHandler              
00000de7  PORT2_IRQHandler              
00000de7  PORT3_IRQHandler              
00000de7  PORT4_IRQHandler              
00000de7  PORT5_IRQHandler              
00000de7  PORT6_IRQHandler              
00000de7  PSS_IRQHandler                
00000de7  PendSV_Handler                
00000de7  RTC_C_IRQHandler              
00000de7  SVC_Handler                   
00000de7  SysTick_Handler               
00000de7  T32_INT1_IRQHandler           
00000de7  T32_INT2_IRQHandler           
00000de7  T32_INTC_IRQHandler           
00000de7  TA0_0_IRQHandler              
00000de7  TA0_N_IRQHandler              
00000de7  TA1_0_IRQHandler              
00000de7  TA1_N_IRQHandler              
00000de7  TA2_0_IRQHandler              
00000de7  TA2_N_IRQHandler              
00000de7  TA3_0_IRQHandler              
00000de7  TA3_N_IRQHandler              
00000de7  UsageFault_Handler            
00000de7  WDT_A_IRQHandler              
00000de9  main                          
00000df1  _system_pre_init              
00000df5  C$$EXIT                       
00000df5  abort                         
00000e18  __TI_Handler_Table_Base       
00000e24  __TI_Handler_Table_Limit      
00000e30  __TI_CINIT_Base               
00000e40  __TI_CINIT_Limit              
20000000  keypad_matrix                 
2000000c  SystemCoreClock               
20000010  delay_time                    
20000014  i                             
2000fe00  __stack                       
20010000  __STACK_END                   
4000480c  WDTCTL_SYM                    
ffffffff  __TI_pprof_out_hndl           
ffffffff  __TI_prof_data_size           
ffffffff  __TI_prof_data_start          
ffffffff  __binit__                     
ffffffff  __c_args__                    
ffffffff  binit                         
UNDEFED   __mpu_init                    
UNDEFED   _system_post_cinit            

[118 symbols]
